Could not open IAU catalog: data/IAU-CSN.json
Could not open star names database: data/common_star_names.csv
Loaded 23 stars from embedded database
Loaded star names from embedded database
Loaded Gaia SQLite DR3 catalog: /Users/michelebigi/.catalog/crossreference/gaia_dr3_occult_pro.db
Loaded Gaia SQLite DR3 catalog: "/Users/michelebigi/.catalog/crossreference/gaia_dr3_occult_pro.db"
ITALOccultCalc v1.0 [Native API Workflow]
--- BUILD DATE: Jan 17 2026 13:21:19 ---

=== ITALOccultCalc DEBUG BUILD ===

📄 Loading configuration from: verify_1272.json
DEBUG: output config read - A4='', IOccult='ioccult_card_1272.png'
Target: 1272 (1272)
Window: 61052 -> 61054
SPICESPKReader: Loaded /Users/michelebigi/.ioccultcalc/ephemerides/de440.bsp
Ephemeris loaded.
[Phase1CandidateScreening] Constructor started.
✓ DE441 loaded (Native Reader): /Users/michelebigi/.ioccultcalc/ephemerides/de441_part-2.bsp
[Phase1CandidateScreening] Constructor finished.
[Phase2OccultationGeometry] Constructor started.
[AstDynWrapper] Constructor started.
  - Creating PlanetaryEphemeris...
  - Initializing propagator...
  - Creating RKF78Integrator...
  - Creating Propagator object...
    [Propagator] Constructor entry (include_asteroids=1).
    [Propagator] Creating AsteroidPerturbations...
    [Propagator] Constructor exit.
  - Propagator object created.
[AstDynWrapper] Constructor finished.
[Phase2OccultationGeometry] Constructor finished.
Loading asteroid 1272...
[AsteroidSqliteDatabase] Successfully opened /Users/michelebigi/.ioccultcalc/database/asteroids.db
[DEBUG-PERT] lapco entry (alpha=0.535911)
[DEBUG-PERT] lapco entry (alpha=0.535911)
[DEBUG-PERT] Initial Laplace coefficients computed.
[DEBUG-PERT] lapco entry (alpha=0.2918)
[DEBUG-PERT] lapco entry (alpha=0.2918)
[DEBUG-PERT] Initial Laplace coefficients computed.
[DEBUG-PERT] lapco entry (alpha=0.145076)
[DEBUG-PERT] lapco entry (alpha=0.145076)
[DEBUG-PERT] Initial Laplace coefficients computed.
[DEBUG-PERT] lapco entry (alpha=0.0925967)
[DEBUG-PERT] lapco entry (alpha=0.0925967)
[DEBUG-PERT] Initial Laplace coefficients computed.
[DEBUG-PERT] lapco entry (alpha=0.535911)
[DEBUG-PERT] lapco entry (alpha=0.535911)
[DEBUG-PERT] Initial Laplace coefficients computed.
[DEBUG-PERT] lapco entry (alpha=0.2918)
[DEBUG-PERT] lapco entry (alpha=0.2918)
[DEBUG-PERT] Initial Laplace coefficients computed.
[DEBUG-PERT] lapco entry (alpha=0.145076)
[DEBUG-PERT] lapco entry (alpha=0.145076)
[DEBUG-PERT] Initial Laplace coefficients computed.
[DEBUG-PERT] lapco entry (alpha=0.0925967)
[DEBUG-PERT] lapco entry (alpha=0.0925967)
[DEBUG-PERT] Initial Laplace coefficients computed.
[AstDynWrapper:0x10b7810b8] setKeplerianElements: asteroid=Gefion state set to INITIALIZED.
[AstDynWrapper]   Processing Frame: ECLIPTIC
  - Creating RKF78Integrator...
  - Creating Propagator object...
    [Propagator] Constructor entry (include_asteroids=1).
    [Propagator] Creating AsteroidPerturbations...
    [Propagator] Constructor exit.
  - Propagator object created.
[Phase2OccultationGeometry] setSPKReader called. Forwarding to wrapper=0x10b7810b8
Phase 1: Screening stars in 2 deg corridor...
[PHASE1] Starting native screening for 1272 (MJD 61052 to 61054)...
    [Propagator] Constructor entry (include_asteroids=0).
    [Propagator] Constructor exit.
[PHASE1] Path start: RA=123.086 Dec=25.1161
[PHASE1] Path end:   RA=122.591 Dec=25.1574
[PHASE1] Querying Gaia catalog with 49 ICRF points...
Optimized Corridor: 49 points -> 1 query cones.
[PHASE1] Screening complete. Found 18 candidates (1620 stars in corridor).
Found 18 candidates (1620 stars initially in corridor).

Phase 2: Calculating precise geometry...

[OccultationEngine] 🔄 Refining orbit for 1272 with last 100 observations...
[MPCClient] Downloading observations from AstDyS: https://newton.spacedys.com/~astdys2/mpcobs/numbered/1/1272.rwo
[MPCClient] Parsing RWO with native library parser...
[MPCClient] Successfully loaded 3725 observations from RWO.
Debug Rotation:
 Orig: i=8.42335 O=321.276 w=4.9865
 Eq:   i=17.6277 O=197.614 w=129.731
 Back: i=8.42335 O=321.276 w=4.9865
[AstDynOrbitFitter] Feeding 100 obs to OrbitFitAPI.
   Time Range: MJD 60712.2 to 60953.6
   Initial Element Epoch: 61000
[OrbitFitAPI] Loading OrbFit elements from /tmp/ioc_fit_init.eq1...
   Initial Context: ECLIPTIC/SUN/MEAN
   Target Context:  EQUATORIAL/SUN/OSCULATING
   Initial Orbit (Ecliptic): a=2.78813 e=0.150823 i=17.6277deg
   Initial Orbit (Transformed Equatorial): i=8.42335deg
[OrbitFitAPI] Loading observations from /tmp/ioc_fit_obs.rwo...
RWOReader Debug: Line too short (9 < 150)
RWOReader Debug: Line 1 parseLine failed.
RWOReader Debug: Line too short (17 < 150)
RWOReader Debug: Line 2 parseLine failed.
RWOReader Debug: Line too short (13 < 150)
RWOReader Debug: Line 3 parseLine failed.
RWOReader Debug: Line too short (14 < 150)
RWOReader Debug: Line 4 parseLine failed.
RWOReader Debug: Total lines 104. Total obs 100
   Loaded 100 observations
    [Propagator] Constructor entry (include_asteroids=0).
    [Propagator] Constructor exit.
    [Propagator] Constructor entry (include_asteroids=0).
    [Propagator] Constructor exit.

Initial orbit set:
  Epoch: 61000.000000 MJD TDB
  a = 2.788128 AU
  e = 0.150823
  i = 8.423346 deg

Initial orbit set:
  Epoch: 60779.895245 MJD TDB
  a = 2.786905 AU
  e = 0.150533
  i = 8.442290 deg
[OrbitFitAPI] Running differential correction...

=== Differential Correction ===
Observations: 100
Max iterations: 10
Convergence threshold: 0.000001

========================================
Differential Corrections
========================================
Observations: 100
Max iterations: 10
Convergence: 0.000001 AU

Iter  1: RMS = 157396.352 arcsec, ||Δx|| = 5.71e+00 AU, Outliers(10.0σ) = 0
Iter  2: RMS = 0.000 arcsec, ||Δx|| = 2.37e+02 AU, Outliers(10.0σ) = 100
Iter  3: RMS = 0.000 arcsec, ||Δx|| = 2.38e+05 AU, Outliers(10.0σ) = 100
Iter  4: RMS = 0.000 arcsec, ||Δx|| = 2.59e+11 AU, Outliers(10.0σ) = 100
Iter  5: RMS = 0.000 arcsec, ||Δx|| = 7.62e+12 AU, Outliers(10.0σ) = 100
Iter  6: RMS = 0.000 arcsec, ||Δx|| = 1.03e+13 AU, Outliers(10.0σ) = 100
Iter  7: RMS = 0.000 arcsec, ||Δx|| = 3.58e+13 AU, Outliers(10.0σ) = 100
Iter  8: RMS = 0.000 arcsec, ||Δx|| = 5.81e+13 AU, Outliers(10.0σ) = 100
Iter  9: RMS = 0.000 arcsec, ||Δx|| = 3.00e+14 AU, Outliers(10.0σ) = 100
Iter 10: RMS = 0.000 arcsec, ||Δx|| = 1.49e+15 AU, Outliers(10.0σ) = 100
DC Debug: Loop finished. Converged=0 Iter=10
✗ NOT CONVERGED
========================================


=== Final Orbit ===
Epoch:    60779.895245 MJD TDB
a:        -0.000000000 AU
e:        241818529560190058410732045103665766304055296.000000000
i:        40.159979 deg
Ω:        162.868989 deg
ω:        95.593136 deg
M:        nan deg
Period:   [AstDynOrbitFitter] run_fit returned: success=0 msg='Period undefined for non-elliptic orbit' n_obs=1 n_out=4098
[OccultationEngine] Fit completed. Observations used: 0/0. RMS=0.000 arcsec.
[OccultationEngine] ❌ Fit rejected (poor RMS or few obs). Keeping original orbit.
[PHASE2] calculatePreciseGeometry using AstDynWrapper:0x10b7810b8
✓ DE441 loaded (Native Reader): /Users/michelebigi/.ioccultcalc/ephemerides/de441_part-2.bsp
    [Propagator] Constructor entry (include_asteroids=1).
    [Propagator] Creating AsteroidPerturbations...
    [Propagator] Constructor exit.
[PHASE2] Entering calculateShadowDetails for star 681067227714680448
[DEBUG] intersect A=0.000 B=-0.016 C=2573891747.241 Disc=-0.000
[DEBUG] intersect A=0.000 B=-0.016 C=2573890914.139 Disc=-0.000
[DEBUG] intersect A=0.000 B=-0.016 C=2573890081.126 Disc=-0.000
[DEBUG] intersect A=0.000 B=-0.016 C=2573889248.201 Disc=-0.000
[DEBUG] intersect A=0.000 B=-0.016 C=2573888415.364 Disc=-0.000
[DEBUG] intersect A=0.000 B=-0.016 C=2573887582.615 Disc=-0.000
[DEBUG] intersect A=0.000 B=-0.016 C=2573886749.954 Disc=-0.000
[DEBUG] intersect A=0.000 B=-0.016 C=2573885917.382 Disc=-0.000
[DEBUG] intersect A=0.000 B=-0.016 C=2573885084.898 Disc=-0.000
[DEBUG] intersect A=0.000 B=-0.016 C=2573884252.502 Disc=-0.000
[DEBUG] CA Asteroid ICRF: -158359940482.272, 246212651976.270, 137409647633.424 [m]
[DEBUG] CA Asteroid ITRF: -155044876331.267, -248313566013.133, 137409647633.424 [m]
[DEBUG] Star Dir ITRF:    -0.480, -0.768, 0.424
[DEBUG] intersect A=0.000 B=-0.016 C=2573883420.194 Disc=-0.000
[DEBUG] intersect A=0.000 B=-0.016 C=2573882587.973 Disc=-0.000
[DEBUG] intersect A=0.000 B=-0.016 C=2573881755.841 Disc=-0.000
[DEBUG] intersect A=0.000 B=-0.016 C=2573880923.798 Disc=-0.000
[DEBUG] intersect A=0.000 B=-0.016 C=2573880091.843 Disc=-0.000
[DEBUG] intersect A=0.000 B=-0.016 C=2573879259.976 Disc=-0.000
[DEBUG] intersect A=0.000 B=-0.016 C=2573878428.197 Disc=-0.000
[DEBUG] intersect A=0.000 B=-0.016 C=2573877596.507 Disc=-0.000
[DEBUG] intersect A=0.000 B=-0.016 C=2573876764.904 Disc=-0.000
[DEBUG] intersect A=0.000 B=-0.016 C=2573875933.390 Disc=-0.000
[DEBUG] intersect A=0.000 B=-0.016 C=2573875101.964 Disc=-0.000
[PHASE2] Entering calculateShadowDetails for star 681069461097680768
[DEBUG] intersect A=0.000 B=-0.016 C=2572508126.103 Disc=-0.000
[DEBUG] intersect A=0.000 B=-0.016 C=2572507455.408 Disc=-0.000
[DEBUG] intersect A=0.000 B=-0.016 C=2572506784.802 Disc=-0.000
[DEBUG] intersect A=0.000 B=-0.016 C=2572506114.285 Disc=-0.000
[DEBUG] intersect A=0.000 B=-0.016 C=2572505443.855 Disc=-0.000
[DEBUG] intersect A=0.000 B=-0.016 C=2572504773.515 Disc=-0.000
[DEBUG] intersect A=0.000 B=-0.016 C=2572504103.262 Disc=-0.000
[DEBUG] intersect A=0.000 B=-0.016 C=2572503433.098 Disc=-0.000
[DEBUG] intersect A=0.000 B=-0.016 C=2572502763.022 Disc=-0.000
[DEBUG] intersect A=0.000 B=-0.016 C=2572502093.035 Disc=-0.000
[DEBUG] CA Asteroid ICRF: -157618092638.147, 246558272263.604, 137438109788.815 [m]
[DEBUG] CA Asteroid ITRF: 290306097510.251, 36834962968.206, 137438109788.815 [m]
[DEBUG] Star Dir ITRF:    0.898, 0.113, 0.424
[DEBUG] intersect A=0.000 B=-0.016 C=2572501423.135 Disc=-0.000
[DEBUG] intersect A=0.000 B=-0.016 C=2572500753.325 Disc=-0.000
[DEBUG] intersect A=0.000 B=-0.016 C=2572500083.602 Disc=-0.000
[DEBUG] intersect A=0.000 B=-0.016 C=2572499413.968 Disc=-0.000
[DEBUG] intersect A=0.000 B=-0.016 C=2572498744.422 Disc=-0.000
[DEBUG] intersect A=0.000 B=-0.016 C=2572498074.964 Disc=-0.000
[DEBUG] intersect A=0.000 B=-0.016 C=2572497405.595 Disc=-0.000
[DEBUG] intersect A=0.000 B=-0.016 C=2572496736.314 Disc=-0.000
[DEBUG] intersect A=0.000 B=-0.016 C=2572496067.122 Disc=-0.000
[DEBUG] intersect A=0.000 B=-0.016 C=2572495398.018 Disc=-0.000
[DEBUG] intersect A=0.000 B=-0.016 C=2572494729.002 Disc=-0.000
[PHASE2] Entering calculateShadowDetails for star 681081864963159680
[DEBUG] intersect A=0.000 B=-0.016 C=2572508126.103 Disc=-0.000
[DEBUG] intersect A=0.000 B=-0.016 C=2572507455.408 Disc=-0.000
[DEBUG] intersect A=0.000 B=-0.016 C=2572506784.802 Disc=-0.000
[DEBUG] intersect A=0.000 B=-0.016 C=2572506114.285 Disc=-0.000
[DEBUG] intersect A=0.000 B=-0.016 C=2572505443.855 Disc=-0.000
[DEBUG] intersect A=0.000 B=-0.016 C=2572504773.515 Disc=-0.000
[DEBUG] intersect A=0.000 B=-0.016 C=2572504103.262 Disc=-0.000
[DEBUG] intersect A=0.000 B=-0.016 C=2572503433.098 Disc=-0.000
[DEBUG] intersect A=0.000 B=-0.016 C=2572502763.022 Disc=-0.000
[DEBUG] intersect A=0.000 B=-0.016 C=2572502093.035 Disc=-0.000
[DEBUG] CA Asteroid ICRF: -157618092638.147, 246558272263.604, 137438109788.815 [m]
[DEBUG] CA Asteroid ITRF: 290306097510.251, 36834962968.206, 137438109788.815 [m]
[DEBUG] Star Dir ITRF:    0.898, 0.113, 0.425
[DEBUG] intersect A=0.000 B=-0.016 C=2572501423.135 Disc=-0.000
[DEBUG] intersect A=0.000 B=-0.016 C=2572500753.325 Disc=-0.000
[DEBUG] intersect A=0.000 B=-0.016 C=2572500083.602 Disc=-0.000
[DEBUG] intersect A=0.000 B=-0.016 C=2572499413.968 Disc=-0.000
[DEBUG] intersect A=0.000 B=-0.016 C=2572498744.422 Disc=-0.000
[DEBUG] intersect A=0.000 B=-0.016 C=2572498074.964 Disc=-0.000
[DEBUG] intersect A=0.000 B=-0.016 C=2572497405.595 Disc=-0.000
[DEBUG] intersect A=0.000 B=-0.016 C=2572496736.314 Disc=-0.000
[DEBUG] intersect A=0.000 B=-0.016 C=2572496067.122 Disc=-0.000
[DEBUG] intersect A=0.000 B=-0.016 C=2572495398.018 Disc=-0.000
[DEBUG] intersect A=0.000 B=-0.016 C=2572494729.002 Disc=-0.000
[PHASE2] Entering calculateShadowDetails for star 681070904206685696
[DEBUG] intersect A=0.000 B=-0.016 C=2573407735.501 Disc=-0.000
[DEBUG] intersect A=0.000 B=-0.016 C=2573406955.324 Disc=-0.000
[DEBUG] intersect A=0.000 B=-0.016 C=2573406175.235 Disc=-0.000
[DEBUG] intersect A=0.000 B=-0.016 C=2573405395.235 Disc=-0.000
[DEBUG] intersect A=0.000 B=-0.016 C=2573404615.322 Disc=-0.000
[DEBUG] intersect A=0.000 B=-0.016 C=2573403835.498 Disc=-0.000
[DEBUG] intersect A=0.000 B=-0.016 C=2573403055.762 Disc=-0.000
[DEBUG] intersect A=0.000 B=-0.016 C=2573402276.115 Disc=-0.000
[DEBUG] intersect A=0.000 B=-0.016 C=2573401496.556 Disc=-0.000
[DEBUG] intersect A=0.000 B=-0.016 C=2573400717.085 Disc=-0.000
[DEBUG] CA Asteroid ICRF: -158117326821.400, 246323773890.755, 137418255930.942 [m]
[DEBUG] CA Asteroid ITRF: -279558715347.605, 86737623313.795, 137418255930.942 [m]
[DEBUG] Star Dir ITRF:    -0.864, 0.268, 0.425
[DEBUG] intersect A=0.000 B=-0.016 C=2573399937.702 Disc=-0.000
[DEBUG] intersect A=0.000 B=-0.016 C=2573399158.407 Disc=-0.000
[DEBUG] intersect A=0.000 B=-0.016 C=2573398379.201 Disc=-0.000
[DEBUG] intersect A=0.000 B=-0.016 C=2573397600.083 Disc=-0.000
[DEBUG] intersect A=0.000 B=-0.016 C=2573396821.053 Disc=-0.000
[DEBUG] intersect A=0.000 B=-0.016 C=2573396042.111 Disc=-0.000
[DEBUG] intersect A=0.000 B=-0.016 C=2573395263.258 Disc=-0.000
[DEBUG] intersect A=0.000 B=-0.016 C=2573394484.492 Disc=-0.000
[DEBUG] intersect A=0.000 B=-0.016 C=2573393705.815 Disc=-0.000
[DEBUG] intersect A=0.000 B=-0.016 C=2573392927.227 Disc=-0.000
[DEBUG] intersect A=0.000 B=-0.016 C=2573392148.726 Disc=-0.000
[PHASE2] Entering calculateShadowDetails for star 681071591401453568
[DEBUG] intersect A=0.000 B=-0.016 C=2573013952.151 Disc=-0.000
[DEBUG] intersect A=0.000 B=-0.016 C=2573013217.870 Disc=-0.000
[DEBUG] intersect A=0.000 B=-0.016 C=2573012483.676 Disc=-0.000
[DEBUG] intersect A=0.000 B=-0.016 C=2573011749.571 Disc=-0.000
[DEBUG] intersect A=0.000 B=-0.016 C=2573011015.553 Disc=-0.000
[DEBUG] intersect A=0.000 B=-0.016 C=2573010281.625 Disc=-0.000
[DEBUG] intersect A=0.000 B=-0.016 C=2573009547.784 Disc=-0.000
[DEBUG] intersect A=0.000 B=-0.016 C=2573008814.032 Disc=-0.000
[DEBUG] intersect A=0.000 B=-0.016 C=2573008080.368 Disc=-0.000
[DEBUG] intersect A=0.000 B=-0.016 C=2573007346.792 Disc=-0.000
[DEBUG] CA Asteroid ICRF: -157907612635.093, 246421317425.689, 137426243482.755 [m]
[DEBUG] CA Asteroid ITRF: -38403369586.646, 290143862617.009, 137426243482.755 [m]
[DEBUG] Star Dir ITRF:    -0.119, 0.897, 0.425
[DEBUG] intersect A=0.000 B=-0.016 C=2573006613.305 Disc=-0.000
[DEBUG] intersect A=0.000 B=-0.016 C=2573005879.906 Disc=-0.000
[DEBUG] intersect A=0.000 B=-0.016 C=2573005146.595 Disc=-0.000
[DEBUG] intersect A=0.000 B=-0.016 C=2573004413.373 Disc=-0.000
[DEBUG] intersect A=0.000 B=-0.016 C=2573003680.239 Disc=-0.000
[DEBUG] intersect A=0.000 B=-0.016 C=2573002947.192 Disc=-0.000
[DEBUG] intersect A=0.000 B=-0.016 C=2573002214.234 Disc=-0.000
[DEBUG] intersect A=0.000 B=-0.016 C=2573001481.365 Disc=-0.000
[DEBUG] intersect A=0.000 B=-0.016 C=2573000748.584 Disc=-0.000
[DEBUG] intersect A=0.000 B=-0.016 C=2573000015.891 Disc=-0.000
[DEBUG] intersect A=0.000 B=-0.016 C=2572999283.286 Disc=-0.000
[PHASE2] Entering calculateShadowDetails for star 681071144724852352
[DEBUG] intersect A=0.000 B=-0.016 C=2573775676.590 Disc=-0.000
[DEBUG] intersect A=0.000 B=-0.016 C=2573774855.867 Disc=-0.000
[DEBUG] intersect A=0.000 B=-0.016 C=2573774035.231 Disc=-0.000
[DEBUG] intersect A=0.000 B=-0.016 C=2573773214.684 Disc=-0.000
[DEBUG] intersect A=0.000 B=-0.016 C=2573772394.224 Disc=-0.000
[DEBUG] intersect A=0.000 B=-0.016 C=2573771573.853 Disc=-0.000
[DEBUG] intersect A=0.000 B=-0.016 C=2573770753.570 Disc=-0.000
[DEBUG] intersect A=0.000 B=-0.016 C=2573769933.376 Disc=-0.000
[DEBUG] intersect A=0.000 B=-0.016 C=2573769113.269 Disc=-0.000
[DEBUG] intersect A=0.000 B=-0.016 C=2573768293.251 Disc=-0.000
[DEBUG] CA Asteroid ICRF: -158303124872.698, 246238509622.906, 137411602953.018 [m]
[DEBUG] CA Asteroid ITRF: -222879498714.832, -189784119510.554, 137411602953.018 [m]
[DEBUG] Star Dir ITRF:    -0.689, -0.587, 0.426
[DEBUG] intersect A=0.000 B=-0.016 C=2573767473.321 Disc=-0.000
[DEBUG] intersect A=0.000 B=-0.016 C=2573766653.479 Disc=-0.000
[DEBUG] intersect A=0.000 B=-0.016 C=2573765833.725 Disc=-0.000
[DEBUG] intersect A=0.000 B=-0.016 C=2573765014.059 Disc=-0.000
[DEBUG] intersect A=0.000 B=-0.016 C=2573764194.482 Disc=-0.000
[DEBUG] intersect A=0.000 B=-0.016 C=2573763374.993 Disc=-0.000
[DEBUG] intersect A=0.000 B=-0.016 C=2573762555.592 Disc=-0.000
[DEBUG] intersect A=0.000 B=-0.016 C=2573761736.279 Disc=-0.000
[DEBUG] intersect A=0.000 B=-0.016 C=2573760917.054 Disc=-0.000
[DEBUG] intersect A=0.000 B=-0.016 C=2573760097.917 Disc=-0.000
[DEBUG] intersect A=0.000 B=-0.016 C=2573759278.869 Disc=-0.000
[PHASE2] Entering calculateShadowDetails for star 681071213444327168
[DEBUG] intersect A=0.000 B=-0.016 C=2574094241.536 Disc=-0.000
[DEBUG] intersect A=0.000 B=-0.016 C=2574093387.274 Disc=-0.000
[DEBUG] intersect A=0.000 B=-0.016 C=2574092533.100 Disc=-0.000
[DEBUG] intersect A=0.000 B=-0.016 C=2574091679.015 Disc=-0.000
[DEBUG] intersect A=0.000 B=-0.016 C=2574090825.017 Disc=-0.000
[DEBUG] intersect A=0.000 B=-0.016 C=2574089971.108 Disc=-0.000
[DEBUG] intersect A=0.000 B=-0.016 C=2574089117.287 Disc=-0.000
[DEBUG] intersect A=0.000 B=-0.016 C=2574088263.555 Disc=-0.000
[DEBUG] intersect A=0.000 B=-0.016 C=2574087409.910 Disc=-0.000
[DEBUG] intersect A=0.000 B=-0.016 C=2574086556.353 Disc=-0.000
[DEBUG] CA Asteroid ICRF: -158457175186.017, 246168632215.328, 137406386960.656 [m]
[DEBUG] CA Asteroid ITRF: -9591589631.698, -292601560595.692, 137406386960.656 [m]
[DEBUG] Star Dir ITRF:    -0.030, -0.904, 0.426
[DEBUG] intersect A=0.000 B=-0.016 C=2574085702.885 Disc=-0.000
[DEBUG] intersect A=0.000 B=-0.016 C=2574084849.505 Disc=-0.000
[DEBUG] intersect A=0.000 B=-0.016 C=2574083996.213 Disc=-0.000
[DEBUG] intersect A=0.000 B=-0.016 C=2574083143.009 Disc=-0.000
[DEBUG] intersect A=0.000 B=-0.016 C=2574082289.892 Disc=-0.000
[DEBUG] intersect A=0.000 B=-0.016 C=2574081436.864 Disc=-0.000
[DEBUG] intersect A=0.000 B=-0.016 C=2574080583.925 Disc=-0.000
[DEBUG] intersect A=0.000 B=-0.016 C=2574079731.074 Disc=-0.000
[DEBUG] intersect A=0.000 B=-0.016 C=2574078878.311 Disc=-0.000
[DEBUG] intersect A=0.000 B=-0.016 C=2574078025.636 Disc=-0.000
[DEBUG] intersect A=0.000 B=-0.016 C=2574077173.049 Disc=-0.000
[PHASE2] Entering calculateShadowDetails for star 681071930702340864
[DEBUG] intersect A=0.000 B=-0.016 C=2572616575.058 Disc=-0.000
[DEBUG] intersect A=0.000 B=-0.016 C=2572615890.229 Disc=-0.000
[DEBUG] intersect A=0.000 B=-0.016 C=2572615205.488 Disc=-0.000
[DEBUG] intersect A=0.000 B=-0.016 C=2572614520.836 Disc=-0.000
[DEBUG] intersect A=0.000 B=-0.016 C=2572613836.272 Disc=-0.000
[DEBUG] intersect A=0.000 B=-0.016 C=2572613151.796 Disc=-0.000
[DEBUG] intersect A=0.000 B=-0.016 C=2572612467.409 Disc=-0.000
[DEBUG] intersect A=0.000 B=-0.016 C=2572611783.110 Disc=-0.000
[DEBUG] intersect A=0.000 B=-0.016 C=2572611098.900 Disc=-0.000
[DEBUG] intersect A=0.000 B=-0.016 C=2572610414.778 Disc=-0.000
[DEBUG] CA Asteroid ICRF: -157682344235.767, 246527647904.110, 137435391958.276 [m]
[DEBUG] CA Asteroid ITRF: 260047557161.107, 134219487703.391, 137435391958.276 [m]
[DEBUG] Star Dir ITRF:    0.804, 0.415, 0.426
[DEBUG] intersect A=0.000 B=-0.016 C=2572609730.744 Disc=-0.000
[DEBUG] intersect A=0.000 B=-0.016 C=2572609046.798 Disc=-0.000
[DEBUG] intersect A=0.000 B=-0.016 C=2572608362.941 Disc=-0.000
[DEBUG] intersect A=0.000 B=-0.016 C=2572607679.172 Disc=-0.000
[DEBUG] intersect A=0.000 B=-0.016 C=2572606995.492 Disc=-0.000
[DEBUG] intersect A=0.000 B=-0.016 C=2572606311.899 Disc=-0.000
[DEBUG] intersect A=0.000 B=-0.016 C=2572605628.395 Disc=-0.000
[DEBUG] intersect A=0.000 B=-0.016 C=2572604944.979 Disc=-0.000
[DEBUG] intersect A=0.000 B=-0.016 C=2572604261.652 Disc=-0.000
[DEBUG] intersect A=0.000 B=-0.016 C=2572603578.413 Disc=-0.000
[DEBUG] intersect A=0.000 B=-0.016 C=2572602895.263 Disc=-0.000
[PHASE2] Entering calculateShadowDetails for star 680881474673230336
[DEBUG] intersect A=0.000 B=-0.016 C=2577881378.019 Disc=-0.000
[DEBUG] intersect A=0.000 B=-0.016 C=2577880196.510 Disc=-0.000
[DEBUG] intersect A=0.000 B=-0.016 C=2577879015.089 Disc=-0.000
[DEBUG] intersect A=0.000 B=-0.016 C=2577877833.756 Disc=-0.000
[DEBUG] intersect A=0.000 B=-0.016 C=2577876652.510 Disc=-0.000
[DEBUG] intersect A=0.000 B=-0.016 C=2577875471.353 Disc=-0.000
[DEBUG] intersect A=0.000 B=-0.016 C=2577874290.283 Disc=-0.000
[DEBUG] intersect A=0.000 B=-0.016 C=2577873109.301 Disc=-0.000
[DEBUG] intersect A=0.000 B=-0.016 C=2577871928.406 Disc=-0.000
[DEBUG] intersect A=0.000 B=-0.016 C=2577870747.600 Disc=-0.000
[DEBUG] CA Asteroid ICRF: -159977778156.107, 245517794252.363, 137369243266.892 [m]
[DEBUG] CA Asteroid ITRF: 283428442608.803, 74432484297.240, 137369243266.892 [m]
[DEBUG] Star Dir ITRF:    0.876, 0.231, 0.424
[DEBUG] intersect A=0.000 B=-0.016 C=2577869566.881 Disc=-0.000
[DEBUG] intersect A=0.000 B=-0.016 C=2577868386.249 Disc=-0.000
[DEBUG] intersect A=0.000 B=-0.016 C=2577867205.705 Disc=-0.000
[DEBUG] intersect A=0.000 B=-0.016 C=2577866025.250 Disc=-0.000
[DEBUG] intersect A=0.000 B=-0.016 C=2577864844.882 Disc=-0.000
[DEBUG] intersect A=0.000 B=-0.016 C=2577863664.603 Disc=-0.000
[DEBUG] intersect A=0.000 B=-0.016 C=2577862484.410 Disc=-0.000
[DEBUG] intersect A=0.000 B=-0.016 C=2577861304.306 Disc=-0.000
[DEBUG] intersect A=0.000 B=-0.016 C=2577860124.290 Disc=-0.000
[DEBUG] intersect A=0.000 B=-0.016 C=2577858944.361 Disc=-0.000
[DEBUG] intersect A=0.000 B=-0.016 C=2577857764.520 Disc=-0.000
[PHASE2] Entering calculateShadowDetails for star 681066639302640640
[DEBUG] intersect A=0.000 B=-0.016 C=2574805887.984 Disc=-0.000
[DEBUG] intersect A=0.000 B=-0.016 C=2574804963.229 Disc=-0.000
[DEBUG] intersect A=0.000 B=-0.016 C=2574804038.561 Disc=-0.000
[DEBUG] intersect A=0.000 B=-0.016 C=2574803113.981 Disc=-0.000
[DEBUG] intersect A=0.000 B=-0.016 C=2574802189.490 Disc=-0.000
[DEBUG] intersect A=0.000 B=-0.016 C=2574801265.086 Disc=-0.000
[DEBUG] intersect A=0.000 B=-0.016 C=2574800340.771 Disc=-0.000
[DEBUG] intersect A=0.000 B=-0.016 C=2574799416.544 Disc=-0.000
[DEBUG] intersect A=0.000 B=-0.016 C=2574798492.405 Disc=-0.000
[DEBUG] intersect A=0.000 B=-0.016 C=2574797568.354 Disc=-0.000
[DEBUG] CA Asteroid ICRF: -158782064491.891, 246023672659.307, 137396272876.203 [m]
[DEBUG] CA Asteroid ITRF: 289622919030.028, 43104017047.212, 137396272876.203 [m]
[DEBUG] Star Dir ITRF:    0.896, 0.133, 0.424
[DEBUG] intersect A=0.000 B=-0.016 C=2574796644.391 Disc=-0.000
[DEBUG] intersect A=0.000 B=-0.016 C=2574795720.516 Disc=-0.000
[DEBUG] intersect A=0.000 B=-0.016 C=2574794796.729 Disc=-0.000
[DEBUG] intersect A=0.000 B=-0.016 C=2574793873.030 Disc=-0.000
[DEBUG] intersect A=0.000 B=-0.016 C=2574792949.419 Disc=-0.000
[DEBUG] intersect A=0.000 B=-0.016 C=2574792025.895 Disc=-0.000
[DEBUG] intersect A=0.000 B=-0.016 C=2574791102.461 Disc=-0.000
[DEBUG] intersect A=0.000 B=-0.016 C=2574790179.114 Disc=-0.000
[DEBUG] intersect A=0.000 B=-0.016 C=2574789255.856 Disc=-0.000
[DEBUG] intersect A=0.000 B=-0.016 C=2574788332.686 Disc=-0.000
[DEBUG] intersect A=0.000 B=-0.016 C=2574787409.603 Disc=-0.000
[PHASE2] Entering calculateShadowDetails for star 681066781038079488
[DEBUG] intersect A=0.000 B=-0.016 C=2574954983.271 Disc=-0.000
[DEBUG] intersect A=0.000 B=-0.016 C=2574954044.424 Disc=-0.000
[DEBUG] intersect A=0.000 B=-0.016 C=2574953105.665 Disc=-0.000
[DEBUG] intersect A=0.000 B=-0.016 C=2574952166.995 Disc=-0.000
[DEBUG] intersect A=0.000 B=-0.016 C=2574951228.412 Disc=-0.000
[DEBUG] intersect A=0.000 B=-0.016 C=2574950289.917 Disc=-0.000
[DEBUG] intersect A=0.000 B=-0.016 C=2574949351.510 Disc=-0.000
[DEBUG] intersect A=0.000 B=-0.016 C=2574948413.192 Disc=-0.000
[DEBUG] intersect A=0.000 B=-0.016 C=2574947474.961 Disc=-0.000
[DEBUG] intersect A=0.000 B=-0.016 C=2574946536.819 Disc=-0.000
[DEBUG] CA Asteroid ICRF: -158847184171.613, 245995008404.025, 137394389551.517 [m]
[DEBUG] CA Asteroid ITRF: 257256910631.977, 139874422290.273, 137394389551.517 [m]
[DEBUG] Star Dir ITRF:    0.796, 0.433, 0.424
[DEBUG] intersect A=0.000 B=-0.016 C=2574945598.764 Disc=-0.000
[DEBUG] intersect A=0.000 B=-0.016 C=2574944660.797 Disc=-0.000
[DEBUG] intersect A=0.000 B=-0.016 C=2574943722.918 Disc=-0.000
[DEBUG] intersect A=0.000 B=-0.016 C=2574942785.128 Disc=-0.000
[DEBUG] intersect A=0.000 B=-0.016 C=2574941847.426 Disc=-0.000
[DEBUG] intersect A=0.000 B=-0.016 C=2574940909.812 Disc=-0.000
[DEBUG] intersect A=0.000 B=-0.016 C=2574939972.286 Disc=-0.000
[DEBUG] intersect A=0.000 B=-0.016 C=2574939034.848 Disc=-0.000
[DEBUG] intersect A=0.000 B=-0.016 C=2574938097.498 Disc=-0.000
[DEBUG] intersect A=0.000 B=-0.016 C=2574937160.236 Disc=-0.000
[DEBUG] intersect A=0.000 B=-0.016 C=2574936223.062 Disc=-0.000
[PHASE2] Candidate Star: 681067090275723392 CA MJD: 61053.00694 Min Dist: 2801.01 mas
[PHASE2] Entering calculateShadowDetails for star 681067090275723392
[DEBUG] intersect A=0.00 B=-0.02 C=2574805887.99 Disc=-0.00
[DEBUG] intersect A=0.00 B=-0.02 C=2574804963.23 Disc=-0.00
[DEBUG] intersect A=0.00 B=-0.02 C=2574804038.56 Disc=-0.00
[DEBUG] intersect A=0.00 B=-0.02 C=2574803113.99 Disc=-0.00
[DEBUG] intersect A=0.00 B=-0.02 C=2574802189.49 Disc=-0.00
[DEBUG] intersect A=0.00 B=-0.02 C=2574801265.09 Disc=-0.00
[DEBUG] intersect A=0.00 B=-0.02 C=2574800340.77 Disc=0.00
[DEBUG] intersect A=0.00 B=-0.02 C=2574800340.96 Disc=0.00
[DEBUG] intersect A=0.00 B=-0.02 C=2574800340.59 Disc=0.00
[DEBUG] intersect A=0.00 B=-0.02 C=2574800342.84 Disc=0.00
[DEBUG] intersect A=0.00 B=-0.02 C=2574800338.71 Disc=0.00
[DEBUG] intersect A=0.00 B=-0.02 C=2574799416.55 Disc=0.00
[DEBUG] intersect A=0.00 B=-0.02 C=2574799416.73 Disc=0.00
[DEBUG] intersect A=0.00 B=-0.02 C=2574799416.36 Disc=0.00
[DEBUG] intersect A=0.00 B=-0.02 C=2574799418.61 Disc=0.00
[DEBUG] intersect A=0.00 B=-0.02 C=2574799414.49 Disc=0.00
[DEBUG] intersect A=0.00 B=-0.02 C=2574798492.41 Disc=0.00
[DEBUG] intersect A=0.00 B=-0.02 C=2574798492.59 Disc=0.00
[DEBUG] intersect A=0.00 B=-0.02 C=2574798492.22 Disc=0.00
[DEBUG] intersect A=0.00 B=-0.02 C=2574798494.47 Disc=0.00
[DEBUG] intersect A=0.00 B=-0.02 C=2574798490.35 Disc=0.00
[DEBUG] intersect A=0.00 B=-0.02 C=2574797568.36 Disc=0.00
[DEBUG] intersect A=0.00 B=-0.02 C=2574797568.54 Disc=0.00
[DEBUG] intersect A=0.00 B=-0.02 C=2574797568.17 Disc=0.00
[DEBUG] intersect A=0.00 B=-0.02 C=2574797570.42 Disc=0.00
[DEBUG] intersect A=0.00 B=-0.02 C=2574797566.30 Disc=0.00
[DEBUG] CA Asteroid ICRF: -158782064493.53, 246023672658.58, 137396272876.15 [m]
[DEBUG] CA Asteroid ITRF: 289622918650.72, 43104019597.79, 137396272876.15 [m]
[DEBUG] Star Dir ITRF:    0.90, 0.13, 0.42
[DEBUG] intersect A=0.00 B=-0.02 C=2574796644.39 Disc=0.00
[DEBUG] intersect A=0.00 B=-0.02 C=2574796644.58 Disc=0.00
[DEBUG] intersect A=0.00 B=-0.02 C=2574796644.21 Disc=0.00
[DEBUG] intersect A=0.00 B=-0.02 C=2574796646.45 Disc=0.00
[DEBUG] intersect A=0.00 B=-0.02 C=2574796642.34 Disc=0.00
[DEBUG] intersect A=0.00 B=-0.02 C=2574795720.52 Disc=0.00
[DEBUG] intersect A=0.00 B=-0.02 C=2574795720.70 Disc=0.00
[DEBUG] intersect A=0.00 B=-0.02 C=2574795720.34 Disc=0.00
[DEBUG] intersect A=0.00 B=-0.02 C=2574795722.57 Disc=0.00
[DEBUG] intersect A=0.00 B=-0.02 C=2574795718.46 Disc=0.00
[DEBUG] intersect A=0.00 B=-0.02 C=2574794796.73 Disc=0.00
[DEBUG] intersect A=0.00 B=-0.02 C=2574794796.92 Disc=0.00
[DEBUG] intersect A=0.00 B=-0.02 C=2574794796.55 Disc=0.00
[DEBUG] intersect A=0.00 B=-0.02 C=2574794798.78 Disc=0.00
[DEBUG] intersect A=0.00 B=-0.02 C=2574794794.68 Disc=0.00
[DEBUG] intersect A=0.00 B=-0.02 C=2574793873.03 Disc=0.00
[DEBUG] intersect A=0.00 B=-0.02 C=2574793873.22 Disc=0.00
[DEBUG] intersect A=0.00 B=-0.02 C=2574793872.85 Disc=0.00
[DEBUG] intersect A=0.00 B=-0.02 C=2574793875.08 Disc=0.00
[DEBUG] intersect A=0.00 B=-0.02 C=2574793870.99 Disc=0.00
[DEBUG] intersect A=0.00 B=-0.02 C=2574792949.42 Disc=0.00
[DEBUG] intersect A=0.00 B=-0.02 C=2574792949.61 Disc=0.00
[DEBUG] intersect A=0.00 B=-0.02 C=2574792949.24 Disc=0.00
[DEBUG] intersect A=0.00 B=-0.02 C=2574792951.46 Disc=0.00
[DEBUG] intersect A=0.00 B=-0.02 C=2574792947.39 Disc=0.00
[DEBUG] intersect A=0.00 B=-0.02 C=2574792025.90 Disc=0.00
[DEBUG] intersect A=0.00 B=-0.02 C=2574792026.08 Disc=0.00
[DEBUG] intersect A=0.00 B=-0.02 C=2574792025.72 Disc=0.00
[DEBUG] intersect A=0.00 B=-0.02 C=2574792027.92 Disc=0.00
[DEBUG] intersect A=0.00 B=-0.02 C=2574792023.88 Disc=0.00
[DEBUG] intersect A=0.00 B=-0.02 C=2574791102.47 Disc=0.00
[DEBUG] intersect A=0.00 B=-0.02 C=2574791102.64 Disc=0.00
[DEBUG] intersect A=0.00 B=-0.02 C=2574791102.29 Disc=0.00
[DEBUG] intersect A=0.00 B=-0.02 C=2574791104.45 Disc=0.00
[DEBUG] intersect A=0.00 B=-0.02 C=2574791100.48 Disc=0.00
[DEBUG] intersect A=0.00 B=-0.02 C=2574790179.12 Disc=0.00
[DEBUG] intersect A=0.00 B=-0.02 C=2574790179.29 Disc=0.00
[DEBUG] intersect A=0.00 B=-0.02 C=2574790178.95 Disc=0.00
[DEBUG] intersect A=0.00 B=-0.02 C=2574790181.03 Disc=0.00
[DEBUG] intersect A=0.00 B=-0.02 C=2574790177.21 Disc=0.00
[DEBUG] intersect A=0.00 B=-0.02 C=2574789255.86 Disc=0.00
[DEBUG] intersect A=0.00 B=-0.02 C=2574789256.02 Disc=0.00
[DEBUG] intersect A=0.00 B=-0.02 C=2574789255.71 Disc=0.00
[DEBUG] intersect A=0.00 B=-0.02 C=2574789257.58 Disc=0.00
[DEBUG] intersect A=0.00 B=-0.02 C=2574789254.14 Disc=0.00
[DEBUG] intersect A=0.00 B=-0.02 C=2574788332.69 Disc=0.00
[DEBUG] intersect A=0.00 B=-0.02 C=2574788332.80 Disc=0.00
[DEBUG] intersect A=0.00 B=-0.02 C=2574788332.58 Disc=0.00
[DEBUG] intersect A=0.00 B=-0.02 C=2574788333.88 Disc=0.00
[DEBUG] intersect A=0.00 B=-0.02 C=2574788331.50 Disc=0.00
[DEBUG] intersect A=0.00 B=-0.02 C=2574787409.61 Disc=0.00
[DEBUG] intersect A=0.00 B=-0.02 C=2574787409.61 Disc=0.00
[DEBUG] intersect A=0.00 B=-0.02 C=2574787409.61 Disc=0.00
[DEBUG] intersect A=0.00 B=-0.02 C=2574787409.59 Disc=0.00
[DEBUG] intersect A=0.00 B=-0.02 C=2574787409.63 Disc=0.00
[PHASE2] Entering calculateShadowDetails for star 680885116805495808
[DEBUG] intersect A=0.00 B=-0.02 C=2575774710.29 Disc=-0.00
[DEBUG] intersect A=0.00 B=-0.02 C=2575773697.51 Disc=-0.00
[DEBUG] intersect A=0.00 B=-0.02 C=2575772684.81 Disc=-0.00
[DEBUG] intersect A=0.00 B=-0.02 C=2575771672.20 Disc=-0.00
[DEBUG] intersect A=0.00 B=-0.02 C=2575770659.68 Disc=-0.00
[DEBUG] intersect A=0.00 B=-0.02 C=2575769647.25 Disc=-0.00
[DEBUG] intersect A=0.00 B=-0.02 C=2575768634.90 Disc=-0.00
[DEBUG] intersect A=0.00 B=-0.02 C=2575767622.65 Disc=-0.00
[DEBUG] intersect A=0.00 B=-0.02 C=2575766610.48 Disc=-0.00
[DEBUG] intersect A=0.00 B=-0.02 C=2575765598.40 Disc=-0.00
[DEBUG] CA Asteroid ICRF: -159189829974.67, 245846315588.17, 137385266072.14 [m]
[DEBUG] CA Asteroid ITRF: -203061975101.89, 211063135396.40, 137385266072.14 [m]
[DEBUG] Star Dir ITRF:    -0.63, 0.65, 0.42
[DEBUG] intersect A=0.00 B=-0.02 C=2575764586.41 Disc=-0.00
[DEBUG] intersect A=0.00 B=-0.02 C=2575763574.50 Disc=-0.00
[DEBUG] intersect A=0.00 B=-0.02 C=2575762562.69 Disc=-0.00
[DEBUG] intersect A=0.00 B=-0.02 C=2575761550.96 Disc=-0.00
[DEBUG] intersect A=0.00 B=-0.02 C=2575760539.32 Disc=-0.00
[DEBUG] intersect A=0.00 B=-0.02 C=2575759527.77 Disc=-0.00
[DEBUG] intersect A=0.00 B=-0.02 C=2575758516.30 Disc=-0.00
[DEBUG] intersect A=0.00 B=-0.02 C=2575757504.92 Disc=-0.00
[DEBUG] intersect A=0.00 B=-0.02 C=2575756493.64 Disc=-0.00
[DEBUG] intersect A=0.00 B=-0.02 C=2575755482.44 Disc=-0.00
[DEBUG] intersect A=0.00 B=-0.02 C=2575754471.32 Disc=-0.00
[PHASE2] Entering calculateShadowDetails for star 680885533418116096
[DEBUG] intersect A=0.00 B=-0.02 C=2576020322.54 Disc=-0.00
[DEBUG] intersect A=0.00 B=-0.02 C=2576019288.65 Disc=-0.00
[DEBUG] intersect A=0.00 B=-0.02 C=2576018254.84 Disc=-0.00
[DEBUG] intersect A=0.00 B=-0.02 C=2576017221.12 Disc=-0.00
[DEBUG] intersect A=0.00 B=-0.02 C=2576016187.49 Disc=-0.00
[DEBUG] intersect A=0.00 B=-0.02 C=2576015153.94 Disc=-0.00
[DEBUG] intersect A=0.00 B=-0.02 C=2576014120.49 Disc=-0.00
[DEBUG] intersect A=0.00 B=-0.02 C=2576013087.12 Disc=-0.00
[DEBUG] intersect A=0.00 B=-0.02 C=2576012053.84 Disc=-0.00
[DEBUG] intersect A=0.00 B=-0.02 C=2576011020.65 Disc=-0.00
[DEBUG] CA Asteroid ICRF: -159287963847.61, 245804386237.21, 137382895341.81 [m]
[DEBUG] CA Asteroid ITRF: -281551056256.52, 80755522665.70, 137382895341.81 [m]
[DEBUG] Star Dir ITRF:    -0.87, 0.25, 0.43
[DEBUG] intersect A=0.00 B=-0.02 C=2576009987.54 Disc=-0.00
[DEBUG] intersect A=0.00 B=-0.02 C=2576008954.53 Disc=-0.00
[DEBUG] intersect A=0.00 B=-0.02 C=2576007921.60 Disc=-0.00
[DEBUG] intersect A=0.00 B=-0.02 C=2576006888.76 Disc=-0.00
[DEBUG] intersect A=0.00 B=-0.02 C=2576005856.01 Disc=-0.00
[DEBUG] intersect A=0.00 B=-0.02 C=2576004823.34 Disc=-0.00
[DEBUG] intersect A=0.00 B=-0.02 C=2576003790.76 Disc=-0.00
[DEBUG] intersect A=0.00 B=-0.02 C=2576002758.28 Disc=-0.00
[DEBUG] intersect A=0.00 B=-0.02 C=2576001725.88 Disc=-0.00
[DEBUG] intersect A=0.00 B=-0.02 C=2576000693.56 Disc=-0.00
[DEBUG] intersect A=0.00 B=-0.02 C=2575999661.34 Disc=-0.00
[PHASE2] Entering calculateShadowDetails for star 680885567777855104
[DEBUG] intersect A=0.00 B=-0.02 C=2575653804.40 Disc=-0.00
[DEBUG] intersect A=0.00 B=-0.02 C=2575652802.17 Disc=-0.00
[DEBUG] intersect A=0.00 B=-0.02 C=2575651800.04 Disc=-0.00
[DEBUG] intersect A=0.00 B=-0.02 C=2575650797.99 Disc=-0.00
[DEBUG] intersect A=0.00 B=-0.02 C=2575649796.02 Disc=-0.00
[DEBUG] intersect A=0.00 B=-0.02 C=2575648794.15 Disc=-0.00
[DEBUG] intersect A=0.00 B=-0.02 C=2575647792.36 Disc=-0.00
[DEBUG] intersect A=0.00 B=-0.02 C=2575646790.67 Disc=-0.00
[DEBUG] intersect A=0.00 B=-0.02 C=2575645789.06 Disc=-0.00
[DEBUG] intersect A=0.00 B=-0.02 C=2575644787.53 Disc=-0.00
[DEBUG] CA Asteroid ICRF: -159140802052.03, 245867372701.76, 137386490789.67 [m]
[DEBUG] CA Asteroid ITRF: -141281418849.00, 256546527018.10, 137386490789.67 [m]
[DEBUG] Star Dir ITRF:    -0.44, 0.79, 0.43
[DEBUG] intersect A=0.00 B=-0.02 C=2575643786.10 Disc=-0.00
[DEBUG] intersect A=0.00 B=-0.02 C=2575642784.75 Disc=-0.00
[DEBUG] intersect A=0.00 B=-0.02 C=2575641783.50 Disc=-0.00
[DEBUG] intersect A=0.00 B=-0.02 C=2575640782.33 Disc=-0.00
[DEBUG] intersect A=0.00 B=-0.02 C=2575639781.24 Disc=-0.00
[DEBUG] intersect A=0.00 B=-0.02 C=2575638780.25 Disc=-0.00
[DEBUG] intersect A=0.00 B=-0.02 C=2575637779.34 Disc=-0.00
[DEBUG] intersect A=0.00 B=-0.02 C=2575636778.52 Disc=-0.00
[DEBUG] intersect A=0.00 B=-0.02 C=2575635777.79 Disc=-0.00
[DEBUG] intersect A=0.00 B=-0.02 C=2575634777.15 Disc=-0.00
[DEBUG] intersect A=0.00 B=-0.02 C=2575633776.60 Disc=-0.00
[PHASE2] Entering calculateShadowDetails for star 681073614329520000
[DEBUG] intersect A=0.00 B=-0.02 C=2575298689.73 Disc=-0.00
[DEBUG] intersect A=0.00 B=-0.02 C=2575297719.19 Disc=-0.00
[DEBUG] intersect A=0.00 B=-0.02 C=2575296748.73 Disc=-0.00
[DEBUG] intersect A=0.00 B=-0.02 C=2575295778.36 Disc=-0.00
[DEBUG] intersect A=0.00 B=-0.02 C=2575294808.09 Disc=-0.00
[DEBUG] intersect A=0.00 B=-0.02 C=2575293837.89 Disc=-0.00
[DEBUG] intersect A=0.00 B=-0.02 C=2575292867.79 Disc=-0.00
[DEBUG] intersect A=0.00 B=-0.02 C=2575291897.78 Disc=-0.00
[DEBUG] intersect A=0.00 B=-0.02 C=2575290927.85 Disc=-0.00
[DEBUG] intersect A=0.00 B=-0.02 C=2575289958.01 Disc=-0.00
[DEBUG] CA Asteroid ICRF: -158993874986.99, 245930913588.62, 137390322261.48 [m]
[DEBUG] CA Asteroid ITRF: 82253553543.47, 281061237938.25, 137390322261.48 [m]
[DEBUG] Star Dir ITRF:    0.25, 0.87, 0.43
[DEBUG] intersect A=0.00 B=-0.02 C=2575288988.26 Disc=-0.00
[DEBUG] intersect A=0.00 B=-0.02 C=2575288018.60 Disc=-0.00
[DEBUG] intersect A=0.00 B=-0.02 C=2575287049.02 Disc=-0.00
[DEBUG] intersect A=0.00 B=-0.02 C=2575286079.54 Disc=-0.00
[DEBUG] intersect A=0.00 B=-0.02 C=2575285110.14 Disc=-0.00
[DEBUG] intersect A=0.00 B=-0.02 C=2575284140.83 Disc=-0.00
[DEBUG] intersect A=0.00 B=-0.02 C=2575283171.60 Disc=-0.00
[DEBUG] intersect A=0.00 B=-0.02 C=2575282202.47 Disc=-0.00
[DEBUG] intersect A=0.00 B=-0.02 C=2575281233.42 Disc=-0.00
[DEBUG] intersect A=0.00 B=-0.02 C=2575280264.46 Disc=-0.00
[DEBUG] intersect A=0.00 B=-0.02 C=2575279295.59 Disc=-0.00
[PHASE2] Entering calculateShadowDetails for star 680886907807646848
[DEBUG] intersect A=0.00 B=-0.02 C=2576875610.45 Disc=-0.00
[DEBUG] intersect A=0.00 B=-0.02 C=2576874506.23 Disc=-0.00
[DEBUG] intersect A=0.00 B=-0.02 C=2576873402.09 Disc=-0.00
[DEBUG] intersect A=0.00 B=-0.02 C=2576872298.04 Disc=-0.00
[DEBUG] intersect A=0.00 B=-0.02 C=2576871194.08 Disc=-0.00
[DEBUG] intersect A=0.00 B=-0.02 C=2576870090.21 Disc=-0.00
[DEBUG] intersect A=0.00 B=-0.02 C=2576868986.42 Disc=-0.00
[DEBUG] intersect A=0.00 B=-0.02 C=2576867882.72 Disc=-0.00
[DEBUG] intersect A=0.00 B=-0.02 C=2576866779.11 Disc=-0.00
[DEBUG] intersect A=0.00 B=-0.02 C=2576865675.59 Disc=-0.00
[DEBUG] CA Asteroid ICRF: -159615822854.02, 245666403719.69, 137375751503.14 [m]
[DEBUG] CA Asteroid ITRF: -28903372196.89, -291536940879.85, 137375751503.14 [m]
[DEBUG] Star Dir ITRF:    -0.09, -0.90, 0.43
[DEBUG] intersect A=0.00 B=-0.02 C=2576864572.16 Disc=-0.00
[DEBUG] intersect A=0.00 B=-0.02 C=2576863468.81 Disc=-0.00
[DEBUG] intersect A=0.00 B=-0.02 C=2576862365.55 Disc=-0.00
[DEBUG] intersect A=0.00 B=-0.02 C=2576861262.38 Disc=-0.00
[DEBUG] intersect A=0.00 B=-0.02 C=2576860159.30 Disc=-0.00
[DEBUG] intersect A=0.00 B=-0.02 C=2576859056.31 Disc=-0.00
[DEBUG] intersect A=0.00 B=-0.02 C=2576857953.40 Disc=-0.00
[DEBUG] intersect A=0.00 B=-0.02 C=2576856850.58 Disc=-0.00
[DEBUG] intersect A=0.00 B=-0.02 C=2576855747.85 Disc=-0.00
[DEBUG] intersect A=0.00 B=-0.02 C=2576854645.20 Disc=-0.00
[DEBUG] intersect A=0.00 B=-0.02 C=2576853542.65 Disc=-0.00
[PHASE2] Entering calculateShadowDetails for star 680887281469011712
[DEBUG] intersect A=0.00 B=-0.02 C=2576656514.20 Disc=-0.00
[DEBUG] intersect A=0.00 B=-0.02 C=2576655427.55 Disc=-0.00
[DEBUG] intersect A=0.00 B=-0.02 C=2576654340.99 Disc=-0.00
[DEBUG] intersect A=0.00 B=-0.02 C=2576653254.52 Disc=-0.00
[DEBUG] intersect A=0.00 B=-0.02 C=2576652168.13 Disc=-0.00
[DEBUG] intersect A=0.00 B=-0.02 C=2576651081.83 Disc=-0.00
[DEBUG] intersect A=0.00 B=-0.02 C=2576649995.62 Disc=-0.00
[DEBUG] intersect A=0.00 B=-0.02 C=2576648909.50 Disc=-0.00
[DEBUG] intersect A=0.00 B=-0.02 C=2576647823.47 Disc=-0.00
[DEBUG] intersect A=0.00 B=-0.02 C=2576646737.52 Disc=-0.00
[DEBUG] CA Asteroid ICRF: -159533751035.36, 245700642159.49, 137377427977.71 [m]
[DEBUG] CA Asteroid ITRF: -149772144900.20, -251769990048.45, 137377427977.71 [m]
[DEBUG] Star Dir ITRF:    -0.46, -0.78, 0.43
[DEBUG] intersect A=0.00 B=-0.02 C=2576645651.67 Disc=-0.00
[DEBUG] intersect A=0.00 B=-0.02 C=2576644565.90 Disc=-0.00
[DEBUG] intersect A=0.00 B=-0.02 C=2576643480.21 Disc=-0.00
[DEBUG] intersect A=0.00 B=-0.02 C=2576642394.62 Disc=-0.00
[DEBUG] intersect A=0.00 B=-0.02 C=2576641309.11 Disc=-0.00
[DEBUG] intersect A=0.00 B=-0.02 C=2576640223.69 Disc=-0.00
[DEBUG] intersect A=0.00 B=-0.02 C=2576639138.36 Disc=-0.00
[DEBUG] intersect A=0.00 B=-0.02 C=2576638053.12 Disc=-0.00
[DEBUG] intersect A=0.00 B=-0.02 C=2576636967.97 Disc=-0.00
[DEBUG] intersect A=0.00 B=-0.02 C=2576635882.90 Disc=-0.00
[DEBUG] intersect A=0.00 B=-0.02 C=2576634797.92 Disc=-0.00
Processed Phase 2 for all candidates. Found 18 confirmed events.
--------------------------------------------------
CANDIDATE RESULT (Phase 2):
  Star ID:  681067227714680448
  Star Pos: RA=122.747180 Dec=25.102937
  Date:     61053.36806
  CA Dist:  150.485"
  Duration: 0.61 s
--------------------------------------------------
--------------------------------------------------
CANDIDATE RESULT (Phase 2):
  Star ID:  681069461097680768
  Star Pos: RA=122.557989 Dec=25.095824
  Date:     61054.00694
  CA Dist:  245.009"
  Duration: 0.61 s
--------------------------------------------------
--------------------------------------------------
CANDIDATE RESULT (Phase 2):
  Star ID:  681081864963159680
  Star Pos: RA=122.503594 Dec=25.172351
  Date:     61054.00694
  CA Dist:  285.557"
  Duration: 0.61 s
--------------------------------------------------
--------------------------------------------------
CANDIDATE RESULT (Phase 2):
  Star ID:  681070904206685696
  Star Pos: RA=122.699354 Dec=25.165502
  Date:     61053.57639
  CA Dist:  60.226"
  Duration: 0.61 s
--------------------------------------------------
--------------------------------------------------
CANDIDATE RESULT (Phase 2):
  Star ID:  681071591401453568
  Star Pos: RA=122.652527 Dec=25.177582
  Date:     61053.75694
  CA Dist:  90.093"
  Duration: 0.61 s
--------------------------------------------------
--------------------------------------------------
CANDIDATE RESULT (Phase 2):
  Star ID:  681071144724852352
  Star Pos: RA=122.741241 Dec=25.194512
  Date:     61053.41679
  CA Dist:  176.393"
  Duration: 0.61 s
--------------------------------------------------
--------------------------------------------------
CANDIDATE RESULT (Phase 2):
  Star ID:  681071213444327168
  Star Pos: RA=122.777431 Dec=25.200114
  Date:     61053.28472
  CA Dist:  207.292"
  Duration: 0.61 s
--------------------------------------------------
--------------------------------------------------
CANDIDATE RESULT (Phase 2):
  Star ID:  681071930702340864
  Star Pos: RA=122.611018 Dec=25.202160
  Date:     61053.95139
  CA Dist:  166.418"
  Duration: 0.61 s
--------------------------------------------------
--------------------------------------------------
CANDIDATE RESULT (Phase 2):
  Star ID:  680881474673230336
  Star Pos: RA=123.129366 Dec=25.065754
  Date:     61051.99306
  CA Dist:  225.592"
  Duration: 0.61 s
--------------------------------------------------
--------------------------------------------------
CANDIDATE RESULT (Phase 2):
  Star ID:  681066639302640640
  Star Pos: RA=122.830852 Dec=25.092284
  Date:     61053.00694
  CA Dist:  163.787"
  Duration: 0.61 s
--------------------------------------------------
--------------------------------------------------
CANDIDATE RESULT (Phase 2):
  Star ID:  681066781038079488
  Star Pos: RA=122.848377 Dec=25.098845
  Date:     61052.95139
  CA Dist:  134.832"
  Duration: 0.61 s
--------------------------------------------------
--------------------------------------------------
CANDIDATE RESULT (Phase 2):
  Star ID:  681067090275723392
  Star Pos: RA=122.837075 Dec=25.137283
  Date:     61053.00694
  CA Dist:  2.801"
  Duration: 0.61 s
  Shadow Path (15 pts):
    [CENTER] Lat: 25.23 Lon: 40.19 MJD: 61053.01
--------------------------------------------------
--------------------------------------------------
CANDIDATE RESULT (Phase 2):
  Star ID:  680885116805495808
  Star Pos: RA=122.926517 Dec=25.140373
  Date:     61052.65972
  CA Dist:  38.005"
  Duration: 0.61 s
--------------------------------------------------
--------------------------------------------------
CANDIDATE RESULT (Phase 2):
  Star ID:  680885533418116096
  Star Pos: RA=122.947531 Dec=25.150957
  Date:     61052.57639
  CA Dist:  81.988"
  Duration: 0.61 s
--------------------------------------------------
--------------------------------------------------
CANDIDATE RESULT (Phase 2):
  Star ID:  680885567777855104
  Star Pos: RA=122.918621 Dec=25.157530
  Date:     61052.70139
  CA Dist:  97.024"
  Duration: 0.61 s
--------------------------------------------------
--------------------------------------------------
CANDIDATE RESULT (Phase 2):
  Star ID:  681073614329520000
  Star Pos: RA=122.892571 Dec=25.215626
  Date:     61052.82639
  CA Dist:  297.121"
  Duration: 0.61 s
--------------------------------------------------
--------------------------------------------------
CANDIDATE RESULT (Phase 2):
  Star ID:  680886907807646848
  Star Pos: RA=123.017932 Dec=25.180096
  Date:     61052.29861
  CA Dist:  207.992"
  Duration: 0.61 s
--------------------------------------------------
--------------------------------------------------
CANDIDATE RESULT (Phase 2):
  Star ID:  680887281469011712
  Star Pos: RA=123.006000 Dec=25.206692
  Date:     61052.36806
  CA Dist:  299.653"
  Duration: 0.61 s
--------------------------------------------------

Exporting results to XML...
✅ Results exported to XML: italoccultcalc_output.xml

Generating Event Cards...
[DEBUG] Calling OutputManager for 18 events
Generating IOccult Card: ioccult_card_1272_1.png
[DEBUG] Entering generateGroundMapImage for asteroid 1272, name Gefion
[DEBUG] Central Path size: 0
[DEBUG] WARNING: Central path is empty!
[MapPathRenderer] Inizializzazione Mapnik...
[MapPathRenderer] Datasources registrate da: /opt/homebrew/lib/mapnik/input
[MapPathRenderer] Datasources registrate da: /usr/local/lib/mapnik/input
[MapPathRenderer] Datasources registrate da: /opt/homebrew/Cellar/mapnik/4.1.4_2/lib/mapnik/input
[MapPathRenderer] Plugin caricati: csv gdal geobuf geojson ogr pgraster postgis raster shape sqlite tiles topojson 
📐 Campo visivo impostato:
   Centro: RA 122.75° Dec 25.10°
   Campo visivo: 20.00°
🔆 Magnitudine limite: 8.00
⭐ Aggiunte 417 stelle SAO
🎯 Target impostato: Gefion
   RA: 122.75° Dec: 25.10°

🎨 === Rendering Mappa Celeste ===
📏 Rendering griglia di coordinate RA/Dec...
📍 Rendering confini costellazioni...
📐 Rendering linee costellazioni...
⭐ Rendering stelle SAO...
   Stelle visualizzate: 401
🎯 Rendering target e traiettoria...
💾 Salvataggio mappa...
Mapnik LOG> 2026-01-17 13:27:17: SVG parse error: can't infer valid image dimensions from width:"100%" height:"100%"

✅ Mappa celeste generata: results_1272/sky.png

📋 Dettagli renderizzazione:
   Centro: RA 122.75° Dec 25.10°
   Campo visivo: 20.00°
   Dimensioni: 400x400 px
   Stelle visualizzate: 401
   Magnitudine limite: 8.00
   Linee costellazioni: 0
   Confini costellazioni: 0
   Griglia RA/Dec: ogni 10.00°
   Target: Gefion
[MapPathRenderer] Inizializzazione Mapnik...
[MapPathRenderer] Datasources registrate da: /opt/homebrew/lib/mapnik/input
[MapPathRenderer] Datasources registrate da: /usr/local/lib/mapnik/input
[MapPathRenderer] Datasources registrate da: /opt/homebrew/Cellar/mapnik/4.1.4_2/lib/mapnik/input
[MapPathRenderer] Plugin caricati: csv gdal geobuf geojson ogr pgraster postgis raster shape sqlite tiles topojson 
Campo visivo impostato: RA 122.75° Dec 25.10° FOV 2.00°
Magnitudine limite: 14.00
Aggiunte 805 stelle SAO
Target impostato: Gefion (RA 122.75° Dec 25.10°)

=== Rendering Finder Chart ===
Rendering confini costellazioni...
Rendering linee costellazioni...
Rendering stelle SAO...
Rendering target...

✓ Finder Chart generata: results_1272/finder.png
  ✅ Sfondo bianco per stampa
  ✅ Stelle del catalogo SAO con numeri
  ✅ Linee e confini delle costellazioni
Generating IOccult Card: ioccult_card_1272_2.png
[DEBUG] Entering generateGroundMapImage for asteroid 1272, name Gefion
[DEBUG] Central Path size: 0
[DEBUG] WARNING: Central path is empty!
[MapPathRenderer] Inizializzazione Mapnik...
[MapPathRenderer] Datasources registrate da: /opt/homebrew/lib/mapnik/input
[MapPathRenderer] Datasources registrate da: /usr/local/lib/mapnik/input
[MapPathRenderer] Datasources registrate da: /opt/homebrew/Cellar/mapnik/4.1.4_2/lib/mapnik/input
[MapPathRenderer] Plugin caricati: csv gdal geobuf geojson ogr pgraster postgis raster shape sqlite tiles topojson 
📐 Campo visivo impostato:
   Centro: RA 122.56° Dec 25.10°
   Campo visivo: 20.00°
🔆 Magnitudine limite: 8.00
⭐ Aggiunte 414 stelle SAO
🎯 Target impostato: Gefion
   RA: 122.56° Dec: 25.10°

🎨 === Rendering Mappa Celeste ===
📏 Rendering griglia di coordinate RA/Dec...
📍 Rendering confini costellazioni...
📐 Rendering linee costellazioni...
⭐ Rendering stelle SAO...
   Stelle visualizzate: 399
🎯 Rendering target e traiettoria...
💾 Salvataggio mappa...

✅ Mappa celeste generata: results_1272/sky.png

📋 Dettagli renderizzazione:
   Centro: RA 122.56° Dec 25.10°
   Campo visivo: 20.00°
   Dimensioni: 400x400 px
   Stelle visualizzate: 399
   Magnitudine limite: 8.00
   Linee costellazioni: 0
   Confini costellazioni: 0
   Griglia RA/Dec: ogni 10.00°
   Target: Gefion
[MapPathRenderer] Inizializzazione Mapnik...
[MapPathRenderer] Datasources registrate da: /opt/homebrew/lib/mapnik/input
[MapPathRenderer] Datasources registrate da: /usr/local/lib/mapnik/input
[MapPathRenderer] Datasources registrate da: /opt/homebrew/Cellar/mapnik/4.1.4_2/lib/mapnik/input
[MapPathRenderer] Plugin caricati: csv gdal geobuf geojson ogr pgraster postgis raster shape sqlite tiles topojson 
Campo visivo impostato: RA 122.56° Dec 25.10° FOV 2.00°
Magnitudine limite: 14.00
Aggiunte 803 stelle SAO
Target impostato: Gefion (RA 122.56° Dec 25.10°)

=== Rendering Finder Chart ===
Rendering confini costellazioni...
Rendering linee costellazioni...
Rendering stelle SAO...
Rendering target...

✓ Finder Chart generata: results_1272/finder.png
  ✅ Sfondo bianco per stampa
  ✅ Stelle del catalogo SAO con numeri
  ✅ Linee e confini delle costellazioni
Generating IOccult Card: ioccult_card_1272_3.png
[DEBUG] Entering generateGroundMapImage for asteroid 1272, name Gefion
[DEBUG] Central Path size: 0
[DEBUG] WARNING: Central path is empty!
[MapPathRenderer] Inizializzazione Mapnik...
[MapPathRenderer] Datasources registrate da: /opt/homebrew/lib/mapnik/input
[MapPathRenderer] Datasources registrate da: /usr/local/lib/mapnik/input
[MapPathRenderer] Datasources registrate da: /opt/homebrew/Cellar/mapnik/4.1.4_2/lib/mapnik/input
[MapPathRenderer] Plugin caricati: csv gdal geobuf geojson ogr pgraster postgis raster shape sqlite tiles topojson 
📐 Campo visivo impostato:
   Centro: RA 122.50° Dec 25.17°
   Campo visivo: 20.00°
🔆 Magnitudine limite: 8.00
⭐ Aggiunte 413 stelle SAO
🎯 Target impostato: Gefion
   RA: 122.50° Dec: 25.17°

🎨 === Rendering Mappa Celeste ===
📏 Rendering griglia di coordinate RA/Dec...
📍 Rendering confini costellazioni...
📐 Rendering linee costellazioni...
⭐ Rendering stelle SAO...
   Stelle visualizzate: 398
🎯 Rendering target e traiettoria...
💾 Salvataggio mappa...

✅ Mappa celeste generata: results_1272/sky.png

📋 Dettagli renderizzazione:
   Centro: RA 122.50° Dec 25.17°
   Campo visivo: 20.00°
   Dimensioni: 400x400 px
   Stelle visualizzate: 398
   Magnitudine limite: 8.00
   Linee costellazioni: 0
   Confini costellazioni: 0
   Griglia RA/Dec: ogni 10.00°
   Target: Gefion
[MapPathRenderer] Inizializzazione Mapnik...
[MapPathRenderer] Datasources registrate da: /opt/homebrew/lib/mapnik/input
[MapPathRenderer] Datasources registrate da: /usr/local/lib/mapnik/input
[MapPathRenderer] Datasources registrate da: /opt/homebrew/Cellar/mapnik/4.1.4_2/lib/mapnik/input
[MapPathRenderer] Plugin caricati: csv gdal geobuf geojson ogr pgraster postgis raster shape sqlite tiles topojson 
Campo visivo impostato: RA 122.50° Dec 25.17° FOV 2.00°
Magnitudine limite: 14.00
Aggiunte 809 stelle SAO
Target impostato: Gefion (RA 122.50° Dec 25.17°)

=== Rendering Finder Chart ===
Rendering confini costellazioni...
Rendering linee costellazioni...
Rendering stelle SAO...
Rendering target...

✓ Finder Chart generata: results_1272/finder.png
  ✅ Sfondo bianco per stampa
  ✅ Stelle del catalogo SAO con numeri
  ✅ Linee e confini delle costellazioni
Generating IOccult Card: ioccult_card_1272_4.png
[DEBUG] Entering generateGroundMapImage for asteroid 1272, name Gefion
[DEBUG] Central Path size: 0
[DEBUG] WARNING: Central path is empty!
[MapPathRenderer] Inizializzazione Mapnik...
[MapPathRenderer] Datasources registrate da: /opt/homebrew/lib/mapnik/input
[MapPathRenderer] Datasources registrate da: /usr/local/lib/mapnik/input
[MapPathRenderer] Datasources registrate da: /opt/homebrew/Cellar/mapnik/4.1.4_2/lib/mapnik/input
[MapPathRenderer] Plugin caricati: csv gdal geobuf geojson ogr pgraster postgis raster shape sqlite tiles topojson 
📐 Campo visivo impostato:
   Centro: RA 122.70° Dec 25.17°
   Campo visivo: 20.00°
🔆 Magnitudine limite: 8.00
⭐ Aggiunte 418 stelle SAO
🎯 Target impostato: Gefion
   RA: 122.70° Dec: 25.17°

🎨 === Rendering Mappa Celeste ===
📏 Rendering griglia di coordinate RA/Dec...
📍 Rendering confini costellazioni...
📐 Rendering linee costellazioni...
⭐ Rendering stelle SAO...
   Stelle visualizzate: 401
🎯 Rendering target e traiettoria...
💾 Salvataggio mappa...

✅ Mappa celeste generata: results_1272/sky.png

📋 Dettagli renderizzazione:
   Centro: RA 122.70° Dec 25.17°
   Campo visivo: 20.00°
   Dimensioni: 400x400 px
   Stelle visualizzate: 401
   Magnitudine limite: 8.00
   Linee costellazioni: 0
   Confini costellazioni: 0
   Griglia RA/Dec: ogni 10.00°
   Target: Gefion
[MapPathRenderer] Inizializzazione Mapnik...
[MapPathRenderer] Datasources registrate da: /opt/homebrew/lib/mapnik/input
[MapPathRenderer] Datasources registrate da: /usr/local/lib/mapnik/input
[MapPathRenderer] Datasources registrate da: /opt/homebrew/Cellar/mapnik/4.1.4_2/lib/mapnik/input
[MapPathRenderer] Plugin caricati: csv gdal geobuf geojson ogr pgraster postgis raster shape sqlite tiles topojson 
Campo visivo impostato: RA 122.70° Dec 25.17° FOV 2.00°
Magnitudine limite: 14.00
Aggiunte 799 stelle SAO
Target impostato: Gefion (RA 122.70° Dec 25.17°)

=== Rendering Finder Chart ===
Rendering confini costellazioni...
Rendering linee costellazioni...
Rendering stelle SAO...
Rendering target...

✓ Finder Chart generata: results_1272/finder.png
  ✅ Sfondo bianco per stampa
  ✅ Stelle del catalogo SAO con numeri
  ✅ Linee e confini delle costellazioni
Generating IOccult Card: ioccult_card_1272_5.png
[DEBUG] Entering generateGroundMapImage for asteroid 1272, name Gefion
[DEBUG] Central Path size: 0
[DEBUG] WARNING: Central path is empty!
[MapPathRenderer] Inizializzazione Mapnik...
[MapPathRenderer] Datasources registrate da: /opt/homebrew/lib/mapnik/input
[MapPathRenderer] Datasources registrate da: /usr/local/lib/mapnik/input
[MapPathRenderer] Datasources registrate da: /opt/homebrew/Cellar/mapnik/4.1.4_2/lib/mapnik/input
[MapPathRenderer] Plugin caricati: csv gdal geobuf geojson ogr pgraster postgis raster shape sqlite tiles topojson 
📐 Campo visivo impostato:
   Centro: RA 122.65° Dec 25.18°
   Campo visivo: 20.00°
🔆 Magnitudine limite: 8.00
⭐ Aggiunte 416 stelle SAO
🎯 Target impostato: Gefion
   RA: 122.65° Dec: 25.18°

🎨 === Rendering Mappa Celeste ===
📏 Rendering griglia di coordinate RA/Dec...
📍 Rendering confini costellazioni...
📐 Rendering linee costellazioni...
⭐ Rendering stelle SAO...
   Stelle visualizzate: 400
🎯 Rendering target e traiettoria...
💾 Salvataggio mappa...

✅ Mappa celeste generata: results_1272/sky.png

📋 Dettagli renderizzazione:
   Centro: RA 122.65° Dec 25.18°
   Campo visivo: 20.00°
   Dimensioni: 400x400 px
   Stelle visualizzate: 400
   Magnitudine limite: 8.00
   Linee costellazioni: 0
   Confini costellazioni: 0
   Griglia RA/Dec: ogni 10.00°
   Target: Gefion
[MapPathRenderer] Inizializzazione Mapnik...
[MapPathRenderer] Datasources registrate da: /opt/homebrew/lib/mapnik/input
[MapPathRenderer] Datasources registrate da: /usr/local/lib/mapnik/input
[MapPathRenderer] Datasources registrate da: /opt/homebrew/Cellar/mapnik/4.1.4_2/lib/mapnik/input
[MapPathRenderer] Plugin caricati: csv gdal geobuf geojson ogr pgraster postgis raster shape sqlite tiles topojson 
Campo visivo impostato: RA 122.65° Dec 25.18° FOV 2.00°
Magnitudine limite: 14.00
Aggiunte 803 stelle SAO
Target impostato: Gefion (RA 122.65° Dec 25.18°)

=== Rendering Finder Chart ===
Rendering confini costellazioni...
Rendering linee costellazioni...
Rendering stelle SAO...
Rendering target...

✓ Finder Chart generata: results_1272/finder.png
  ✅ Sfondo bianco per stampa
  ✅ Stelle del catalogo SAO con numeri
  ✅ Linee e confini delle costellazioni
Generating IOccult Card: ioccult_card_1272_6.png
[DEBUG] Entering generateGroundMapImage for asteroid 1272, name Gefion
[DEBUG] Central Path size: 0
[DEBUG] WARNING: Central path is empty!
[MapPathRenderer] Inizializzazione Mapnik...
[MapPathRenderer] Datasources registrate da: /opt/homebrew/lib/mapnik/input
[MapPathRenderer] Datasources registrate da: /usr/local/lib/mapnik/input
[MapPathRenderer] Datasources registrate da: /opt/homebrew/Cellar/mapnik/4.1.4_2/lib/mapnik/input
[MapPathRenderer] Plugin caricati: csv gdal geobuf geojson ogr pgraster postgis raster shape sqlite tiles topojson 
📐 Campo visivo impostato:
   Centro: RA 122.74° Dec 25.19°
   Campo visivo: 20.00°
🔆 Magnitudine limite: 8.00
⭐ Aggiunte 417 stelle SAO
🎯 Target impostato: Gefion
   RA: 122.74° Dec: 25.19°

🎨 === Rendering Mappa Celeste ===
📏 Rendering griglia di coordinate RA/Dec...
📍 Rendering confini costellazioni...
📐 Rendering linee costellazioni...
⭐ Rendering stelle SAO...
   Stelle visualizzate: 401
🎯 Rendering target e traiettoria...
💾 Salvataggio mappa...

✅ Mappa celeste generata: results_1272/sky.png

📋 Dettagli renderizzazione:
   Centro: RA 122.74° Dec 25.19°
   Campo visivo: 20.00°
   Dimensioni: 400x400 px
   Stelle visualizzate: 401
   Magnitudine limite: 8.00
   Linee costellazioni: 0
   Confini costellazioni: 0
   Griglia RA/Dec: ogni 10.00°
   Target: Gefion
[MapPathRenderer] Inizializzazione Mapnik...
[MapPathRenderer] Datasources registrate da: /opt/homebrew/lib/mapnik/input
[MapPathRenderer] Datasources registrate da: /usr/local/lib/mapnik/input
[MapPathRenderer] Datasources registrate da: /opt/homebrew/Cellar/mapnik/4.1.4_2/lib/mapnik/input
[MapPathRenderer] Plugin caricati: csv gdal geobuf geojson ogr pgraster postgis raster shape sqlite tiles topojson 
Campo visivo impostato: RA 122.74° Dec 25.19° FOV 2.00°
Magnitudine limite: 14.00
Aggiunte 799 stelle SAO
Target impostato: Gefion (RA 122.74° Dec 25.19°)

=== Rendering Finder Chart ===
Rendering confini costellazioni...
Rendering linee costellazioni...
Rendering stelle SAO...
Rendering target...

✓ Finder Chart generata: results_1272/finder.png
  ✅ Sfondo bianco per stampa
  ✅ Stelle del catalogo SAO con numeri
  ✅ Linee e confini delle costellazioni
Generating IOccult Card: ioccult_card_1272_7.png
[DEBUG] Entering generateGroundMapImage for asteroid 1272, name Gefion
[DEBUG] Central Path size: 0
[DEBUG] WARNING: Central path is empty!
[MapPathRenderer] Inizializzazione Mapnik...
[MapPathRenderer] Datasources registrate da: /opt/homebrew/lib/mapnik/input
[MapPathRenderer] Datasources registrate da: /usr/local/lib/mapnik/input
[MapPathRenderer] Datasources registrate da: /opt/homebrew/Cellar/mapnik/4.1.4_2/lib/mapnik/input
[MapPathRenderer] Plugin caricati: csv gdal geobuf geojson ogr pgraster postgis raster shape sqlite tiles topojson 
📐 Campo visivo impostato:
   Centro: RA 122.78° Dec 25.20°
   Campo visivo: 20.00°
🔆 Magnitudine limite: 8.00
⭐ Aggiunte 416 stelle SAO
🎯 Target impostato: Gefion
   RA: 122.78° Dec: 25.20°

🎨 === Rendering Mappa Celeste ===
📏 Rendering griglia di coordinate RA/Dec...
📍 Rendering confini costellazioni...
📐 Rendering linee costellazioni...
⭐ Rendering stelle SAO...
   Stelle visualizzate: 400
🎯 Rendering target e traiettoria...
💾 Salvataggio mappa...

✅ Mappa celeste generata: results_1272/sky.png

📋 Dettagli renderizzazione:
   Centro: RA 122.78° Dec 25.20°
   Campo visivo: 20.00°
   Dimensioni: 400x400 px
   Stelle visualizzate: 400
   Magnitudine limite: 8.00
   Linee costellazioni: 0
   Confini costellazioni: 0
   Griglia RA/Dec: ogni 10.00°
   Target: Gefion
[MapPathRenderer] Inizializzazione Mapnik...
[MapPathRenderer] Datasources registrate da: /opt/homebrew/lib/mapnik/input
[MapPathRenderer] Datasources registrate da: /usr/local/lib/mapnik/input
[MapPathRenderer] Datasources registrate da: /opt/homebrew/Cellar/mapnik/4.1.4_2/lib/mapnik/input
[MapPathRenderer] Plugin caricati: csv gdal geobuf geojson ogr pgraster postgis raster shape sqlite tiles topojson 
Campo visivo impostato: RA 122.78° Dec 25.20° FOV 2.00°
Magnitudine limite: 14.00
Aggiunte 797 stelle SAO
Target impostato: Gefion (RA 122.78° Dec 25.20°)

=== Rendering Finder Chart ===
Rendering confini costellazioni...
Rendering linee costellazioni...
Rendering stelle SAO...
Rendering target...

✓ Finder Chart generata: results_1272/finder.png
  ✅ Sfondo bianco per stampa
  ✅ Stelle del catalogo SAO con numeri
  ✅ Linee e confini delle costellazioni
Generating IOccult Card: ioccult_card_1272_8.png
[DEBUG] Entering generateGroundMapImage for asteroid 1272, name Gefion
[DEBUG] Central Path size: 0
[DEBUG] WARNING: Central path is empty!
[MapPathRenderer] Inizializzazione Mapnik...
[MapPathRenderer] Datasources registrate da: /opt/homebrew/lib/mapnik/input
[MapPathRenderer] Datasources registrate da: /usr/local/lib/mapnik/input
[MapPathRenderer] Datasources registrate da: /opt/homebrew/Cellar/mapnik/4.1.4_2/lib/mapnik/input
[MapPathRenderer] Plugin caricati: csv gdal geobuf geojson ogr pgraster postgis raster shape sqlite tiles topojson 
📐 Campo visivo impostato:
   Centro: RA 122.61° Dec 25.20°
   Campo visivo: 20.00°
🔆 Magnitudine limite: 8.00
⭐ Aggiunte 415 stelle SAO
🎯 Target impostato: Gefion
   RA: 122.61° Dec: 25.20°

🎨 === Rendering Mappa Celeste ===
📏 Rendering griglia di coordinate RA/Dec...
📍 Rendering confini costellazioni...
📐 Rendering linee costellazioni...
⭐ Rendering stelle SAO...
   Stelle visualizzate: 399
🎯 Rendering target e traiettoria...
💾 Salvataggio mappa...

✅ Mappa celeste generata: results_1272/sky.png

📋 Dettagli renderizzazione:
   Centro: RA 122.61° Dec 25.20°
   Campo visivo: 20.00°
   Dimensioni: 400x400 px
   Stelle visualizzate: 399
   Magnitudine limite: 8.00
   Linee costellazioni: 0
   Confini costellazioni: 0
   Griglia RA/Dec: ogni 10.00°
   Target: Gefion
[MapPathRenderer] Inizializzazione Mapnik...
[MapPathRenderer] Datasources registrate da: /opt/homebrew/lib/mapnik/input
[MapPathRenderer] Datasources registrate da: /usr/local/lib/mapnik/input
[MapPathRenderer] Datasources registrate da: /opt/homebrew/Cellar/mapnik/4.1.4_2/lib/mapnik/input
[MapPathRenderer] Plugin caricati: csv gdal geobuf geojson ogr pgraster postgis raster shape sqlite tiles topojson 
Campo visivo impostato: RA 122.61° Dec 25.20° FOV 2.00°
Magnitudine limite: 14.00
Aggiunte 801 stelle SAO
Target impostato: Gefion (RA 122.61° Dec 25.20°)

=== Rendering Finder Chart ===
Rendering confini costellazioni...
Rendering linee costellazioni...
Rendering stelle SAO...
Rendering target...

✓ Finder Chart generata: results_1272/finder.png
  ✅ Sfondo bianco per stampa
  ✅ Stelle del catalogo SAO con numeri
  ✅ Linee e confini delle costellazioni
Generating IOccult Card: ioccult_card_1272_9.png
[DEBUG] Entering generateGroundMapImage for asteroid 1272, name Gefion
[DEBUG] Central Path size: 0
[DEBUG] WARNING: Central path is empty!
[MapPathRenderer] Inizializzazione Mapnik...
[MapPathRenderer] Datasources registrate da: /opt/homebrew/lib/mapnik/input
[MapPathRenderer] Datasources registrate da: /usr/local/lib/mapnik/input
[MapPathRenderer] Datasources registrate da: /opt/homebrew/Cellar/mapnik/4.1.4_2/lib/mapnik/input
[MapPathRenderer] Plugin caricati: csv gdal geobuf geojson ogr pgraster postgis raster shape sqlite tiles topojson 
📐 Campo visivo impostato:
   Centro: RA 123.13° Dec 25.07°
   Campo visivo: 20.00°
🔆 Magnitudine limite: 8.00
⭐ Aggiunte 412 stelle SAO
🎯 Target impostato: Gefion
   RA: 123.13° Dec: 25.07°

🎨 === Rendering Mappa Celeste ===
📏 Rendering griglia di coordinate RA/Dec...
📍 Rendering confini costellazioni...
📐 Rendering linee costellazioni...
⭐ Rendering stelle SAO...
   Stelle visualizzate: 398
🎯 Rendering target e traiettoria...
💾 Salvataggio mappa...

✅ Mappa celeste generata: results_1272/sky.png

📋 Dettagli renderizzazione:
   Centro: RA 123.13° Dec 25.07°
   Campo visivo: 20.00°
   Dimensioni: 400x400 px
   Stelle visualizzate: 398
   Magnitudine limite: 8.00
   Linee costellazioni: 0
   Confini costellazioni: 0
   Griglia RA/Dec: ogni 10.00°
   Target: Gefion
[MapPathRenderer] Inizializzazione Mapnik...
[MapPathRenderer] Datasources registrate da: /opt/homebrew/lib/mapnik/input
[MapPathRenderer] Datasources registrate da: /usr/local/lib/mapnik/input
[MapPathRenderer] Datasources registrate da: /opt/homebrew/Cellar/mapnik/4.1.4_2/lib/mapnik/input
[MapPathRenderer] Plugin caricati: csv gdal geobuf geojson ogr pgraster postgis raster shape sqlite tiles topojson 
Campo visivo impostato: RA 123.13° Dec 25.07° FOV 2.00°
Magnitudine limite: 14.00
Aggiunte 777 stelle SAO
Target impostato: Gefion (RA 123.13° Dec 25.07°)

=== Rendering Finder Chart ===
Rendering confini costellazioni...
Rendering linee costellazioni...
Rendering stelle SAO...
Rendering target...

✓ Finder Chart generata: results_1272/finder.png
  ✅ Sfondo bianco per stampa
  ✅ Stelle del catalogo SAO con numeri
  ✅ Linee e confini delle costellazioni
Generating IOccult Card: ioccult_card_1272_10.png
[DEBUG] Entering generateGroundMapImage for asteroid 1272, name Gefion
[DEBUG] Central Path size: 0
[DEBUG] WARNING: Central path is empty!
[MapPathRenderer] Inizializzazione Mapnik...
[MapPathRenderer] Datasources registrate da: /opt/homebrew/lib/mapnik/input
[MapPathRenderer] Datasources registrate da: /usr/local/lib/mapnik/input
[MapPathRenderer] Datasources registrate da: /opt/homebrew/Cellar/mapnik/4.1.4_2/lib/mapnik/input
[MapPathRenderer] Plugin caricati: csv gdal geobuf geojson ogr pgraster postgis raster shape sqlite tiles topojson 
📐 Campo visivo impostato:
   Centro: RA 122.83° Dec 25.09°
   Campo visivo: 20.00°
🔆 Magnitudine limite: 8.00
⭐ Aggiunte 415 stelle SAO
🎯 Target impostato: Gefion
   RA: 122.83° Dec: 25.09°

🎨 === Rendering Mappa Celeste ===
📏 Rendering griglia di coordinate RA/Dec...
📍 Rendering confini costellazioni...
📐 Rendering linee costellazioni...
⭐ Rendering stelle SAO...
   Stelle visualizzate: 400
🎯 Rendering target e traiettoria...
💾 Salvataggio mappa...

✅ Mappa celeste generata: results_1272/sky.png

📋 Dettagli renderizzazione:
   Centro: RA 122.83° Dec 25.09°
   Campo visivo: 20.00°
   Dimensioni: 400x400 px
   Stelle visualizzate: 400
   Magnitudine limite: 8.00
   Linee costellazioni: 0
   Confini costellazioni: 0
   Griglia RA/Dec: ogni 10.00°
   Target: Gefion
[MapPathRenderer] Inizializzazione Mapnik...
[MapPathRenderer] Datasources registrate da: /opt/homebrew/lib/mapnik/input
[MapPathRenderer] Datasources registrate da: /usr/local/lib/mapnik/input
[MapPathRenderer] Datasources registrate da: /opt/homebrew/Cellar/mapnik/4.1.4_2/lib/mapnik/input
[MapPathRenderer] Plugin caricati: csv gdal geobuf geojson ogr pgraster postgis raster shape sqlite tiles topojson 
Campo visivo impostato: RA 122.83° Dec 25.09° FOV 2.00°
Magnitudine limite: 14.00
Aggiunte 799 stelle SAO
Target impostato: Gefion (RA 122.83° Dec 25.09°)

=== Rendering Finder Chart ===
Rendering confini costellazioni...
Rendering linee costellazioni...
Rendering stelle SAO...
Rendering target...

✓ Finder Chart generata: results_1272/finder.png
  ✅ Sfondo bianco per stampa
  ✅ Stelle del catalogo SAO con numeri
  ✅ Linee e confini delle costellazioni
Generating IOccult Card: ioccult_card_1272_11.png
[DEBUG] Entering generateGroundMapImage for asteroid 1272, name Gefion
[DEBUG] Central Path size: 0
[DEBUG] WARNING: Central path is empty!
[MapPathRenderer] Inizializzazione Mapnik...
[MapPathRenderer] Datasources registrate da: /opt/homebrew/lib/mapnik/input
[MapPathRenderer] Datasources registrate da: /usr/local/lib/mapnik/input
[MapPathRenderer] Datasources registrate da: /opt/homebrew/Cellar/mapnik/4.1.4_2/lib/mapnik/input
[MapPathRenderer] Plugin caricati: csv gdal geobuf geojson ogr pgraster postgis raster shape sqlite tiles topojson 
📐 Campo visivo impostato:
   Centro: RA 122.85° Dec 25.10°
   Campo visivo: 20.00°
🔆 Magnitudine limite: 8.00
⭐ Aggiunte 417 stelle SAO
🎯 Target impostato: Gefion
   RA: 122.85° Dec: 25.10°

🎨 === Rendering Mappa Celeste ===
📏 Rendering griglia di coordinate RA/Dec...
📍 Rendering confini costellazioni...
📐 Rendering linee costellazioni...
⭐ Rendering stelle SAO...
   Stelle visualizzate: 402
🎯 Rendering target e traiettoria...
💾 Salvataggio mappa...

✅ Mappa celeste generata: results_1272/sky.png

📋 Dettagli renderizzazione:
   Centro: RA 122.85° Dec 25.10°
   Campo visivo: 20.00°
   Dimensioni: 400x400 px
   Stelle visualizzate: 402
   Magnitudine limite: 8.00
   Linee costellazioni: 0
   Confini costellazioni: 0
   Griglia RA/Dec: ogni 10.00°
   Target: Gefion
[MapPathRenderer] Inizializzazione Mapnik...
[MapPathRenderer] Datasources registrate da: /opt/homebrew/lib/mapnik/input
[MapPathRenderer] Datasources registrate da: /usr/local/lib/mapnik/input
[MapPathRenderer] Datasources registrate da: /opt/homebrew/Cellar/mapnik/4.1.4_2/lib/mapnik/input
[MapPathRenderer] Plugin caricati: csv gdal geobuf geojson ogr pgraster postgis raster shape sqlite tiles topojson 
Campo visivo impostato: RA 122.85° Dec 25.10° FOV 2.00°
Magnitudine limite: 14.00
Aggiunte 801 stelle SAO
Target impostato: Gefion (RA 122.85° Dec 25.10°)

=== Rendering Finder Chart ===
Rendering confini costellazioni...
Rendering linee costellazioni...
Rendering stelle SAO...
Rendering target...

✓ Finder Chart generata: results_1272/finder.png
  ✅ Sfondo bianco per stampa
  ✅ Stelle del catalogo SAO con numeri
  ✅ Linee e confini delle costellazioni
Generating IOccult Card: ioccult_card_1272_12.png
[DEBUG] Entering generateGroundMapImage for asteroid 1272, name Gefion
[DEBUG] Central Path size: 15
[OutputManager] Ground Map First Point: Lat=7.32 Lon=85.09
[MapPathRenderer] Inizializzazione Mapnik...
[MapPathRenderer] Datasources registrate da: /opt/homebrew/lib/mapnik/input
[MapPathRenderer] Datasources registrate da: /usr/local/lib/mapnik/input
[MapPathRenderer] Datasources registrate da: /opt/homebrew/Cellar/mapnik/4.1.4_2/lib/mapnik/input
[MapPathRenderer] Plugin caricati: csv gdal geobuf geojson ogr pgraster postgis raster shape sqlite tiles topojson 

=== Rendering Occultation Map ===
Calcolo estensione mappa...
Aggiunta griglia di coordinate...
Caricamento shapefile da: external/IOC_Earth/data/
[MapPathRenderer] Datasource creato per: countries
[MapPathRenderer] Layer countries envelope: -180.00,-90.00 to 180.00,83.60
[MapPathRenderer] Datasource creato per: states
[MapPathRenderer] Layer states envelope: -180.00,-90.00 to 180.00,83.63
Error adding shapefile layer: Failed to parse color: "none"
[MapPathRenderer] Datasource creato per: lakes
[MapPathRenderer] Layer lakes envelope: -165.90,-50.62 to 176.08,81.94
[MapPathRenderer] Datasource creato per: coastline
[MapPathRenderer] Layer coastline envelope: -180.00,-85.19 to 180.00,83.60
Error adding shapefile layer: Failed to parse color: "none"
Rendering limiti sigma...
Rendering margini geometrici...
Rendering linea centrale...
Rendering time markers...
Rendering stazioni osservazione...
Rendering percorsi comparativi...
Rendering finale...

✓ Mappa occultazione generata: results_1272/ground.png

Dettagli:
  Evento: EVT_1272
  Asteroide: Gefion
  Stella: 681067090275723392
  Tempo: 2026-01-XX
  Durata: 0.61 secondi
  Calo magnitudine: -3.54
  ✓ Griglia RA/Dec ogni 5.00° visibile
[MapPathRenderer] Inizializzazione Mapnik...
[MapPathRenderer] Datasources registrate da: /opt/homebrew/lib/mapnik/input
[MapPathRenderer] Datasources registrate da: /usr/local/lib/mapnik/input
[MapPathRenderer] Datasources registrate da: /opt/homebrew/Cellar/mapnik/4.1.4_2/lib/mapnik/input
[MapPathRenderer] Plugin caricati: csv gdal geobuf geojson ogr pgraster postgis raster shape sqlite tiles topojson 
📐 Campo visivo impostato:
   Centro: RA 122.84° Dec 25.14°
   Campo visivo: 20.00°
🔆 Magnitudine limite: 8.00
⭐ Aggiunte 416 stelle SAO
🎯 Target impostato: Gefion
   RA: 122.84° Dec: 25.14°

🎨 === Rendering Mappa Celeste ===
📏 Rendering griglia di coordinate RA/Dec...
📍 Rendering confini costellazioni...
📐 Rendering linee costellazioni...
⭐ Rendering stelle SAO...
   Stelle visualizzate: 400
🎯 Rendering target e traiettoria...
💾 Salvataggio mappa...

✅ Mappa celeste generata: results_1272/sky.png

📋 Dettagli renderizzazione:
   Centro: RA 122.84° Dec 25.14°
   Campo visivo: 20.00°
   Dimensioni: 400x400 px
   Stelle visualizzate: 400
   Magnitudine limite: 8.00
   Linee costellazioni: 0
   Confini costellazioni: 0
   Griglia RA/Dec: ogni 10.00°
   Target: Gefion
[MapPathRenderer] Inizializzazione Mapnik...
[MapPathRenderer] Datasources registrate da: /opt/homebrew/lib/mapnik/input
[MapPathRenderer] Datasources registrate da: /usr/local/lib/mapnik/input
[MapPathRenderer] Datasources registrate da: /opt/homebrew/Cellar/mapnik/4.1.4_2/lib/mapnik/input
[MapPathRenderer] Plugin caricati: csv gdal geobuf geojson ogr pgraster postgis raster shape sqlite tiles topojson 
Campo visivo impostato: RA 122.84° Dec 25.14° FOV 2.00°
Magnitudine limite: 14.00
Aggiunte 799 stelle SAO
Target impostato: Gefion (RA 122.84° Dec 25.14°)

=== Rendering Finder Chart ===
Rendering confini costellazioni...
Rendering linee costellazioni...
Rendering stelle SAO...
Rendering target...

✓ Finder Chart generata: results_1272/finder.png
  ✅ Sfondo bianco per stampa
  ✅ Stelle del catalogo SAO con numeri
  ✅ Linee e confini delle costellazioni
[OutputManager] Compositing final card: magick convert (results_1272/ground.png) (results_1272/sky.png results_1272/finder.png +append) -append results_1272/ioccult_card_1272_12.png
sh: -c: line 0: syntax error near unexpected token `('
sh: -c: line 0: `magick convert (results_1272/ground.png) (results_1272/sky.png results_1272/finder.png +append) -append results_1272/ioccult_card_1272_12.png'
Generating IOccult Card: ioccult_card_1272_13.png
[DEBUG] Entering generateGroundMapImage for asteroid 1272, name Gefion
[DEBUG] Central Path size: 0
[DEBUG] WARNING: Central path is empty!
[MapPathRenderer] Inizializzazione Mapnik...
[MapPathRenderer] Datasources registrate da: /opt/homebrew/lib/mapnik/input
[MapPathRenderer] Datasources registrate da: /usr/local/lib/mapnik/input
[MapPathRenderer] Datasources registrate da: /opt/homebrew/Cellar/mapnik/4.1.4_2/lib/mapnik/input
[MapPathRenderer] Plugin caricati: csv gdal geobuf geojson ogr pgraster postgis raster shape sqlite tiles topojson 
📐 Campo visivo impostato:
   Centro: RA 122.93° Dec 25.14°
   Campo visivo: 20.00°
🔆 Magnitudine limite: 8.00
⭐ Aggiunte 414 stelle SAO
🎯 Target impostato: Gefion
   RA: 122.93° Dec: 25.14°

🎨 === Rendering Mappa Celeste ===
📏 Rendering griglia di coordinate RA/Dec...
📍 Rendering confini costellazioni...
📐 Rendering linee costellazioni...
⭐ Rendering stelle SAO...
   Stelle visualizzate: 398
🎯 Rendering target e traiettoria...
💾 Salvataggio mappa...

✅ Mappa celeste generata: results_1272/sky.png

📋 Dettagli renderizzazione:
   Centro: RA 122.93° Dec 25.14°
   Campo visivo: 20.00°
   Dimensioni: 400x400 px
   Stelle visualizzate: 398
   Magnitudine limite: 8.00
   Linee costellazioni: 0
   Confini costellazioni: 0
   Griglia RA/Dec: ogni 10.00°
   Target: Gefion
[MapPathRenderer] Inizializzazione Mapnik...
[MapPathRenderer] Datasources registrate da: /opt/homebrew/lib/mapnik/input
[MapPathRenderer] Datasources registrate da: /usr/local/lib/mapnik/input
[MapPathRenderer] Datasources registrate da: /opt/homebrew/Cellar/mapnik/4.1.4_2/lib/mapnik/input
[MapPathRenderer] Plugin caricati: csv gdal geobuf geojson ogr pgraster postgis raster shape sqlite tiles topojson 
Campo visivo impostato: RA 122.93° Dec 25.14° FOV 2.00°
Magnitudine limite: 14.00
Aggiunte 799 stelle SAO
Target impostato: Gefion (RA 122.93° Dec 25.14°)

=== Rendering Finder Chart ===
Rendering confini costellazioni...
Rendering linee costellazioni...
Rendering stelle SAO...
Rendering target...

✓ Finder Chart generata: results_1272/finder.png
  ✅ Sfondo bianco per stampa
  ✅ Stelle del catalogo SAO con numeri
  ✅ Linee e confini delle costellazioni
Generating IOccult Card: ioccult_card_1272_14.png
[DEBUG] Entering generateGroundMapImage for asteroid 1272, name Gefion
[DEBUG] Central Path size: 0
[DEBUG] WARNING: Central path is empty!
[MapPathRenderer] Inizializzazione Mapnik...
[MapPathRenderer] Datasources registrate da: /opt/homebrew/lib/mapnik/input
[MapPathRenderer] Datasources registrate da: /usr/local/lib/mapnik/input
[MapPathRenderer] Datasources registrate da: /opt/homebrew/Cellar/mapnik/4.1.4_2/lib/mapnik/input
[MapPathRenderer] Plugin caricati: csv gdal geobuf geojson ogr pgraster postgis raster shape sqlite tiles topojson 
📐 Campo visivo impostato:
   Centro: RA 122.95° Dec 25.15°
   Campo visivo: 20.00°
🔆 Magnitudine limite: 8.00
⭐ Aggiunte 414 stelle SAO
🎯 Target impostato: Gefion
   RA: 122.95° Dec: 25.15°

🎨 === Rendering Mappa Celeste ===
📏 Rendering griglia di coordinate RA/Dec...
📍 Rendering confini costellazioni...
📐 Rendering linee costellazioni...
⭐ Rendering stelle SAO...
   Stelle visualizzate: 398
🎯 Rendering target e traiettoria...
💾 Salvataggio mappa...

✅ Mappa celeste generata: results_1272/sky.png

📋 Dettagli renderizzazione:
   Centro: RA 122.95° Dec 25.15°
   Campo visivo: 20.00°
   Dimensioni: 400x400 px
   Stelle visualizzate: 398
   Magnitudine limite: 8.00
   Linee costellazioni: 0
   Confini costellazioni: 0
   Griglia RA/Dec: ogni 10.00°
   Target: Gefion
[MapPathRenderer] Inizializzazione Mapnik...
[MapPathRenderer] Datasources registrate da: /opt/homebrew/lib/mapnik/input
[MapPathRenderer] Datasources registrate da: /usr/local/lib/mapnik/input
[MapPathRenderer] Datasources registrate da: /opt/homebrew/Cellar/mapnik/4.1.4_2/lib/mapnik/input
[MapPathRenderer] Plugin caricati: csv gdal geobuf geojson ogr pgraster postgis raster shape sqlite tiles topojson 
Campo visivo impostato: RA 122.95° Dec 25.15° FOV 2.00°
Magnitudine limite: 14.00
Aggiunte 797 stelle SAO
Target impostato: Gefion (RA 122.95° Dec 25.15°)

=== Rendering Finder Chart ===
Rendering confini costellazioni...
Rendering linee costellazioni...
Rendering stelle SAO...
Rendering target...

✓ Finder Chart generata: results_1272/finder.png
  ✅ Sfondo bianco per stampa
  ✅ Stelle del catalogo SAO con numeri
  ✅ Linee e confini delle costellazioni
Generating IOccult Card: ioccult_card_1272_15.png
[DEBUG] Entering generateGroundMapImage for asteroid 1272, name Gefion
[DEBUG] Central Path size: 0
[DEBUG] WARNING: Central path is empty!
[MapPathRenderer] Inizializzazione Mapnik...
[MapPathRenderer] Datasources registrate da: /opt/homebrew/lib/mapnik/input
[MapPathRenderer] Datasources registrate da: /usr/local/lib/mapnik/input
[MapPathRenderer] Datasources registrate da: /opt/homebrew/Cellar/mapnik/4.1.4_2/lib/mapnik/input
[MapPathRenderer] Plugin caricati: csv gdal geobuf geojson ogr pgraster postgis raster shape sqlite tiles topojson 
📐 Campo visivo impostato:
   Centro: RA 122.92° Dec 25.16°
   Campo visivo: 20.00°
🔆 Magnitudine limite: 8.00
⭐ Aggiunte 414 stelle SAO
🎯 Target impostato: Gefion
   RA: 122.92° Dec: 25.16°

🎨 === Rendering Mappa Celeste ===
📏 Rendering griglia di coordinate RA/Dec...
📍 Rendering confini costellazioni...
📐 Rendering linee costellazioni...
⭐ Rendering stelle SAO...
   Stelle visualizzate: 398
🎯 Rendering target e traiettoria...
💾 Salvataggio mappa...

✅ Mappa celeste generata: results_1272/sky.png

📋 Dettagli renderizzazione:
   Centro: RA 122.92° Dec 25.16°
   Campo visivo: 20.00°
   Dimensioni: 400x400 px
   Stelle visualizzate: 398
   Magnitudine limite: 8.00
   Linee costellazioni: 0
   Confini costellazioni: 0
   Griglia RA/Dec: ogni 10.00°
   Target: Gefion
[MapPathRenderer] Inizializzazione Mapnik...
[MapPathRenderer] Datasources registrate da: /opt/homebrew/lib/mapnik/input
[MapPathRenderer] Datasources registrate da: /usr/local/lib/mapnik/input
[MapPathRenderer] Datasources registrate da: /opt/homebrew/Cellar/mapnik/4.1.4_2/lib/mapnik/input
[MapPathRenderer] Plugin caricati: csv gdal geobuf geojson ogr pgraster postgis raster shape sqlite tiles topojson 
Campo visivo impostato: RA 122.92° Dec 25.16° FOV 2.00°
Magnitudine limite: 14.00
Aggiunte 799 stelle SAO
Target impostato: Gefion (RA 122.92° Dec 25.16°)

=== Rendering Finder Chart ===
Rendering confini costellazioni...
Rendering linee costellazioni...
Rendering stelle SAO...
Rendering target...

✓ Finder Chart generata: results_1272/finder.png
  ✅ Sfondo bianco per stampa
  ✅ Stelle del catalogo SAO con numeri
  ✅ Linee e confini delle costellazioni
Generating IOccult Card: ioccult_card_1272_16.png
[DEBUG] Entering generateGroundMapImage for asteroid 1272, name Gefion
[DEBUG] Central Path size: 0
[DEBUG] WARNING: Central path is empty!
[MapPathRenderer] Inizializzazione Mapnik...
[MapPathRenderer] Datasources registrate da: /opt/homebrew/lib/mapnik/input
[MapPathRenderer] Datasources registrate da: /usr/local/lib/mapnik/input
[MapPathRenderer] Datasources registrate da: /opt/homebrew/Cellar/mapnik/4.1.4_2/lib/mapnik/input
[MapPathRenderer] Plugin caricati: csv gdal geobuf geojson ogr pgraster postgis raster shape sqlite tiles topojson 
📐 Campo visivo impostato:
   Centro: RA 122.89° Dec 25.22°
   Campo visivo: 20.00°
🔆 Magnitudine limite: 8.00
⭐ Aggiunte 415 stelle SAO
🎯 Target impostato: Gefion
   RA: 122.89° Dec: 25.22°

🎨 === Rendering Mappa Celeste ===
📏 Rendering griglia di coordinate RA/Dec...
📍 Rendering confini costellazioni...
📐 Rendering linee costellazioni...
⭐ Rendering stelle SAO...
   Stelle visualizzate: 399
🎯 Rendering target e traiettoria...
💾 Salvataggio mappa...

✅ Mappa celeste generata: results_1272/sky.png

📋 Dettagli renderizzazione:
   Centro: RA 122.89° Dec 25.22°
   Campo visivo: 20.00°
   Dimensioni: 400x400 px
   Stelle visualizzate: 399
   Magnitudine limite: 8.00
   Linee costellazioni: 0
   Confini costellazioni: 0
   Griglia RA/Dec: ogni 10.00°
   Target: Gefion
[MapPathRenderer] Inizializzazione Mapnik...
[MapPathRenderer] Datasources registrate da: /opt/homebrew/lib/mapnik/input
[MapPathRenderer] Datasources registrate da: /usr/local/lib/mapnik/input
[MapPathRenderer] Datasources registrate da: /opt/homebrew/Cellar/mapnik/4.1.4_2/lib/mapnik/input
[MapPathRenderer] Plugin caricati: csv gdal geobuf geojson ogr pgraster postgis raster shape sqlite tiles topojson 
Campo visivo impostato: RA 122.89° Dec 25.22° FOV 2.00°
Magnitudine limite: 14.00
Aggiunte 789 stelle SAO
Target impostato: Gefion (RA 122.89° Dec 25.22°)

=== Rendering Finder Chart ===
Rendering confini costellazioni...
Rendering linee costellazioni...
Rendering stelle SAO...
Rendering target...

✓ Finder Chart generata: results_1272/finder.png
  ✅ Sfondo bianco per stampa
  ✅ Stelle del catalogo SAO con numeri
  ✅ Linee e confini delle costellazioni
Generating IOccult Card: ioccult_card_1272_17.png
[DEBUG] Entering generateGroundMapImage for asteroid 1272, name Gefion
[DEBUG] Central Path size: 0
[DEBUG] WARNING: Central path is empty!
[MapPathRenderer] Inizializzazione Mapnik...
[MapPathRenderer] Datasources registrate da: /opt/homebrew/lib/mapnik/input
[MapPathRenderer] Datasources registrate da: /usr/local/lib/mapnik/input
[MapPathRenderer] Datasources registrate da: /opt/homebrew/Cellar/mapnik/4.1.4_2/lib/mapnik/input
[MapPathRenderer] Plugin caricati: csv gdal geobuf geojson ogr pgraster postgis raster shape sqlite tiles topojson 
📐 Campo visivo impostato:
   Centro: RA 123.02° Dec 25.18°
   Campo visivo: 20.00°
🔆 Magnitudine limite: 8.00
⭐ Aggiunte 413 stelle SAO
🎯 Target impostato: Gefion
   RA: 123.02° Dec: 25.18°

🎨 === Rendering Mappa Celeste ===
📏 Rendering griglia di coordinate RA/Dec...
📍 Rendering confini costellazioni...
📐 Rendering linee costellazioni...
⭐ Rendering stelle SAO...
   Stelle visualizzate: 398
🎯 Rendering target e traiettoria...
💾 Salvataggio mappa...

✅ Mappa celeste generata: results_1272/sky.png

📋 Dettagli renderizzazione:
   Centro: RA 123.02° Dec 25.18°
   Campo visivo: 20.00°
   Dimensioni: 400x400 px
   Stelle visualizzate: 398
   Magnitudine limite: 8.00
   Linee costellazioni: 0
   Confini costellazioni: 0
   Griglia RA/Dec: ogni 10.00°
   Target: Gefion
[MapPathRenderer] Inizializzazione Mapnik...
[MapPathRenderer] Datasources registrate da: /opt/homebrew/lib/mapnik/input
[MapPathRenderer] Datasources registrate da: /usr/local/lib/mapnik/input
[MapPathRenderer] Datasources registrate da: /opt/homebrew/Cellar/mapnik/4.1.4_2/lib/mapnik/input
[MapPathRenderer] Plugin caricati: csv gdal geobuf geojson ogr pgraster postgis raster shape sqlite tiles topojson 
Campo visivo impostato: RA 123.02° Dec 25.18° FOV 2.00°
Magnitudine limite: 14.00
Aggiunte 791 stelle SAO
Target impostato: Gefion (RA 123.02° Dec 25.18°)

=== Rendering Finder Chart ===
Rendering confini costellazioni...
Rendering linee costellazioni...
Rendering stelle SAO...
Rendering target...

✓ Finder Chart generata: results_1272/finder.png
  ✅ Sfondo bianco per stampa
  ✅ Stelle del catalogo SAO con numeri
  ✅ Linee e confini delle costellazioni
Generating IOccult Card: ioccult_card_1272_18.png
[DEBUG] Entering generateGroundMapImage for asteroid 1272, name Gefion
[DEBUG] Central Path size: 0
[DEBUG] WARNING: Central path is empty!
[MapPathRenderer] Inizializzazione Mapnik...
[MapPathRenderer] Datasources registrate da: /opt/homebrew/lib/mapnik/input
[MapPathRenderer] Datasources registrate da: /usr/local/lib/mapnik/input
[MapPathRenderer] Datasources registrate da: /opt/homebrew/Cellar/mapnik/4.1.4_2/lib/mapnik/input
[MapPathRenderer] Plugin caricati: csv gdal geobuf geojson ogr pgraster postgis raster shape sqlite tiles topojson 
📐 Campo visivo impostato:
   Centro: RA 123.01° Dec 25.21°
   Campo visivo: 20.00°
🔆 Magnitudine limite: 8.00
⭐ Aggiunte 414 stelle SAO
🎯 Target impostato: Gefion
   RA: 123.01° Dec: 25.21°

🎨 === Rendering Mappa Celeste ===
📏 Rendering griglia di coordinate RA/Dec...
📍 Rendering confini costellazioni...
📐 Rendering linee costellazioni...
⭐ Rendering stelle SAO...
   Stelle visualizzate: 399
🎯 Rendering target e traiettoria...
💾 Salvataggio mappa...

✅ Mappa celeste generata: results_1272/sky.png

📋 Dettagli renderizzazione:
   Centro: RA 123.01° Dec 25.21°
   Campo visivo: 20.00°
   Dimensioni: 400x400 px
   Stelle visualizzate: 399
   Magnitudine limite: 8.00
   Linee costellazioni: 0
   Confini costellazioni: 0
   Griglia RA/Dec: ogni 10.00°
   Target: Gefion
[MapPathRenderer] Inizializzazione Mapnik...
[MapPathRenderer] Datasources registrate da: /opt/homebrew/lib/mapnik/input
[MapPathRenderer] Datasources registrate da: /usr/local/lib/mapnik/input
[MapPathRenderer] Datasources registrate da: /opt/homebrew/Cellar/mapnik/4.1.4_2/lib/mapnik/input
[MapPathRenderer] Plugin caricati: csv gdal geobuf geojson ogr pgraster postgis raster shape sqlite tiles topojson 
Campo visivo impostato: RA 123.01° Dec 25.21° FOV 2.00°
Magnitudine limite: 14.00
Aggiunte 800 stelle SAO
Target impostato: Gefion (RA 123.01° Dec 25.21°)

=== Rendering Finder Chart ===
Rendering confini costellazioni...
Rendering linee costellazioni...
Rendering stelle SAO...
Rendering target...

✓ Finder Chart generata: results_1272/finder.png
  ✅ Sfondo bianco per stampa
  ✅ Stelle del catalogo SAO con numeri
  ✅ Linee e confini delle costellazioni

IOccultCalc Engine Workflow completed.
