Could not open IAU catalog: data/IAU-CSN.json
Could not open star names database: data/common_star_names.csv
Loaded 23 stars from embedded database
Loaded star names from embedded database
Loaded Gaia SQLite DR3 catalog: /Users/michelebigi/.catalog/crossreference/gaia_dr3_occult_pro.db
Loaded Gaia SQLite DR3 catalog: "/Users/michelebigi/.catalog/crossreference/gaia_dr3_occult_pro.db"
ITALOccultCalc v1.0 [Native API Workflow]
--- BUILD DATE: Jan 18 2026 15:56:15 ---

=== ITALOccultCalc DEBUG BUILD ===

📄 Loading configuration from: ../verify_26224_real.json
DEBUG: output config read - A4='', IOccult='ioccult_card_26224_real.png'
Target: 26224 (26224)
Window: 61058.4 -> 61058.6
SPICESPKReader: Loaded /Users/michelebigi/.ioccultcalc/ephemerides/de440.bsp
Ephemeris loaded.
[Phase1CandidateScreening] Constructor started.
✓ DE441 loaded (Native Reader): /Users/michelebigi/.ioccultcalc/ephemerides/de441_part-2.bsp
[Phase1CandidateScreening] Constructor finished.
[Phase2OccultationGeometry] Constructor started.
[AstDynWrapper] Constructor started.
  - Creating PlanetaryEphemeris...
  - Initializing propagator...
  - Creating RKF78Integrator...
  - Creating Propagator object...
    [Propagator] Constructor entry (include_asteroids=1).
    [Propagator] Creating AsteroidPerturbations...
    [Propagator] Constructor exit.
  - Propagator object created.
[AstDynWrapper] Constructor finished.
[Phase2OccultationGeometry] Constructor finished.
Loading asteroid 26224...
[AsteroidSqliteDatabase] Successfully opened /Users/michelebigi/.ioccultcalc/database/asteroids.db
[DEBUG-PERT] lapco entry (alpha=0.590364)
[DEBUG-PERT] lapco entry (alpha=0.590364)
[DEBUG-PERT] Initial Laplace coefficients computed.
[DEBUG-PERT] lapco entry (alpha=0.32145)
[DEBUG-PERT] lapco entry (alpha=0.32145)
[DEBUG-PERT] Initial Laplace coefficients computed.
[DEBUG-PERT] lapco entry (alpha=0.159817)
[DEBUG-PERT] lapco entry (alpha=0.159817)
[DEBUG-PERT] Initial Laplace coefficients computed.
[DEBUG-PERT] lapco entry (alpha=0.102005)
[DEBUG-PERT] lapco entry (alpha=0.102005)
[DEBUG-PERT] Initial Laplace coefficients computed.
[DEBUG-PERT] lapco entry (alpha=0.590364)
[DEBUG-PERT] lapco entry (alpha=0.590364)
[DEBUG-PERT] Initial Laplace coefficients computed.
[DEBUG-PERT] lapco entry (alpha=0.32145)
[DEBUG-PERT] lapco entry (alpha=0.32145)
[DEBUG-PERT] Initial Laplace coefficients computed.
[DEBUG-PERT] lapco entry (alpha=0.159817)
[DEBUG-PERT] lapco entry (alpha=0.159817)
[DEBUG-PERT] Initial Laplace coefficients computed.
[DEBUG-PERT] lapco entry (alpha=0.102005)
[DEBUG-PERT] lapco entry (alpha=0.102005)
[DEBUG-PERT] Initial Laplace coefficients computed.
[AstDynWrapper:0x10df88910] setKeplerianElements: asteroid= state set to INITIALIZED (Covariance: NO).
[AstDynWrapper]   Processing Frame: ECLIPTIC
  - Creating RKF78Integrator...
  - Creating Propagator object...
    [Propagator] Constructor entry (include_asteroids=1).
    [Propagator] Creating AsteroidPerturbations...
    [Propagator] Constructor exit.
  - Propagator object created.
[Phase2OccultationGeometry] setSPKReader called. Forwarding to wrapper=0x10df88910
Phase 1: Screening stars in 0.5 deg corridor...
[PHASE1] Starting native screening for 26224 (MJD 61058.4 to 61058.6)...
    [Propagator] Constructor entry (include_asteroids=0).
    [Propagator] Constructor exit.
[PHASE1] Path start: RA=157.636 Dec=-0.675275
[PHASE1] Path end:   RA=157.615 Dec=-0.678098
[PHASE1] Querying Gaia catalog with 21 ICRF points...
Optimized Corridor: 21 points -> 1 query cones.
[PHASE1] Screening complete. Found 3 candidates (59 stars in corridor).
Found 3 candidates (59 stars initially in corridor).

Phase 2: Calculating precise geometry...

[OccultationEngine] 🔄 Refining orbit for 26224 with last 100 observations...
[MPCClient] Downloading observations from AstDyS: https://newton.spacedys.com/~astdys2/mpcobs/numbered/26/26224.rwo
[MPCClient] Parsing RWO with native library parser...
[MPCClient] Successfully loaded 2097 observations from RWO.
Debug Rotation:
 Orig: i=8.30919 O=269.812 w=30.3923
 Eq:   i=24.7641 O=339.818 w=318.659
 Back: i=8.30919 O=269.812 w=30.3923
[AstDynOrbitFitter] Feeding 100 obs to OrbitFitAPI.
   Time Range: MJD 60665.4 to 60735.1
   Initial Element Epoch: 61000
[OrbitFitAPI] Loading OrbFit elements from /tmp/ioc_fit_init.eq1...
   Detecting ECLIPTIC frame in .eq1, applying rotation to Equatorial J2000.
   Initial Context: ECLIPTIC/SUN/MEAN
   Target Context:  EQUATORIAL/SUN/OSCULATING
   Initial Orbit (Ecliptic): a=3.07143 e=0.0889354 i=8.30919deg
   Initial Orbit (Transformed Equatorial): i=24.7641deg
[OrbitFitAPI] Loading observations from /tmp/ioc_fit_obs.rwo...
RWOReader Debug: Total lines 104. Total obs 100
   Loaded 100 observations
    [Propagator] Constructor entry (include_asteroids=0).
    [Propagator] Constructor exit.
    [Propagator] Constructor entry (include_asteroids=0).
    [Propagator] Constructor exit.

Initial orbit set:
  Epoch: 61000.000000 MJD TDB
  a = 3.071429 AU
  e = 0.088935
  i = 24.764117 deg

Initial orbit set:
  Epoch: 60688.413818 MJD TDB
  a = 3.077313 AU
  e = 0.086750
  i = 24.764219 deg
[OrbitFitAPI] Running differential correction...

=== Differential Correction ===
Observations: 100
Max iterations: 10
Convergence threshold: 0.000001

========================================
Differential Corrections
========================================
Observations: 100
Max iterations: 10
Convergence: 0.000001 AU

[Residuals Debug] MJD=60665.38362 Obs RA=86.04160 Dec=23.90198 Comp RA=86.04691 Dec=23.90232 ResRA=-17.47664 ResDec=-1.21039
[Residuals Debug] MJD=60665.38890 Obs RA=86.04036 Dec=23.90181 Comp RA=86.04572 Dec=23.90211 ResRA=-17.63215 ResDec=-1.08737
[Residuals Debug] MJD=60665.43438 Obs RA=86.03053 Dec=23.90044 Comp RA=86.03539 Dec=23.90036 ResRA=-15.99607 ResDec=0.28994
[Residuals Debug] MJD=60665.43761 Obs RA=86.02969 Dec=23.90015 Comp RA=86.03466 Dec=23.90023 ResRA=-16.34079 ResDec=-0.30163
[Residuals Debug] MJD=60665.44362 Obs RA=86.02835 Dec=23.89997 Comp RA=86.03329 Dec=23.90000 ResRA=-16.26640 ResDec=-0.11670
[Residuals Debug] MJD=60665.47677 Obs RA=86.02057 Dec=23.89860 Comp RA=86.02577 Dec=23.89872 ResRA=-17.10247 ResDec=-0.44015
[Residuals Debug] MJD=60667.45705 Obs RA=85.57328 Dec=23.82157 Comp RA=85.57835 Dec=23.82164 ResRA=-16.69791 ResDec=-0.24459
[Residuals Debug] MJD=60667.46028 Obs RA=85.57247 Dec=23.82142 Comp RA=85.57762 Dec=23.82151 ResRA=-16.96625 ResDec=-0.32781
[Residuals Debug] MJD=60667.46702 Obs RA=85.57102 Dec=23.82117 Comp RA=85.57611 Dec=23.82125 ResRA=-16.75285 ResDec=-0.27581
[Residuals Debug] MJD=60667.47818 Obs RA=85.56835 Dec=23.82074 Comp RA=85.57360 Dec=23.82081 ResRA=-17.28675 ResDec=-0.24897
[Residuals Debug] MJD=60669.40997 Obs RA=85.13747 Dec=23.74429 Comp RA=85.14225 Dec=23.74449 ResRA=-15.75697 ResDec=-0.73208
[Residuals Debug] MJD=60669.44196 Obs RA=85.12999 Dec=23.74309 Comp RA=85.13516 Dec=23.74322 ResRA=-17.03279 ResDec=-0.47304
[Residuals Debug] MJD=60669.44479 Obs RA=85.12934 Dec=23.74286 Comp RA=85.13453 Dec=23.74311 ResRA=-17.10844 ResDec=-0.88808
[Residuals Debug] MJD=60669.46973 Obs RA=85.12366 Dec=23.74194 Comp RA=85.12901 Dec=23.74212 ResRA=-17.62184 ResDec=-0.63758
[Residuals Debug] MJD=60669.86640 Obs RA=85.03646 Dec=23.72592 Comp RA=85.04125 Dec=23.72632 ResRA=-15.76212 ResDec=-1.44000
[Residuals Debug] MJD=60669.88099 Obs RA=85.03315 Dec=23.72528 Comp RA=85.03802 Dec=23.72574 ResRA=-16.04548 ResDec=-1.64622
[Residuals Debug] MJD=60669.89561 Obs RA=85.02986 Dec=23.72470 Comp RA=85.03479 Dec=23.72516 ResRA=-16.25485 ResDec=-1.64825
[Residuals Debug] MJD=60673.29802 Obs RA=84.29098 Dec=23.58807 Comp RA=84.29580 Dec=23.58838 ResRA=-15.92173 ResDec=-1.14405
[Residuals Debug] MJD=60673.30776 Obs RA=84.28884 Dec=23.58769 Comp RA=84.29373 Dec=23.58799 ResRA=-16.11276 ResDec=-1.07533
[Residuals Debug] MJD=60673.31741 Obs RA=84.28675 Dec=23.58730 Comp RA=84.29167 Dec=23.58760 ResRA=-16.24207 ResDec=-1.06924
[Residuals Debug] MJD=60673.32712 Obs RA=84.28460 Dec=23.58694 Comp RA=84.28960 Dec=23.58721 ResRA=-16.49003 ResDec=-0.97335
[Residuals Debug] MJD=60673.40335 Obs RA=84.26785 Dec=23.58396 Comp RA=84.27336 Dec=23.58412 ResRA=-18.18624 ResDec=-0.57417
[Residuals Debug] MJD=60673.40607 Obs RA=84.26730 Dec=23.58365 Comp RA=84.27278 Dec=23.58401 ResRA=-18.08906 ResDec=-1.29744
[Residuals Debug] MJD=60673.40653 Obs RA=84.26717 Dec=23.58380 Comp RA=84.27269 Dec=23.58399 ResRA=-18.19774 ResDec=-0.69156
[Residuals Debug] MJD=60673.40972 Obs RA=84.26641 Dec=23.58360 Comp RA=84.27201 Dec=23.58386 ResRA=-18.47443 ResDec=-0.94691
[Residuals Debug] MJD=60673.41198 Obs RA=84.26597 Dec=23.58361 Comp RA=84.27153 Dec=23.58377 ResRA=-18.32643 ResDec=-0.57663
[Residuals Debug] MJD=60673.41525 Obs RA=84.26516 Dec=23.58348 Comp RA=84.27083 Dec=23.58364 ResRA=-18.71416 ResDec=-0.57074
[Residuals Debug] MJD=60673.44808 Obs RA=84.25789 Dec=23.58205 Comp RA=84.26384 Dec=23.58231 ResRA=-19.63479 ResDec=-0.93465
