Could not open IAU catalog: data/IAU-CSN.json
Could not open star names database: data/common_star_names.csv
Loaded 23 stars from embedded database
Loaded star names from embedded database
Loaded Gaia SQLite DR3 catalog: /Users/michelebigi/.catalog/crossreference/gaia_dr3_occult_pro.db
Loaded Gaia SQLite DR3 catalog: "/Users/michelebigi/.catalog/crossreference/gaia_dr3_occult_pro.db"
ITALOccultCalc v1.0 [Native API Workflow]
--- BUILD DATE: Jan 18 2026 15:56:15 ---

=== ITALOccultCalc DEBUG BUILD ===

📄 Loading configuration from: ../verify_26224_real.json
DEBUG: output config read - A4='', IOccult='ioccult_card_26224_real.png'
Target: 26224 (26224)
Window: 61058.4 -> 61058.6
SPICESPKReader: Loaded /Users/michelebigi/.ioccultcalc/ephemerides/de440.bsp
Ephemeris loaded.
[Phase1CandidateScreening] Constructor started.
✓ DE441 loaded (Native Reader): /Users/michelebigi/.ioccultcalc/ephemerides/de441_part-2.bsp
[Phase1CandidateScreening] Constructor finished.
[Phase2OccultationGeometry] Constructor started.
[AstDynWrapper] Constructor started.
  - Creating PlanetaryEphemeris...
  - Initializing propagator...
  - Creating RKF78Integrator...
  - Creating Propagator object...
    [Propagator] Constructor entry (include_asteroids=1).
    [Propagator] Creating AsteroidPerturbations...
    [Propagator] Constructor exit.
  - Propagator object created.
[AstDynWrapper] Constructor finished.
[Phase2OccultationGeometry] Constructor finished.
Loading asteroid 26224...
[AsteroidSqliteDatabase] Successfully opened /Users/michelebigi/.ioccultcalc/database/asteroids.db
[DEBUG-PERT] lapco entry (alpha=0.590364)
[DEBUG-PERT] lapco entry (alpha=0.590364)
[DEBUG-PERT] Initial Laplace coefficients computed.
[DEBUG-PERT] lapco entry (alpha=0.32145)
[DEBUG-PERT] lapco entry (alpha=0.32145)
[DEBUG-PERT] Initial Laplace coefficients computed.
[DEBUG-PERT] lapco entry (alpha=0.159817)
[DEBUG-PERT] lapco entry (alpha=0.159817)
[DEBUG-PERT] Initial Laplace coefficients computed.
[DEBUG-PERT] lapco entry (alpha=0.102005)
[DEBUG-PERT] lapco entry (alpha=0.102005)
[DEBUG-PERT] Initial Laplace coefficients computed.
[DEBUG-PERT] lapco entry (alpha=0.590364)
[DEBUG-PERT] lapco entry (alpha=0.590364)
[DEBUG-PERT] Initial Laplace coefficients computed.
[DEBUG-PERT] lapco entry (alpha=0.32145)
[DEBUG-PERT] lapco entry (alpha=0.32145)
[DEBUG-PERT] Initial Laplace coefficients computed.
[DEBUG-PERT] lapco entry (alpha=0.159817)
[DEBUG-PERT] lapco entry (alpha=0.159817)
[DEBUG-PERT] Initial Laplace coefficients computed.
[DEBUG-PERT] lapco entry (alpha=0.102005)
[DEBUG-PERT] lapco entry (alpha=0.102005)
[DEBUG-PERT] Initial Laplace coefficients computed.
[AstDynWrapper:0x10b808530] setKeplerianElements: asteroid= state set to INITIALIZED (Covariance: NO).
[AstDynWrapper]   Processing Frame: ECLIPTIC
  - Creating RKF78Integrator...
  - Creating Propagator object...
    [Propagator] Constructor entry (include_asteroids=1).
    [Propagator] Creating AsteroidPerturbations...
    [Propagator] Constructor exit.
  - Propagator object created.
[Phase2OccultationGeometry] setSPKReader called. Forwarding to wrapper=0x10b808530
Phase 1: Screening stars in 0.5 deg corridor...
[PHASE1] Starting native screening for 26224 (MJD 61058.4 to 61058.6)...
    [Propagator] Constructor entry (include_asteroids=0).
    [Propagator] Constructor exit.
[PHASE1] Path start: RA=157.636 Dec=-0.675275
[PHASE1] Path end:   RA=157.615 Dec=-0.678098
[PHASE1] Querying Gaia catalog with 21 ICRF points...
Optimized Corridor: 21 points -> 1 query cones.
[PHASE1] Screening complete. Found 3 candidates (59 stars in corridor).
Found 3 candidates (59 stars initially in corridor).

Phase 2: Calculating precise geometry...

[OccultationEngine] 🔄 Refining orbit for 26224 with last 100 observations...
[MPCClient] Downloading observations from AstDyS: https://newton.spacedys.com/~astdys2/mpcobs/numbered/26/26224.rwo
[MPCClient] Parsing RWO with native library parser...
[MPCClient] Successfully loaded 2097 observations from RWO.
Debug Rotation:
 Orig: i=8.30919 O=269.812 w=30.3923
 Eq:   i=24.7641 O=339.818 w=318.659
 Back: i=8.30919 O=269.812 w=30.3923
[AstDynOrbitFitter] Feeding 100 obs to OrbitFitAPI.
   Time Range: MJD 60665.4 to 60735.1
   Initial Element Epoch: 61000
[OrbitFitAPI] Loading OrbFit elements from /tmp/ioc_fit_init.eq1...
   Detecting ECLIPTIC frame in .eq1, applying rotation to Equatorial J2000.
   Initial Context: ECLIPTIC/SUN/MEAN
   Target Context:  EQUATORIAL/SUN/OSCULATING
   Initial Orbit (Ecliptic): a=3.07143 e=0.0889354 i=8.30919deg
   Initial Orbit (Transformed Equatorial): i=24.7641deg
[OrbitFitAPI] Loading observations from /tmp/ioc_fit_obs.rwo...
RWOReader Debug: Line 5 parseLine failed.
RWOReader Debug: Line 6 parseLine failed.
RWOReader Debug: Line 7 parseLine failed.
RWOReader Debug: Line 8 parseLine failed.
RWOReader Debug: Line 9 parseLine failed.
RWOReader Debug: Line 10 parseLine failed.
RWOReader Debug: Line 11 parseLine failed.
RWOReader Debug: Line 12 parseLine failed.
RWOReader Debug: Line 13 parseLine failed.
RWOReader Debug: Line 14 parseLine failed.
RWOReader Debug: Line 15 parseLine failed.
RWOReader Debug: Line 16 parseLine failed.
RWOReader Debug: Line 17 parseLine failed.
RWOReader Debug: Line 18 parseLine failed.
RWOReader Debug: Line 19 parseLine failed.
RWOReader Debug: Line 20 parseLine failed.
RWOReader Debug: Line 21 parseLine failed.
RWOReader Debug: Line 22 parseLine failed.
RWOReader Debug: Line 23 parseLine failed.
RWOReader Debug: Line 24 parseLine failed.
RWOReader Debug: Line 25 parseLine failed.
RWOReader Debug: Line 26 parseLine failed.
RWOReader Debug: Line 27 parseLine failed.
RWOReader Debug: Line 28 parseLine failed.
RWOReader Debug: Line 29 parseLine failed.
RWOReader Debug: Line 30 parseLine failed.
RWOReader Debug: Line 31 parseLine failed.
RWOReader Debug: Line 32 parseLine failed.
RWOReader Debug: Line 33 parseLine failed.
RWOReader Debug: Line 34 parseLine failed.
RWOReader Debug: Line 35 parseLine failed.
RWOReader Debug: Line 36 parseLine failed.
RWOReader Debug: Line 37 parseLine failed.
RWOReader Debug: Line 38 parseLine failed.
RWOReader Debug: Line 39 parseLine failed.
RWOReader Debug: Line 40 parseLine failed.
RWOReader Debug: Line 41 parseLine failed.
RWOReader Debug: Line 42 parseLine failed.
RWOReader Debug: Line 43 parseLine failed.
RWOReader Debug: Line 44 parseLine failed.
RWOReader Debug: Line 45 parseLine failed.
RWOReader Debug: Line 46 parseLine failed.
RWOReader Debug: Line 47 parseLine failed.
RWOReader Debug: Line 48 parseLine failed.
RWOReader Debug: Line 49 parseLine failed.
RWOReader Debug: Line 50 parseLine failed.
RWOReader Debug: Line 51 parseLine failed.
RWOReader Debug: Line 52 parseLine failed.
RWOReader Debug: Line 53 parseLine failed.
RWOReader Debug: Line 54 parseLine failed.
RWOReader Debug: Line 55 parseLine failed.
RWOReader Debug: Line 56 parseLine failed.
RWOReader Debug: Line 57 parseLine failed.
RWOReader Debug: Line 58 parseLine failed.
RWOReader Debug: Line 59 parseLine failed.
RWOReader Debug: Line 60 parseLine failed.
RWOReader Debug: Line 61 parseLine failed.
RWOReader Debug: Line 62 parseLine failed.
RWOReader Debug: Line 63 parseLine failed.
RWOReader Debug: Line 64 parseLine failed.
RWOReader Debug: Line 65 parseLine failed.
RWOReader Debug: Line 66 parseLine failed.
RWOReader Debug: Line 67 parseLine failed.
RWOReader Debug: Line 68 parseLine failed.
RWOReader Debug: Line 69 parseLine failed.
RWOReader Debug: Line 70 parseLine failed.
RWOReader Debug: Line 71 parseLine failed.
RWOReader Debug: Line 72 parseLine failed.
RWOReader Debug: Line 73 parseLine failed.
RWOReader Debug: Line 74 parseLine failed.
RWOReader Debug: Line 75 parseLine failed.
RWOReader Debug: Line 76 parseLine failed.
RWOReader Debug: Line 77 parseLine failed.
RWOReader Debug: Line 78 parseLine failed.
RWOReader Debug: Line 79 parseLine failed.
RWOReader Debug: Line 80 parseLine failed.
RWOReader Debug: Line 81 parseLine failed.
RWOReader Debug: Line 82 parseLine failed.
RWOReader Debug: Line 83 parseLine failed.
RWOReader Debug: Line 84 parseLine failed.
RWOReader Debug: Line 85 parseLine failed.
RWOReader Debug: Line 86 parseLine failed.
RWOReader Debug: Line 87 parseLine failed.
RWOReader Debug: Line 88 parseLine failed.
RWOReader Debug: Line 89 parseLine failed.
RWOReader Debug: Line 90 parseLine failed.
RWOReader Debug: Line 91 parseLine failed.
RWOReader Debug: Line 92 parseLine failed.
RWOReader Debug: Line 93 parseLine failed.
RWOReader Debug: Line 94 parseLine failed.
RWOReader Debug: Line 95 parseLine failed.
RWOReader Debug: Line 96 parseLine failed.
RWOReader Debug: Line 97 parseLine failed.
RWOReader Debug: Line 98 parseLine failed.
RWOReader Debug: Line 99 parseLine failed.
RWOReader Debug: Line 100 parseLine failed.
RWOReader Debug: Line 101 parseLine failed.
RWOReader Debug: Line 102 parseLine failed.
RWOReader Debug: Line 103 parseLine failed.
RWOReader Debug: Line 104 parseLine failed.
RWOReader Debug: Total lines 104. Total obs 0
   Loaded 0 observations
    [Propagator] Constructor entry (include_asteroids=0).
    [Propagator] Constructor exit.
    [Propagator] Constructor entry (include_asteroids=0).
    [Propagator] Constructor exit.

Initial orbit set:
  Epoch: 61000.000000 MJD TDB
  a = 3.071429 AU
  e = 0.088935
  i = 24.764117 deg

Initial orbit set:
  Epoch: 61000.000000 MJD TDB
  a = 3.071429 AU
  e = 0.088935
  i = 24.764117 deg
[OrbitFitAPI] Running differential correction...
[AstDynOrbitFitter] run_fit finished. success=0 msg='No observations loaded'
[OccultationEngine] Fit completed. Observations used: 0/0. RMS=0.000000 arcsec.
[OccultationEngine] ❌ Fit rejected (poor RMS or few obs). Keeping original orbit.
