Could not open IAU catalog: data/IAU-CSN.json
Could not open star names database: data/common_star_names.csv
Loaded 23 stars from embedded database
Loaded star names from embedded database
Loaded Gaia SQLite DR3 catalog: /Users/michelebigi/.catalog/crossreference/gaia_dr3_occult_pro.db
Loaded Gaia SQLite DR3 catalog: "/Users/michelebigi/.catalog/crossreference/gaia_dr3_occult_pro.db"
ITALOccultCalc v1.0 [Native API Workflow]
--- BUILD DATE: Jan 18 2026 15:56:15 ---

=== ITALOccultCalc DEBUG BUILD ===

📄 Loading configuration from: ../verify_26224_real.json
DEBUG: output config read - A4='', IOccult='ioccult_card_26224_real.png'
Target: 26224 (26224)
Window: 61058.4 -> 61058.6
SPICESPKReader: Loaded /Users/michelebigi/.ioccultcalc/ephemerides/de440.bsp
Ephemeris loaded.
[Phase1CandidateScreening] Constructor started.
✓ DE441 loaded (Native Reader): /Users/michelebigi/.ioccultcalc/ephemerides/de441_part-2.bsp
[Phase1CandidateScreening] Constructor finished.
[Phase2OccultationGeometry] Constructor started.
[AstDynWrapper] Constructor started.
  - Creating PlanetaryEphemeris...
  - Initializing propagator...
  - Creating RKF78Integrator...
  - Creating Propagator object...
    [Propagator] Constructor entry (include_asteroids=1).
    [Propagator] Creating AsteroidPerturbations...
    [Propagator] Constructor exit.
  - Propagator object created.
[AstDynWrapper] Constructor finished.
[Phase2OccultationGeometry] Constructor finished.
Loading asteroid 26224...
[AsteroidSqliteDatabase] Successfully opened /Users/michelebigi/.ioccultcalc/database/asteroids.db
[DEBUG-PERT] lapco entry (alpha=0.590364)
[DEBUG-PERT] lapco entry (alpha=0.590364)
[DEBUG-PERT] Initial Laplace coefficients computed.
[DEBUG-PERT] lapco entry (alpha=0.32145)
[DEBUG-PERT] lapco entry (alpha=0.32145)
[DEBUG-PERT] Initial Laplace coefficients computed.
[DEBUG-PERT] lapco entry (alpha=0.159817)
[DEBUG-PERT] lapco entry (alpha=0.159817)
[DEBUG-PERT] Initial Laplace coefficients computed.
[DEBUG-PERT] lapco entry (alpha=0.102005)
[DEBUG-PERT] lapco entry (alpha=0.102005)
[DEBUG-PERT] Initial Laplace coefficients computed.
[DEBUG-PERT] lapco entry (alpha=0.590364)
[DEBUG-PERT] lapco entry (alpha=0.590364)
[DEBUG-PERT] Initial Laplace coefficients computed.
[DEBUG-PERT] lapco entry (alpha=0.32145)
[DEBUG-PERT] lapco entry (alpha=0.32145)
[DEBUG-PERT] Initial Laplace coefficients computed.
[DEBUG-PERT] lapco entry (alpha=0.159817)
[DEBUG-PERT] lapco entry (alpha=0.159817)
[DEBUG-PERT] Initial Laplace coefficients computed.
[DEBUG-PERT] lapco entry (alpha=0.102005)
[DEBUG-PERT] lapco entry (alpha=0.102005)
[DEBUG-PERT] Initial Laplace coefficients computed.
[AstDynWrapper:0x10d5d8090] setKeplerianElements: asteroid= state set to INITIALIZED (Covariance: NO).
[AstDynWrapper]   Processing Frame: ECLIPTIC
  - Creating RKF78Integrator...
  - Creating Propagator object...
    [Propagator] Constructor entry (include_asteroids=1).
    [Propagator] Creating AsteroidPerturbations...
    [Propagator] Constructor exit.
  - Propagator object created.
[Phase2OccultationGeometry] setSPKReader called. Forwarding to wrapper=0x10d5d8090
Phase 1: Screening stars in 0.5 deg corridor...
[PHASE1] Starting native screening for 26224 (MJD 61058.4 to 61058.6)...
    [Propagator] Constructor entry (include_asteroids=0).
    [Propagator] Constructor exit.
[PHASE1] Path start: RA=157.636 Dec=-0.675275
[PHASE1] Path end:   RA=157.615 Dec=-0.678098
[PHASE1] Querying Gaia catalog with 21 ICRF points...
Optimized Corridor: 21 points -> 1 query cones.
[PHASE1] Screening complete. Found 3 candidates (59 stars in corridor).
Found 3 candidates (59 stars initially in corridor).

Phase 2: Calculating precise geometry...

[OccultationEngine] 🔄 Refining orbit for 26224 with last 100 observations...
[MPCClient] Downloading observations from AstDyS: https://newton.spacedys.com/~astdys2/mpcobs/numbered/26/26224.rwo
[MPCClient] Parsing RWO with native library parser...
[MPCClient] Successfully loaded 2097 observations from RWO.
Debug Rotation:
 Orig: i=8.30919 O=269.812 w=30.3923
 Eq:   i=24.7641 O=339.818 w=318.659
 Back: i=8.30919 O=269.812 w=30.3923
[AstDynOrbitFitter] Feeding 100 obs to OrbitFitAPI.
   Time Range: MJD 60665.4 to 60735.1
   Initial Element Epoch: 61000
[OrbitFitAPI] Loading OrbFit elements from /tmp/ioc_fit_init.eq1...
   Detecting ECLIPTIC frame in .eq1, applying rotation to Equatorial J2000.
   Initial Context: ECLIPTIC/SUN/MEAN
   Target Context:  EQUATORIAL/SUN/OSCULATING
   Initial Orbit (Ecliptic): a=3.07143 e=0.0889354 i=8.30919deg
   Initial Orbit (Transformed Equatorial): i=24.7641deg
[OrbitFitAPI] Loading observations from /tmp/ioc_fit_obs.rwo...
RWOReader Debug: Line 1 parseLine failed.
RWOReader Debug: Line 2 parseLine failed.
RWOReader Debug: Line 3 parseLine failed.
RWOReader Debug: Line 4 parseLine failed.
RWOReader Debug: Line 5 parseLine failed.
RWOReader Debug: Line 6 parseLine failed.
RWOReader Debug: Line 7 parseLine failed.
RWOReader Debug: Line 8 parseLine failed.
RWOReader Debug: Line 9 parseLine failed.
RWOReader Debug: Line 10 parseLine failed.
RWOReader Debug: Line 11 parseLine failed.
RWOReader Debug: Line 12 parseLine failed.
RWOReader Debug: Line 13 parseLine failed.
RWOReader Debug: Line 14 parseLine failed.
RWOReader Debug: Line 15 parseLine failed.
RWOReader Debug: Line 16 parseLine failed.
RWOReader Debug: Line 17 parseLine failed.
RWOReader Debug: Line 18 parseLine failed.
RWOReader Debug: Line 19 parseLine failed.
RWOReader Debug: Line 20 parseLine failed.
RWOReader Debug: Line 21 parseLine failed.
RWOReader Debug: Line 22 parseLine failed.
RWOReader Debug: Line 23 parseLine failed.
RWOReader Debug: Line 24 parseLine failed.
RWOReader Debug: Line 25 parseLine failed.
RWOReader Debug: Line 26 parseLine failed.
RWOReader Debug: Line 27 parseLine failed.
RWOReader Debug: Line 28 parseLine failed.
RWOReader Debug: Line 29 parseLine failed.
RWOReader Debug: Line 30 parseLine failed.
RWOReader Debug: Line 31 parseLine failed.
RWOReader Debug: Line 32 parseLine failed.
RWOReader Debug: Line 33 parseLine failed.
RWOReader Debug: Line 34 parseLine failed.
RWOReader Debug: Line 35 parseLine failed.
RWOReader Debug: Line 36 parseLine failed.
RWOReader Debug: Line 37 parseLine failed.
RWOReader Debug: Line 38 parseLine failed.
RWOReader Debug: Line 39 parseLine failed.
RWOReader Debug: Line 40 parseLine failed.
RWOReader Debug: Line 41 parseLine failed.
RWOReader Debug: Line 42 parseLine failed.
RWOReader Debug: Line 43 parseLine failed.
RWOReader Debug: Line 44 parseLine failed.
RWOReader Debug: Line 45 parseLine failed.
RWOReader Debug: Line 46 parseLine failed.
RWOReader Debug: Line 47 parseLine failed.
RWOReader Debug: Line 48 parseLine failed.
RWOReader Debug: Line 49 parseLine failed.
RWOReader Debug: Line 50 parseLine failed.
RWOReader Debug: Line 51 parseLine failed.
RWOReader Debug: Line 52 parseLine failed.
RWOReader Debug: Line 53 parseLine failed.
RWOReader Debug: Line 54 parseLine failed.
RWOReader Debug: Line 55 parseLine failed.
RWOReader Debug: Line 56 parseLine failed.
RWOReader Debug: Line 57 parseLine failed.
RWOReader Debug: Line 58 parseLine failed.
RWOReader Debug: Line 59 parseLine failed.
RWOReader Debug: Line 60 parseLine failed.
RWOReader Debug: Line 61 parseLine failed.
RWOReader Debug: Line 62 parseLine failed.
RWOReader Debug: Line 63 parseLine failed.
RWOReader Debug: Line 64 parseLine failed.
RWOReader Debug: Line 65 parseLine failed.
RWOReader Debug: Line 66 parseLine failed.
RWOReader Debug: Line 67 parseLine failed.
RWOReader Debug: Line 68 parseLine failed.
RWOReader Debug: Line 69 parseLine failed.
RWOReader Debug: Line 70 parseLine failed.
RWOReader Debug: Line 71 parseLine failed.
RWOReader Debug: Line 72 parseLine failed.
RWOReader Debug: Line 73 parseLine failed.
RWOReader Debug: Line 74 parseLine failed.
RWOReader Debug: Line 75 parseLine failed.
RWOReader Debug: Line 76 parseLine failed.
RWOReader Debug: Line 77 parseLine failed.
RWOReader Debug: Line 78 parseLine failed.
RWOReader Debug: Line 79 parseLine failed.
RWOReader Debug: Line 80 parseLine failed.
RWOReader Debug: Line 81 parseLine failed.
RWOReader Debug: Line 82 parseLine failed.
RWOReader Debug: Line 83 parseLine failed.
RWOReader Debug: Line 84 parseLine failed.
RWOReader Debug: Line 85 parseLine failed.
RWOReader Debug: Line 86 parseLine failed.
RWOReader Debug: Line 87 parseLine failed.
RWOReader Debug: Line 88 parseLine failed.
RWOReader Debug: Line 89 parseLine failed.
RWOReader Debug: Line 90 parseLine failed.
RWOReader Debug: Line 91 parseLine failed.
RWOReader Debug: Line 92 parseLine failed.
RWOReader Debug: Line 93 parseLine failed.
RWOReader Debug: Line 94 parseLine failed.
RWOReader Debug: Line 95 parseLine failed.
RWOReader Debug: Line 96 parseLine failed.
RWOReader Debug: Line 97 parseLine failed.
RWOReader Debug: Line 98 parseLine failed.
RWOReader Debug: Line 99 parseLine failed.
RWOReader Debug: Line 100 parseLine failed.
RWOReader Debug: Line 101 parseLine failed.
RWOReader Debug: Line 102 parseLine failed.
RWOReader Debug: Line 103 parseLine failed.
RWOReader Debug: Line 104 parseLine failed.
RWOReader Debug: Total lines 104. Total obs 0
   Loaded 0 observations
    [Propagator] Constructor entry (include_asteroids=0).
    [Propagator] Constructor exit.
    [Propagator] Constructor entry (include_asteroids=0).
    [Propagator] Constructor exit.

Initial orbit set:
  Epoch: 61000.000000 MJD TDB
  a = 3.071429 AU
  e = 0.088935
  i = 24.764117 deg

Initial orbit set:
  Epoch: 61000.000000 MJD TDB
  a = 3.071429 AU
  e = 0.088935
  i = 24.764117 deg
[OrbitFitAPI] Running differential correction...
[AstDynOrbitFitter] run_fit finished. success=0 msg='No observations loaded'
[OccultationEngine] Fit completed. Observations used: 0/0. RMS=0.000000 arcsec.
[OccultationEngine] ❌ Fit rejected (poor RMS or few obs). Keeping original orbit.
[PHASE2] calculatePreciseGeometry using AstDynWrapper:0x10d5d8090
✓ DE441 loaded (Native Reader): /Users/michelebigi/.ioccultcalc/ephemerides/de441_part-2.bsp
    [Propagator] Constructor entry (include_asteroids=1).
    [Propagator] Creating AsteroidPerturbations...
    [Propagator] Constructor exit.
[PHASE2] Entering calculateShadowDetails for star 3782937379623987840
  - Preparing KeplerianElements...
  - Propagating with AstDyn...
  - Propagation finished.
[DEBUG] intersect A=0.000000 B=-0.023819 C=6014487411.785698 Disc=-0.000024
  - Preparing KeplerianElements...
  - Propagating with AstDyn...
  - Propagation finished.
[DEBUG] intersect A=0.000000 B=-0.023819 C=6014486885.963647 Disc=-0.000024
  - Preparing KeplerianElements...
  - Propagating with AstDyn...
  - Propagation finished.
[DEBUG] intersect A=0.000000 B=-0.023819 C=6014486360.140688 Disc=-0.000024
  - Preparing KeplerianElements...
  - Propagating with AstDyn...
  - Propagation finished.
[DEBUG] intersect A=0.000000 B=-0.023819 C=6014485834.316824 Disc=-0.000024
  - Preparing KeplerianElements...
  - Propagating with AstDyn...
  - Propagation finished.
[DEBUG] intersect A=0.000000 B=-0.023819 C=6014485308.492064 Disc=-0.000024
  - Preparing KeplerianElements...
  - Propagating with AstDyn...
  - Propagation finished.
[DEBUG] intersect A=0.000000 B=-0.023819 C=6014484782.666403 Disc=-0.000024
  - Preparing KeplerianElements...
  - Propagating with AstDyn...
  - Propagation finished.
[DEBUG] intersect A=0.000000 B=-0.023819 C=6014484256.839836 Disc=-0.000024
  - Preparing KeplerianElements...
  - Propagating with AstDyn...
  - Propagation finished.
[DEBUG] intersect A=0.000000 B=-0.023819 C=6014483731.012383 Disc=-0.000024
  - Preparing KeplerianElements...
  - Propagating with AstDyn...
  - Propagation finished.
[DEBUG] intersect A=0.000000 B=-0.023819 C=6014483205.184022 Disc=-0.000024
  - Preparing KeplerianElements...
  - Propagating with AstDyn...
  - Propagation finished.
[DEBUG] intersect A=0.000000 B=-0.023819 C=6014482679.354754 Disc=-0.000024
  - Preparing KeplerianElements...
  - Propagating with AstDyn...
  - Propagation finished.
[DEBUG] CA Asteroid ICRF: -416648199736.186951, 262347615936.976135, 47284988807.709038 [m]
[DEBUG] CA Asteroid ITRF: -175472504443.347534, -460034122773.083069, 47284988807.709038 [m]
[DEBUG] Star Dir ITRF:    -0.190897, -0.981540, -0.011702
[DEBUG] intersect A=0.000000 B=-0.023819 C=6014482153.524590 Disc=-0.000024
  - Preparing KeplerianElements...
  - Propagating with AstDyn...
  - Propagation finished.
[DEBUG] intersect A=0.000000 B=-0.023819 C=6014481627.693528 Disc=-0.000024
  - Preparing KeplerianElements...
  - Propagating with AstDyn...
  - Propagation finished.
[DEBUG] intersect A=0.000000 B=-0.023819 C=6014481101.861571 Disc=-0.000024
  - Preparing KeplerianElements...
  - Propagating with AstDyn...
  - Propagation finished.
[DEBUG] intersect A=0.000000 B=-0.023819 C=6014480576.028711 Disc=-0.000024
  - Preparing KeplerianElements...
  - Propagating with AstDyn...
  - Propagation finished.
[DEBUG] intersect A=0.000000 B=-0.023819 C=6014480050.194960 Disc=-0.000024
  - Preparing KeplerianElements...
  - Propagating with AstDyn...
  - Propagation finished.
[DEBUG] intersect A=0.000000 B=-0.023819 C=6014479524.360302 Disc=-0.000024
  - Preparing KeplerianElements...
  - Propagating with AstDyn...
  - Propagation finished.
[DEBUG] intersect A=0.000000 B=-0.023819 C=6014478998.524738 Disc=-0.000024
  - Preparing KeplerianElements...
  - Propagating with AstDyn...
  - Propagation finished.
[DEBUG] intersect A=0.000000 B=-0.023819 C=6014478472.688276 Disc=-0.000024
  - Preparing KeplerianElements...
  - Propagating with AstDyn...
  - Propagation finished.
[DEBUG] intersect A=0.000000 B=-0.023819 C=6014477946.850909 Disc=-0.000024
  - Preparing KeplerianElements...
  - Propagating with AstDyn...
  - Propagation finished.
[DEBUG] intersect A=0.000000 B=-0.023819 C=6014477421.012649 Disc=-0.000024
  - Preparing KeplerianElements...
  - Propagating with AstDyn...
  - Propagation finished.
[DEBUG] intersect A=0.000000 B=-0.023819 C=6014476895.173493 Disc=-0.000024
[PHASE2] Entering calculateShadowDetails for star 3782940849957559424
  - Preparing KeplerianElements...
  - Propagating with AstDyn...
  - Propagation finished.
[DEBUG] intersect A=0.000000 B=-0.023823 C=6014487411.785698 Disc=-0.000024
  - Preparing KeplerianElements...
  - Propagating with AstDyn...
  - Propagation finished.
[DEBUG] intersect A=0.000000 B=-0.023823 C=6014486885.963649 Disc=-0.000024
  - Preparing KeplerianElements...
  - Propagating with AstDyn...
  - Propagation finished.
[DEBUG] intersect A=0.000000 B=-0.023823 C=6014486360.140692 Disc=-0.000024
  - Preparing KeplerianElements...
  - Propagating with AstDyn...
  - Propagation finished.
[DEBUG] intersect A=0.000000 B=-0.023823 C=6014485834.316830 Disc=-0.000024
  - Preparing KeplerianElements...
  - Propagating with AstDyn...
  - Propagation finished.
[DEBUG] intersect A=0.000000 B=-0.023823 C=6014485308.492068 Disc=-0.000024
  - Preparing KeplerianElements...
  - Propagating with AstDyn...
  - Propagation finished.
[DEBUG] intersect A=0.000000 B=-0.023823 C=6014484782.666406 Disc=-0.000024
  - Preparing KeplerianElements...
  - Propagating with AstDyn...
  - Propagation finished.
[DEBUG] intersect A=0.000000 B=-0.023823 C=6014484256.839844 Disc=-0.000024
  - Preparing KeplerianElements...
  - Propagating with AstDyn...
  - Propagation finished.
[DEBUG] intersect A=0.000000 B=-0.023823 C=6014483731.012390 Disc=-0.000024
  - Preparing KeplerianElements...
  - Propagating with AstDyn...
  - Propagation finished.
[DEBUG] intersect A=0.000000 B=-0.023823 C=6014483205.184026 Disc=-0.000024
  - Preparing KeplerianElements...
  - Propagating with AstDyn...
  - Propagation finished.
[DEBUG] intersect A=0.000000 B=-0.023823 C=6014482679.354761 Disc=-0.000024
  - Preparing KeplerianElements...
  - Propagating with AstDyn...
  - Propagation finished.
[DEBUG] CA Asteroid ICRF: -416648199736.178467, 262347615936.989075, 47284988807.716545 [m]
[DEBUG] CA Asteroid ITRF: -175472504443.361908, -460034122773.077271, 47284988807.716545 [m]
[DEBUG] Star Dir ITRF:    -0.191097, -0.981515, -0.010463
[DEBUG] intersect A=0.000000 B=-0.023823 C=6014482153.524601 Disc=-0.000024
  - Preparing KeplerianElements...
  - Propagating with AstDyn...
  - Propagation finished.
[DEBUG] intersect A=0.000000 B=-0.023823 C=6014481627.693537 Disc=-0.000024
  - Preparing KeplerianElements...
  - Propagating with AstDyn...
  - Propagation finished.
[DEBUG] intersect A=0.000000 B=-0.023823 C=6014481101.861580 Disc=-0.000024
  - Preparing KeplerianElements...
  - Propagating with AstDyn...
  - Propagation finished.
[DEBUG] intersect A=0.000000 B=-0.023823 C=6014480576.028720 Disc=-0.000024
  - Preparing KeplerianElements...
  - Propagating with AstDyn...
  - Propagation finished.
[DEBUG] intersect A=0.000000 B=-0.023823 C=6014480050.194965 Disc=-0.000024
  - Preparing KeplerianElements...
  - Propagating with AstDyn...
  - Propagation finished.
[DEBUG] intersect A=0.000000 B=-0.023823 C=6014479524.360306 Disc=-0.000024
  - Preparing KeplerianElements...
  - Propagating with AstDyn...
  - Propagation finished.
[DEBUG] intersect A=0.000000 B=-0.023823 C=6014478998.524740 Disc=-0.000024
  - Preparing KeplerianElements...
  - Propagating with AstDyn...
  - Propagation finished.
[DEBUG] intersect A=0.000000 B=-0.023823 C=6014478472.688277 Disc=-0.000024
  - Preparing KeplerianElements...
  - Propagating with AstDyn...
  - Propagation finished.
[DEBUG] intersect A=0.000000 B=-0.023823 C=6014477946.850915 Disc=-0.000024
  - Preparing KeplerianElements...
  - Propagating with AstDyn...
  - Propagation finished.
[DEBUG] intersect A=0.000000 B=-0.023823 C=6014477421.012655 Disc=-0.000024
  - Preparing KeplerianElements...
  - Propagating with AstDyn...
  - Propagation finished.
[DEBUG] intersect A=0.000000 B=-0.023823 C=6014476895.173502 Disc=-0.000024
[PHASE2] Entering calculateShadowDetails for star 3782940437640705408
  - Preparing KeplerianElements...
  - Propagating with AstDyn...
  - Propagation finished.
[DEBUG] intersect A=0.000000 B=-0.023830 C=6014163334.928165 Disc=-0.000023
  - Preparing KeplerianElements...
  - Propagating with AstDyn...
  - Propagation finished.
[DEBUG] intersect A=0.000000 B=-0.023830 C=6014162808.551770 Disc=-0.000023
  - Preparing KeplerianElements...
  - Propagating with AstDyn...
  - Propagation finished.
[DEBUG] intersect A=0.000000 B=-0.023830 C=6014162282.174466 Disc=-0.000023
  - Preparing KeplerianElements...
  - Propagating with AstDyn...
  - Propagation finished.
[DEBUG] intersect A=0.000000 B=-0.023830 C=6014161755.796267 Disc=-0.000023
  - Preparing KeplerianElements...
  - Propagating with AstDyn...
  - Propagation finished.
[DEBUG] intersect A=0.000000 B=-0.023830 C=6014161229.417162 Disc=-0.000023
  - Preparing KeplerianElements...
  - Propagating with AstDyn...
  - Propagation finished.
[DEBUG] intersect A=0.000000 B=-0.023830 C=6014160703.037162 Disc=-0.000023
  - Preparing KeplerianElements...
  - Propagating with AstDyn...
  - Propagation finished.
[DEBUG] intersect A=0.000000 B=-0.023830 C=6014160176.656257 Disc=-0.000023
  - Preparing KeplerianElements...
  - Propagating with AstDyn...
  - Propagation finished.
[DEBUG] intersect A=0.000000 B=-0.023830 C=6014159650.274469 Disc=-0.000023
  - Preparing KeplerianElements...
  - Propagating with AstDyn...
  - Propagation finished.
[DEBUG] intersect A=0.000000 B=-0.023830 C=6014159123.891770 Disc=-0.000023
  - Preparing KeplerianElements...
  - Propagating with AstDyn...
  - Propagation finished.
[DEBUG] intersect A=0.000000 B=-0.023830 C=6014158597.508172 Disc=-0.000023
  - Preparing KeplerianElements...
  - Propagating with AstDyn...
  - Propagation finished.
[DEBUG] CA Asteroid ICRF: -416787835197.757690, 262122296873.411804, 47165224157.214958 [m]
[DEBUG] CA Asteroid ITRF: -487500006790.884338, 69021311679.176239, 47165224157.214958 [m]
[DEBUG] Star Dir ITRF:    -0.999508, -0.029320, -0.011121
[DEBUG] intersect A=0.000000 B=-0.023830 C=6014158071.123677 Disc=-0.000023
  - Preparing KeplerianElements...
  - Propagating with AstDyn...
  - Propagation finished.
[DEBUG] intersect A=0.000000 B=-0.023830 C=6014157544.738276 Disc=-0.000023
  - Preparing KeplerianElements...
  - Propagating with AstDyn...
  - Propagation finished.
[DEBUG] intersect A=0.000000 B=-0.023830 C=6014157018.351974 Disc=-0.000023
  - Preparing KeplerianElements...
  - Propagating with AstDyn...
  - Propagation finished.
[DEBUG] intersect A=0.000000 B=-0.023830 C=6014156491.964778 Disc=-0.000023
  - Preparing KeplerianElements...
  - Propagating with AstDyn...
  - Propagation finished.
[DEBUG] intersect A=0.000000 B=-0.023830 C=6014155965.576693 Disc=-0.000023
  - Preparing KeplerianElements...
  - Propagating with AstDyn...
  - Propagation finished.
[DEBUG] intersect A=0.000000 B=-0.023830 C=6014155439.187700 Disc=-0.000023
  - Preparing KeplerianElements...
  - Propagating with AstDyn...
  - Propagation finished.
[DEBUG] intersect A=0.000000 B=-0.023830 C=6014154912.797804 Disc=-0.000023
  - Preparing KeplerianElements...
  - Propagating with AstDyn...
  - Propagation finished.
[DEBUG] intersect A=0.000000 B=-0.023830 C=6014154386.407014 Disc=-0.000023
  - Preparing KeplerianElements...
  - Propagating with AstDyn...
  - Propagation finished.
[DEBUG] intersect A=0.000000 B=-0.023830 C=6014153860.015320 Disc=-0.000023
  - Preparing KeplerianElements...
  - Propagating with AstDyn...
  - Propagation finished.
[DEBUG] intersect A=0.000000 B=-0.023830 C=6014153333.622728 Disc=-0.000023
  - Preparing KeplerianElements...
  - Propagating with AstDyn...
  - Propagation finished.
[DEBUG] intersect A=0.000000 B=-0.023830 C=6014152807.229243 Disc=-0.000023
Processed Phase 2 for all candidates. Found 3 confirmed events.
--------------------------------------------------
CANDIDATE RESULT (Phase 2):
  Star ID:  3782937379623987840
  Star Pos: RA=157.675579 Dec=-0.670462
  Date:     61058.39306
  CA Dist:  139.363"
  Duration: 0.71 s
--------------------------------------------------
--------------------------------------------------
CANDIDATE RESULT (Phase 2):
  Star ID:  3782940849957559424
  Star Pos: RA=157.664073 Dec=-0.599500
  Date:     61058.39306
  CA Dist:  288.329"
  Duration: 0.71 s
--------------------------------------------------
--------------------------------------------------
CANDIDATE RESULT (Phase 2):
  Star ID:  3782940437640705408
  Star Pos: RA=157.572550 Dec=-0.637202
  Date:     61058.60694
  CA Dist:  212.381"
  Duration: 0.71 s
--------------------------------------------------

Exporting results to XML...
✅ Results exported to XML: italoccultcalc_output.xml

Generating Event Cards...
[DEBUG] Calling OutputManager for 3 events
Generating IOccult Card: ioccult_card_26224_real_1.png
[DEBUG] Entering generateGroundMapImage for asteroid 26224, name 
[DEBUG] Central Path size: 0
[DEBUG] WARNING: Central path is empty!
[MapPathRenderer] Inizializzazione Mapnik...
[MapPathRenderer] Datasources registrate da: /opt/homebrew/lib/mapnik/input
[MapPathRenderer] Datasources registrate da: /usr/local/lib/mapnik/input
[MapPathRenderer] Datasources registrate da: /opt/homebrew/Cellar/mapnik/4.1.4_2/lib/mapnik/input
[MapPathRenderer] Plugin caricati: csv gdal geobuf geojson ogr pgraster postgis raster shape sqlite tiles topojson 
📐 Campo visivo impostato:
   Centro: RA 157.68° Dec -0.67°
   Campo visivo: 20.00°
🔆 Magnitudine limite: 8.00
⭐ Aggiunte 307 stelle SAO
🎯 Target impostato: 
   RA: 157.68° Dec: -0.67°

🎨 === Rendering Mappa Celeste ===
📏 Rendering griglia di coordinate RA/Dec...
📍 Rendering confini costellazioni...
📐 Rendering linee costellazioni...
⭐ Rendering stelle SAO...
   Stelle visualizzate: 307
💾 Salvataggio mappa...
Mapnik LOG> 2026-01-18 15:57:23: SVG parse error: can't infer valid image dimensions from width:"100%" height:"100%"

✅ Mappa celeste generata: results_26224/sky.png

📋 Dettagli renderizzazione:
   Centro: RA 157.68° Dec -0.67°
   Campo visivo: 20.00°
   Dimensioni: 400x400 px
   Stelle visualizzate: 307
   Magnitudine limite: 8.00
   Linee costellazioni: 0
   Confini costellazioni: 0
   Griglia RA/Dec: ogni 10.00°
[MapPathRenderer] Inizializzazione Mapnik...
[MapPathRenderer] Datasources registrate da: /opt/homebrew/lib/mapnik/input
[MapPathRenderer] Datasources registrate da: /usr/local/lib/mapnik/input
[MapPathRenderer] Datasources registrate da: /opt/homebrew/Cellar/mapnik/4.1.4_2/lib/mapnik/input
[MapPathRenderer] Plugin caricati: csv gdal geobuf geojson ogr pgraster postgis raster shape sqlite tiles topojson 
Campo visivo impostato: RA 157.68° Dec -0.67° FOV 2.00°
Magnitudine limite: 14.00
Aggiunte 395 stelle SAO
Target impostato:  (RA 157.68° Dec -0.67°)

=== Rendering Finder Chart ===
Rendering confini costellazioni...
Rendering linee costellazioni...
Rendering stelle SAO...
Rendering target...

✓ Finder Chart generata: results_26224/finder.png
  ✅ Sfondo bianco per stampa
  ✅ Stelle del catalogo SAO con numeri
  ✅ Linee e confini delle costellazioni
Generating IOccult Card: ioccult_card_26224_real_2.png
[DEBUG] Entering generateGroundMapImage for asteroid 26224, name 
[DEBUG] Central Path size: 0
[DEBUG] WARNING: Central path is empty!
[MapPathRenderer] Inizializzazione Mapnik...
[MapPathRenderer] Datasources registrate da: /opt/homebrew/lib/mapnik/input
[MapPathRenderer] Datasources registrate da: /usr/local/lib/mapnik/input
[MapPathRenderer] Datasources registrate da: /opt/homebrew/Cellar/mapnik/4.1.4_2/lib/mapnik/input
[MapPathRenderer] Plugin caricati: csv gdal geobuf geojson ogr pgraster postgis raster shape sqlite tiles topojson 
📐 Campo visivo impostato:
   Centro: RA 157.66° Dec -0.60°
   Campo visivo: 20.00°
🔆 Magnitudine limite: 8.00
⭐ Aggiunte 307 stelle SAO
🎯 Target impostato: 
   RA: 157.66° Dec: -0.60°

🎨 === Rendering Mappa Celeste ===
📏 Rendering griglia di coordinate RA/Dec...
📍 Rendering confini costellazioni...
📐 Rendering linee costellazioni...
⭐ Rendering stelle SAO...
   Stelle visualizzate: 307
💾 Salvataggio mappa...

✅ Mappa celeste generata: results_26224/sky.png

📋 Dettagli renderizzazione:
   Centro: RA 157.66° Dec -0.60°
   Campo visivo: 20.00°
   Dimensioni: 400x400 px
   Stelle visualizzate: 307
   Magnitudine limite: 8.00
   Linee costellazioni: 0
   Confini costellazioni: 0
   Griglia RA/Dec: ogni 10.00°
[MapPathRenderer] Inizializzazione Mapnik...
[MapPathRenderer] Datasources registrate da: /opt/homebrew/lib/mapnik/input
[MapPathRenderer] Datasources registrate da: /usr/local/lib/mapnik/input
[MapPathRenderer] Datasources registrate da: /opt/homebrew/Cellar/mapnik/4.1.4_2/lib/mapnik/input
[MapPathRenderer] Plugin caricati: csv gdal geobuf geojson ogr pgraster postgis raster shape sqlite tiles topojson 
Campo visivo impostato: RA 157.66° Dec -0.60° FOV 2.00°
Magnitudine limite: 14.00
Aggiunte 387 stelle SAO
Target impostato:  (RA 157.66° Dec -0.60°)

=== Rendering Finder Chart ===
Rendering confini costellazioni...
Rendering linee costellazioni...
Rendering stelle SAO...
Rendering target...

✓ Finder Chart generata: results_26224/finder.png
  ✅ Sfondo bianco per stampa
  ✅ Stelle del catalogo SAO con numeri
  ✅ Linee e confini delle costellazioni
Generating IOccult Card: ioccult_card_26224_real_3.png
[DEBUG] Entering generateGroundMapImage for asteroid 26224, name 
[DEBUG] Central Path size: 0
[DEBUG] WARNING: Central path is empty!
[MapPathRenderer] Inizializzazione Mapnik...
[MapPathRenderer] Datasources registrate da: /opt/homebrew/lib/mapnik/input
[MapPathRenderer] Datasources registrate da: /usr/local/lib/mapnik/input
[MapPathRenderer] Datasources registrate da: /opt/homebrew/Cellar/mapnik/4.1.4_2/lib/mapnik/input
[MapPathRenderer] Plugin caricati: csv gdal geobuf geojson ogr pgraster postgis raster shape sqlite tiles topojson 
📐 Campo visivo impostato:
   Centro: RA 157.57° Dec -0.64°
   Campo visivo: 20.00°
🔆 Magnitudine limite: 8.00
⭐ Aggiunte 307 stelle SAO
🎯 Target impostato: 
   RA: 157.57° Dec: -0.64°

🎨 === Rendering Mappa Celeste ===
📏 Rendering griglia di coordinate RA/Dec...
📍 Rendering confini costellazioni...
📐 Rendering linee costellazioni...
⭐ Rendering stelle SAO...
   Stelle visualizzate: 307
💾 Salvataggio mappa...

✅ Mappa celeste generata: results_26224/sky.png

📋 Dettagli renderizzazione:
   Centro: RA 157.57° Dec -0.64°
   Campo visivo: 20.00°
   Dimensioni: 400x400 px
   Stelle visualizzate: 307
   Magnitudine limite: 8.00
   Linee costellazioni: 0
   Confini costellazioni: 0
   Griglia RA/Dec: ogni 10.00°
[MapPathRenderer] Inizializzazione Mapnik...
[MapPathRenderer] Datasources registrate da: /opt/homebrew/lib/mapnik/input
[MapPathRenderer] Datasources registrate da: /usr/local/lib/mapnik/input
[MapPathRenderer] Datasources registrate da: /opt/homebrew/Cellar/mapnik/4.1.4_2/lib/mapnik/input
[MapPathRenderer] Plugin caricati: csv gdal geobuf geojson ogr pgraster postgis raster shape sqlite tiles topojson 
Campo visivo impostato: RA 157.57° Dec -0.64° FOV 2.00°
Magnitudine limite: 14.00
Aggiunte 393 stelle SAO
Target impostato:  (RA 157.57° Dec -0.64°)

=== Rendering Finder Chart ===
Rendering confini costellazioni...
Rendering linee costellazioni...
Rendering stelle SAO...
Rendering target...

✓ Finder Chart generata: results_26224/finder.png
  ✅ Sfondo bianco per stampa
  ✅ Stelle del catalogo SAO con numeri
  ✅ Linee e confini delle costellazioni

IOccultCalc Engine Workflow completed.
