Could not open IAU catalog: data/IAU-CSN.json
Could not open star names database: data/common_star_names.csv
Loaded 23 stars from embedded database
Loaded star names from embedded database
Loaded Gaia SQLite DR3 catalog: /Users/michelebigi/.catalog/crossreference/gaia_dr3_occult_pro.db
Loaded Gaia SQLite DR3 catalog: "/Users/michelebigi/.catalog/crossreference/gaia_dr3_occult_pro.db"
ITALOccultCalc v1.0 [Native API Workflow]
--- BUILD DATE: Jan 18 2026 15:56:15 ---

=== ITALOccultCalc DEBUG BUILD ===

📄 Loading configuration from: ../verify_1272.json
DEBUG: output config read - A4='', IOccult='ioccult_card_1272.png'
Target: 1272 (1272)
Window: 61052 -> 61054
SPICESPKReader: Loaded /Users/michelebigi/.ioccultcalc/ephemerides/de440.bsp
Ephemeris loaded.
[Phase1CandidateScreening] Constructor started.
✓ DE441 loaded (Native Reader): /Users/michelebigi/.ioccultcalc/ephemerides/de441_part-2.bsp
[Phase1CandidateScreening] Constructor finished.
[Phase2OccultationGeometry] Constructor started.
[AstDynWrapper] Constructor started.
  - Creating PlanetaryEphemeris...
  - Initializing propagator...
  - Creating RKF78Integrator...
  - Creating Propagator object...
    [Propagator] Constructor entry (include_asteroids=1).
    [Propagator] Creating AsteroidPerturbations...
    [Propagator] Constructor exit.
  - Propagator object created.
[AstDynWrapper] Constructor finished.
[Phase2OccultationGeometry] Constructor finished.
Loading asteroid 1272...
[AsteroidSqliteDatabase] Successfully opened /Users/michelebigi/.ioccultcalc/database/asteroids.db
[DEBUG-PERT] lapco entry (alpha=0.535911)
[DEBUG-PERT] lapco entry (alpha=0.535911)
[DEBUG-PERT] Initial Laplace coefficients computed.
[DEBUG-PERT] lapco entry (alpha=0.2918)
[DEBUG-PERT] lapco entry (alpha=0.2918)
[DEBUG-PERT] Initial Laplace coefficients computed.
[DEBUG-PERT] lapco entry (alpha=0.145076)
[DEBUG-PERT] lapco entry (alpha=0.145076)
[DEBUG-PERT] Initial Laplace coefficients computed.
[DEBUG-PERT] lapco entry (alpha=0.0925967)
[DEBUG-PERT] lapco entry (alpha=0.0925967)
[DEBUG-PERT] Initial Laplace coefficients computed.
[DEBUG-PERT] lapco entry (alpha=0.535911)
[DEBUG-PERT] lapco entry (alpha=0.535911)
[DEBUG-PERT] Initial Laplace coefficients computed.
[DEBUG-PERT] lapco entry (alpha=0.2918)
[DEBUG-PERT] lapco entry (alpha=0.2918)
[DEBUG-PERT] Initial Laplace coefficients computed.
[DEBUG-PERT] lapco entry (alpha=0.145076)
[DEBUG-PERT] lapco entry (alpha=0.145076)
[DEBUG-PERT] Initial Laplace coefficients computed.
[DEBUG-PERT] lapco entry (alpha=0.0925967)
[DEBUG-PERT] lapco entry (alpha=0.0925967)
[DEBUG-PERT] Initial Laplace coefficients computed.
[AstDynWrapper:0x10de8fe50] setKeplerianElements: asteroid=Gefion state set to INITIALIZED (Covariance: NO).
[AstDynWrapper]   Processing Frame: ECLIPTIC
  - Creating RKF78Integrator...
  - Creating Propagator object...
    [Propagator] Constructor entry (include_asteroids=1).
    [Propagator] Creating AsteroidPerturbations...
    [Propagator] Constructor exit.
  - Propagator object created.
[Phase2OccultationGeometry] setSPKReader called. Forwarding to wrapper=0x10de8fe50
Phase 1: Screening stars in 2 deg corridor...
[PHASE1] Starting native screening for 1272 (MJD 61052 to 61054)...
    [Propagator] Constructor entry (include_asteroids=0).
    [Propagator] Constructor exit.
[PHASE1] Path start: RA=123.086 Dec=25.1161
[PHASE1] Path end:   RA=122.591 Dec=25.1574
[PHASE1] Querying Gaia catalog with 49 ICRF points...
Optimized Corridor: 49 points -> 1 query cones.
[PHASE1] Screening complete. Found 18 candidates (1620 stars in corridor).
Found 18 candidates (1620 stars initially in corridor).

Phase 2: Calculating precise geometry...

[OccultationEngine] 🔄 Refining orbit for 1272 with last 100 observations...
[MPCClient] Downloading observations from AstDyS: https://newton.spacedys.com/~astdys2/mpcobs/numbered/1/1272.rwo
[MPCClient] Parsing RWO with native library parser...
[MPCClient] Successfully loaded 3725 observations from RWO.
Debug Rotation:
 Orig: i=8.42335 O=321.276 w=4.9865
 Eq:   i=30.4439 O=349.581 w=335.574
 Back: i=8.42335 O=321.276 w=4.9865
[AstDynOrbitFitter] Feeding 100 obs to OrbitFitAPI.
   Time Range: MJD 60712.2 to 60953.6
   Initial Element Epoch: 61000
[OrbitFitAPI] Loading OrbFit elements from /tmp/ioc_fit_init.eq1...
   Detecting ECLIPTIC frame in .eq1, applying rotation to Equatorial J2000.
   Initial Context: ECLIPTIC/SUN/MEAN
   Target Context:  EQUATORIAL/SUN/OSCULATING
   Initial Orbit (Ecliptic): a=2.78813 e=0.150823 i=8.42335deg
   Initial Orbit (Transformed Equatorial): i=30.4439deg
[OrbitFitAPI] Loading observations from /tmp/ioc_fit_obs.rwo...
RWOReader Debug: Total lines 104. Total obs 100
   Loaded 100 observations
    [Propagator] Constructor entry (include_asteroids=0).
    [Propagator] Constructor exit.
    [Propagator] Constructor entry (include_asteroids=0).
    [Propagator] Constructor exit.

Initial orbit set:
  Epoch: 61000.000000 MJD TDB
  a = 2.788128 AU
  e = 0.150823
  i = 30.443927 deg

Initial orbit set:
  Epoch: 60779.895245 MJD TDB
  a = 2.786092 AU
  e = 0.150390
  i = 30.441647 deg
[OrbitFitAPI] Running differential correction...

=== Differential Correction ===
Observations: 100
Max iterations: 10
Convergence threshold: 0.000001

========================================
Differential Corrections
========================================
Observations: 100
Max iterations: 10
Convergence: 0.000001 AU

[Residuals Debug] MJD=60712.24522 Obs RA=26.71465 Dec=19.74865 Comp RA=26.71368 Dec=19.74906 ResRA=3.29908 ResDec=-1.46472
[Residuals Debug] MJD=60712.25033 Obs RA=26.71612 Dec=19.74898 Comp RA=26.71530 Dec=19.74943 ResRA=2.77546 ResDec=-1.63297
[Residuals Debug] MJD=60712.26143 Obs RA=26.71949 Dec=19.74982 Comp RA=26.71883 Dec=19.75025 ResRA=2.24377 ResDec=-1.56106
[Residuals Debug] MJD=60714.24462 Obs RA=27.35518 Dec=19.89810 Comp RA=27.35415 Dec=19.89837 ResRA=3.48751 ResDec=-0.98731
[Residuals Debug] MJD=60714.26061 Obs RA=27.36049 Dec=19.89922 Comp RA=27.35931 Dec=19.89958 ResRA=3.98873 ResDec=-1.30958
[Residuals Debug] MJD=60714.26381 Obs RA=27.36140 Dec=19.89943 Comp RA=27.36034 Dec=19.89982 ResRA=3.57429 ResDec=-1.41829
[Residuals Debug] MJD=60714.26934 Obs RA=27.36316 Dec=19.89994 Comp RA=27.36213 Dec=19.90024 ResRA=3.47796 ResDec=-1.09417
[Residuals Debug] MJD=60716.23910 Obs RA=28.00442 Dec=20.05076 Comp RA=28.00308 Dec=20.05083 ResRA=4.54313 ResDec=-0.24556
[Residuals Debug] MJD=60716.24236 Obs RA=28.00555 Dec=20.05079 Comp RA=28.00415 Dec=20.05108 ResRA=4.74092 ResDec=-1.05415
[Residuals Debug] MJD=60716.24978 Obs RA=28.00764 Dec=20.05166 Comp RA=28.00658 Dec=20.05166 ResRA=3.58914 ResDec=0.02180
[Residuals Debug] MJD=60716.26038 Obs RA=28.01111 Dec=20.05235 Comp RA=28.01006 Dec=20.05247 ResRA=3.55761 ResDec=-0.44807
[Residuals Debug] MJD=60718.24841 Obs RA=28.66792 Dec=20.20755 Comp RA=28.66665 Dec=20.20771 ResRA=4.29182 ResDec=-0.57661
[Residuals Debug] MJD=60718.26485 Obs RA=28.67331 Dec=20.20873 Comp RA=28.67212 Dec=20.20901 ResRA=4.02414 ResDec=-0.99211
[Residuals Debug] MJD=60718.26803 Obs RA=28.67457 Dec=20.20931 Comp RA=28.67318 Dec=20.20926 ResRA=4.71065 ResDec=0.19384
[Residuals Debug] MJD=60718.27349 Obs RA=28.67616 Dec=20.20939 Comp RA=28.67499 Dec=20.20969 ResRA=3.93235 ResDec=-1.07766
[Residuals Debug] MJD=60719.22497 Obs RA=28.99402 Dec=20.28501 Comp RA=28.99262 Dec=20.28508 ResRA=4.72994 ResDec=-0.23034
[Residuals Debug] MJD=60719.22874 Obs RA=28.99531 Dec=20.28529 Comp RA=28.99388 Dec=20.28538 ResRA=4.81130 ResDec=-0.31103
[Residuals Debug] MJD=60719.23438 Obs RA=28.99717 Dec=20.28571 Comp RA=28.99577 Dec=20.28582 ResRA=4.71568 ResDec=-0.40840
[Residuals Debug] MJD=60719.24416 Obs RA=29.00047 Dec=20.28653 Comp RA=28.99905 Dec=20.28660 ResRA=4.80114 ResDec=-0.25956
[Residuals Debug] MJD=60720.27038 Obs RA=29.34512 Dec=20.36874 Comp RA=29.34404 Dec=20.36866 ResRA=3.66398 ResDec=0.27049
[Residuals Debug] MJD=60720.27369 Obs RA=29.34644 Dec=20.36897 Comp RA=29.34515 Dec=20.36893 ResRA=4.35764 ResDec=0.14446
[Residuals Debug] MJD=60720.28023 Obs RA=29.34850 Dec=20.36943 Comp RA=29.34736 Dec=20.36945 ResRA=3.85686 ResDec=-0.08714
[Residuals Debug] MJD=60720.29368 Obs RA=29.35290 Dec=20.37034 Comp RA=29.35189 Dec=20.37054 ResRA=3.39490 ResDec=-0.70624
[Residuals Debug] MJD=60721.25737 Obs RA=29.67938 Dec=20.44811 Comp RA=29.67811 Dec=20.44828 ResRA=4.29789 ResDec=-0.60475
[Residuals Debug] MJD=60721.27215 Obs RA=29.68418 Dec=20.44941 Comp RA=29.68313 Dec=20.44948 ResRA=3.55422 ResDec=-0.23570
[Residuals Debug] MJD=60721.27534 Obs RA=29.68543 Dec=20.44953 Comp RA=29.68421 Dec=20.44974 ResRA=4.11382 ResDec=-0.73660
[Residuals Debug] MJD=60721.28176 Obs RA=29.68748 Dec=20.45006 Comp RA=29.68639 Dec=20.45026 ResRA=3.67362 ResDec=-0.69898
[Residuals Debug] MJD=60725.23591 Obs RA=31.04763 Dec=20.77535 Comp RA=31.04667 Dec=20.77551 ResRA=3.22900 ResDec=-0.56647
[Residuals Debug] MJD=60725.23909 Obs RA=31.04879 Dec=20.77552 Comp RA=31.04778 Dec=20.77577 ResRA=3.41975 ResDec=-0.90997
[Residuals Debug] MJD=60725.24560 Obs RA=31.05096 Dec=20.77615 Comp RA=31.05005 Dec=20.77632 ResRA=3.07230 ResDec=-0.59720
[Residuals Debug] MJD=60725.26490 Obs RA=31.05780 Dec=20.77766 Comp RA=31.05677 Dec=20.77793 ResRA=3.47951 ResDec=-0.95219
[Residuals Debug] MJD=60726.23538 Obs RA=31.39680 Dec=20.85893 Comp RA=31.39583 Dec=20.85915 ResRA=3.27932 ResDec=-0.80280
[Residuals Debug] MJD=60726.23857 Obs RA=31.39777 Dec=20.85906 Comp RA=31.39694 Dec=20.85942 ResRA=2.78624 ResDec=-1.29667
[Residuals Debug] MJD=60726.24504 Obs RA=31.39996 Dec=20.85986 Comp RA=31.39921 Dec=20.85996 ResRA=2.51487 ResDec=-0.37318
[Residuals Debug] MJD=60726.26474 Obs RA=31.40677 Dec=20.86139 Comp RA=31.40612 Dec=20.86162 ResRA=2.20523 ResDec=-0.82902
[Residuals Debug] MJD=60727.25170 Obs RA=31.75372 Dec=20.94436 Comp RA=31.75301 Dec=20.94475 ResRA=2.40391 ResDec=-1.38378
[Residuals Debug] MJD=60727.25449 Obs RA=31.75472 Dec=20.94473 Comp RA=31.75399 Dec=20.94498 ResRA=2.46186 ResDec=-0.90163
[Residuals Debug] MJD=60727.26244 Obs RA=31.75756 Dec=20.94540 Comp RA=31.75679 Dec=20.94565 ResRA=2.57500 ResDec=-0.91056
[Residuals Debug] MJD=60727.28513 Obs RA=31.76547 Dec=20.94722 Comp RA=31.76479 Dec=20.94757 ResRA=2.28495 ResDec=-1.26126
[Residuals Debug] MJD=60729.23501 Obs RA=32.45687 Dec=21.11283 Comp RA=32.45611 Dec=21.11322 ResRA=2.55476 ResDec=-1.39112
[Residuals Debug] MJD=60729.23782 Obs RA=32.45786 Dec=21.11313 Comp RA=32.45711 Dec=21.11346 ResRA=2.51516 ResDec=-1.17285
[Residuals Debug] MJD=60729.24335 Obs RA=32.45993 Dec=21.11362 Comp RA=32.45908 Dec=21.11393 ResRA=2.84024 ResDec=-1.11515
[Residuals Debug] MJD=60729.25447 Obs RA=32.46374 Dec=21.11441 Comp RA=32.46305 Dec=21.11488 ResRA=2.32687 ResDec=-1.68463
[Residuals Debug] MJD=60730.22166 Obs RA=32.80972 Dec=21.19749 Comp RA=32.80882 Dec=21.19768 ResRA=3.02876 ResDec=-0.69775
[Residuals Debug] MJD=60730.22652 Obs RA=32.81128 Dec=21.19778 Comp RA=32.81056 Dec=21.19810 ResRA=2.40467 ResDec=-1.15107
[Residuals Debug] MJD=60730.25608 Obs RA=32.82175 Dec=21.20035 Comp RA=32.82116 Dec=21.20064 ResRA=1.98563 ResDec=-1.03295
[Residuals Debug] MJD=60730.28867 Obs RA=32.83344 Dec=21.20296 Comp RA=32.83285 Dec=21.20343 ResRA=2.00085 ResDec=-1.70528
[Residuals Debug] MJD=60731.23405 Obs RA=33.17350 Dec=21.28446 Comp RA=33.17272 Dec=21.28477 ResRA=2.62293 ResDec=-1.10844
[Residuals Debug] MJD=60731.24295 Obs RA=33.17664 Dec=21.28517 Comp RA=33.17593 Dec=21.28554 ResRA=2.39839 ResDec=-1.32157
[Residuals Debug] MJD=60731.24939 Obs RA=33.17903 Dec=21.28586 Comp RA=33.17825 Dec=21.28609 ResRA=2.61801 ResDec=-0.83119
[Residuals Debug] MJD=60731.25452 Obs RA=33.18083 Dec=21.28609 Comp RA=33.18010 Dec=21.28653 ResRA=2.45549 ResDec=-1.60299
[Residuals Debug] MJD=60731.26939 Obs RA=33.18610 Dec=21.28750 Comp RA=33.18546 Dec=21.28782 ResRA=2.15154 ResDec=-1.13997
[Residuals Debug] MJD=60732.22869 Obs RA=33.53305 Dec=21.37035 Comp RA=33.53217 Dec=21.37071 ResRA=2.96380 ResDec=-1.30146
[Residuals Debug] MJD=60732.23424 Obs RA=33.53501 Dec=21.37084 Comp RA=33.53418 Dec=21.37119 ResRA=2.79335 ResDec=-1.26993
[Residuals Debug] MJD=60732.23470 Obs RA=33.53526 Dec=21.37098 Comp RA=33.53434 Dec=21.37123 ResRA=3.07753 ResDec=-0.90207
[Residuals Debug] MJD=60732.23745 Obs RA=33.53609 Dec=21.37108 Comp RA=33.53534 Dec=21.37147 ResRA=2.53066 ResDec=-1.39931
[Residuals Debug] MJD=60732.23790 Obs RA=33.53626 Dec=21.37128 Comp RA=33.53550 Dec=21.37151 ResRA=2.53425 ResDec=-0.82177
[Residuals Debug] MJD=60732.24629 Obs RA=33.53936 Dec=21.37196 Comp RA=33.53854 Dec=21.37224 ResRA=2.73471 ResDec=-0.98720
[Residuals Debug] MJD=60732.24815 Obs RA=33.53993 Dec=21.37207 Comp RA=33.53922 Dec=21.37240 ResRA=2.39246 ResDec=-1.17609
[Residuals Debug] MJD=60732.25736 Obs RA=33.54333 Dec=21.37279 Comp RA=33.54255 Dec=21.37319 ResRA=2.60311 ResDec=-1.45695
[Residuals Debug] MJD=60733.22896 Obs RA=33.89640 Dec=21.45736 Comp RA=33.89554 Dec=21.45750 ResRA=2.87223 ResDec=-0.48350
[Residuals Debug] MJD=60733.23218 Obs RA=33.89772 Dec=21.45761 Comp RA=33.89672 Dec=21.45778 ResRA=3.36818 ResDec=-0.59120
[Residuals Debug] MJD=60733.24928 Obs RA=33.90374 Dec=21.45900 Comp RA=33.90294 Dec=21.45926 ResRA=2.67202 ResDec=-0.94290
[Residuals Debug] MJD=60733.25840 Obs RA=33.90709 Dec=21.45970 Comp RA=33.90627 Dec=21.46006 ResRA=2.75556 ResDec=-1.27978
[Residuals Debug] MJD=60734.22921 Obs RA=34.26185 Dec=21.54435 Comp RA=34.26079 Dec=21.54461 ResRA=3.54527 ResDec=-0.93129
[Residuals Debug] MJD=60734.23243 Obs RA=34.26290 Dec=21.54461 Comp RA=34.26197 Dec=21.54489 ResRA=3.11275 ResDec=-1.00298
[Residuals Debug] MJD=60734.23793 Obs RA=34.26504 Dec=21.54512 Comp RA=34.26398 Dec=21.54537 ResRA=3.54059 ResDec=-0.90083
[Residuals Debug] MJD=60734.24900 Obs RA=34.26894 Dec=21.54618 Comp RA=34.26804 Dec=21.54634 ResRA=3.03122 ResDec=-0.55736
[Residuals Debug] MJD=60742.25244 Obs RA=37.25715 Dec=22.25227 Comp RA=37.25506 Dec=22.25216 ResRA=6.97510 ResDec=0.39532
[Residuals Debug] MJD=60742.25564 Obs RA=37.25848 Dec=22.25251 Comp RA=37.25627 Dec=22.25244 ResRA=7.34670 ResDec=0.24042
[Residuals Debug] MJD=60742.26109 Obs RA=37.26057 Dec=22.25292 Comp RA=37.25834 Dec=22.25293 ResRA=7.41730 ResDec=-0.03231
[Residuals Debug] MJD=60742.27255 Obs RA=37.26462 Dec=22.25405 Comp RA=37.26270 Dec=22.25395 ResRA=6.39446 ResDec=0.37050
[Residuals Debug] MJD=60744.24075 Obs RA=38.01628 Dec=22.42932 Comp RA=38.01388 Dec=22.42900 ResRA=7.98248 ResDec=1.15268
[Residuals Debug] MJD=60744.24443 Obs RA=38.01766 Dec=22.42963 Comp RA=38.01529 Dec=22.42933 ResRA=7.86859 ResDec=1.09094
[Residuals Debug] MJD=60744.25000 Obs RA=38.01986 Dec=22.43000 Comp RA=38.01743 Dec=22.42982 ResRA=8.09356 ResDec=0.63808
[Residuals Debug] MJD=60744.25975 Obs RA=38.02351 Dec=22.43092 Comp RA=38.02116 Dec=22.43069 ResRA=7.79837 ResDec=0.82229
[Residuals Debug] MJD=60940.59915 Obs RA=118.64055 Dec=26.18108 Comp RA=118.63607 Dec=26.18125 ResRA=14.46215 ResDec=-0.60162
[Residuals Debug] MJD=60940.60200 Obs RA=118.64135 Dec=26.18114 Comp RA=118.63692 Dec=26.18111 ResRA=14.30114 ResDec=0.11175
[Residuals Debug] MJD=60940.61154 Obs RA=118.64417 Dec=26.18043 Comp RA=118.63977 Dec=26.18064 ResRA=14.22752 ResDec=-0.75384
[Residuals Debug] MJD=60940.62231 Obs RA=118.64746 Dec=26.18020 Comp RA=118.64298 Dec=26.18011 ResRA=14.46901 ResDec=0.31936
[Residuals Debug] MJD=60941.61675 Obs RA=118.94248 Dec=26.13128 Comp RA=118.93799 Dec=26.13137 ResRA=14.49991 ResDec=-0.30676
[Residuals Debug] MJD=60941.62086 Obs RA=118.94364 Dec=26.13118 Comp RA=118.93921 Dec=26.13116 ResRA=14.33691 ResDec=0.05767
[Residuals Debug] MJD=60941.62641 Obs RA=118.94522 Dec=26.13093 Comp RA=118.94084 Dec=26.13089 ResRA=14.14416 ResDec=0.13650
[Residuals Debug] MJD=60941.63566 Obs RA=118.94786 Dec=26.13037 Comp RA=118.94357 Dec=26.13044 ResRA=13.84854 ResDec=-0.25344
[Residuals Debug] MJD=60947.60610 Obs RA=120.65500 Dec=25.84097 Comp RA=120.65136 Dec=25.84060 ResRA=11.78780 ResDec=1.31449
[Residuals Debug] MJD=60947.61024 Obs RA=120.65605 Dec=25.84059 Comp RA=120.65251 Dec=25.84041 ResRA=11.47760 ResDec=0.65980
[Residuals Debug] MJD=60947.62004 Obs RA=120.65869 Dec=25.84004 Comp RA=120.65522 Dec=25.83994 ResRA=11.25475 ResDec=0.37205
[Residuals Debug] MJD=60947.63618 Obs RA=120.66340 Dec=25.83934 Comp RA=120.65968 Dec=25.83916 ResRA=12.04255 ResDec=0.64012
[Residuals Debug] MJD=60948.61127 Obs RA=120.93092 Dec=25.79257 Comp RA=120.92785 Dec=25.79249 ResRA=9.94482 ResDec=0.26891
[Residuals Debug] MJD=60948.61315 Obs RA=120.93179 Dec=25.79264 Comp RA=120.92836 Dec=25.79241 ResRA=11.10747 ResDec=0.84078
[Residuals Debug] MJD=60948.62519 Obs RA=120.93487 Dec=25.79194 Comp RA=120.93166 Dec=25.79183 ResRA=10.41815 ResDec=0.38978
[Residuals Debug] MJD=60948.63188 Obs RA=120.93671 Dec=25.79154 Comp RA=120.93349 Dec=25.79151 ResRA=10.43984 ResDec=0.10056
[Residuals Debug] MJD=60948.63466 Obs RA=120.93769 Dec=25.79161 Comp RA=120.93425 Dec=25.79138 ResRA=11.16656 ResDec=0.83774
[Residuals Debug] MJD=60951.50113 Obs RA=121.70687 Dec=25.65589 Comp RA=121.70424 Dec=25.65571 ResRA=8.51901 ResDec=0.63806
[Residuals Debug] MJD=60951.50542 Obs RA=121.70797 Dec=25.65568 Comp RA=121.70537 Dec=25.65551 ResRA=8.44043 ResDec=0.61281
[Residuals Debug] MJD=60951.50969 Obs RA=121.70902 Dec=25.65557 Comp RA=121.70650 Dec=25.65531 ResRA=8.18986 ResDec=0.93416
[Residuals Debug] MJD=60953.58862 Obs RA=122.24979 Dec=25.55891 Comp RA=122.24750 Dec=25.55856 ResRA=7.42908 ResDec=1.25564
[Residuals Debug] MJD=60953.59237 Obs RA=122.25095 Dec=25.55885 Comp RA=122.24847 Dec=25.55839 ResRA=8.06553 ResDec=1.65886
[Residuals Debug] MJD=60953.59749 Obs RA=122.25217 Dec=25.55864 Comp RA=122.24978 Dec=25.55815 ResRA=7.76254 ResDec=1.74990
[Residuals Debug] MJD=60953.61213 Obs RA=122.25579 Dec=25.55792 Comp RA=122.25354 Dec=25.55748 ResRA=7.31996 ResDec=1.59317
Iter  1: RMS = 4.726 arcsec, ||Δx|| = 8.76e-04 AU, Outliers(100.0σ) = 0
[Residuals Debug] MJD=60712.24522 Obs RA=26.71465 Dec=19.74865 Comp RA=26.71464 Dec=19.74831 ResRA=0.01996 ResDec=1.20645
[Residuals Debug] MJD=60712.25033 Obs RA=26.71612 Dec=19.74898 Comp RA=26.71627 Dec=19.74869 ResRA=-0.50350 ResDec=1.03743
[Residuals Debug] MJD=60712.26143 Obs RA=26.71949 Dec=19.74982 Comp RA=26.71980 Dec=19.74951 ResRA=-1.03483 ResDec=1.10767
[Residuals Debug] MJD=60714.24462 Obs RA=27.35518 Dec=19.89810 Comp RA=27.35510 Dec=19.89771 ResRA=0.26441 ResDec=1.38653
[Residuals Debug] MJD=60714.26061 Obs RA=27.36049 Dec=19.89922 Comp RA=27.36027 Dec=19.89892 ResRA=0.76601 ResDec=1.06190
[Residuals Debug] MJD=60714.26381 Obs RA=27.36140 Dec=19.89943 Comp RA=27.36130 Dec=19.89917 ResRA=0.35163 ResDec=0.95273
[Residuals Debug] MJD=60714.26934 Obs RA=27.36316 Dec=19.89994 Comp RA=27.36308 Dec=19.89958 ResRA=0.25544 ResDec=1.27604
[Residuals Debug] MJD=60716.23910 Obs RA=28.00442 Dec=20.05076 Comp RA=28.00402 Dec=20.05025 ResRA=1.35885 ResDec=1.83891
[Residuals Debug] MJD=60716.24236 Obs RA=28.00555 Dec=20.05079 Comp RA=28.00509 Dec=20.05050 ResRA=1.55668 ResDec=1.02986
[Residuals Debug] MJD=60716.24978 Obs RA=28.00764 Dec=20.05166 Comp RA=28.00752 Dec=20.05108 ResRA=0.40502 ResDec=2.10474
[Residuals Debug] MJD=60716.26038 Obs RA=28.01111 Dec=20.05235 Comp RA=28.01100 Dec=20.05190 ResRA=0.37365 ResDec=1.63335
[Residuals Debug] MJD=60718.24841 Obs RA=28.66792 Dec=20.20755 Comp RA=28.66759 Dec=20.20721 ResRA=1.12940 ResDec=1.22323
[Residuals Debug] MJD=60718.26485 Obs RA=28.67331 Dec=20.20873 Comp RA=28.67305 Dec=20.20851 ResRA=0.86182 ResDec=0.80543
[Residuals Debug] MJD=60718.26803 Obs RA=28.67457 Dec=20.20931 Comp RA=28.67411 Dec=20.20876 ResRA=1.54837 ResDec=1.99093
[Residuals Debug] MJD=60718.27349 Obs RA=28.67616 Dec=20.20939 Comp RA=28.67593 Dec=20.20919 ResRA=0.77009 ResDec=0.71867
[Residuals Debug] MJD=60719.22497 Obs RA=28.99402 Dec=20.28501 Comp RA=28.99356 Dec=20.28461 ResRA=1.57191 ResDec=1.43353
[Residuals Debug] MJD=60719.22874 Obs RA=28.99531 Dec=20.28529 Comp RA=28.99482 Dec=20.28491 ResRA=1.65328 ResDec=1.35233
[Residuals Debug] MJD=60719.23438 Obs RA=28.99717 Dec=20.28571 Comp RA=28.99671 Dec=20.28536 ResRA=1.55767 ResDec=1.25417
[Residuals Debug] MJD=60719.24416 Obs RA=29.00047 Dec=20.28653 Comp RA=28.99998 Dec=20.28614 ResRA=1.64316 ResDec=1.40166
[Residuals Debug] MJD=60720.27038 Obs RA=29.34512 Dec=20.36874 Comp RA=29.34497 Dec=20.36824 ResRA=0.50615 ResDec=1.79048
[Residuals Debug] MJD=60720.27369 Obs RA=29.34644 Dec=20.36897 Comp RA=29.34609 Dec=20.36851 ResRA=1.19980 ResDec=1.66400
[Residuals Debug] MJD=60720.28023 Obs RA=29.34850 Dec=20.36943 Comp RA=29.34829 Dec=20.36903 ResRA=0.69901 ResDec=1.43150
[Residuals Debug] MJD=60720.29368 Obs RA=29.35290 Dec=20.37034 Comp RA=29.35283 Dec=20.37011 ResRA=0.23701 ResDec=0.81056
[Residuals Debug] MJD=60721.25737 Obs RA=29.67938 Dec=20.44811 Comp RA=29.67904 Dec=20.44789 ResRA=1.13598 ResDec=0.78093
[Residuals Debug] MJD=60721.27215 Obs RA=29.68418 Dec=20.44941 Comp RA=29.68406 Dec=20.44909 ResRA=0.39222 ResDec=1.14799
[Residuals Debug] MJD=60721.27534 Obs RA=29.68543 Dec=20.44953 Comp RA=29.68515 Dec=20.44935 ResRA=0.95179 ResDec=0.64666
[Residuals Debug] MJD=60721.28176 Obs RA=29.68748 Dec=20.45006 Comp RA=29.68733 Dec=20.44987 ResRA=0.51155 ResDec=0.68341
[Residuals Debug] MJD=60725.23591 Obs RA=31.04763 Dec=20.77535 Comp RA=31.04763 Dec=20.77527 ResRA=0.00906 ResDec=0.29229
[Residuals Debug] MJD=60725.23909 Obs RA=31.04879 Dec=20.77552 Comp RA=31.04873 Dec=20.77553 ResRA=0.19973 ResDec=-0.05162
[Residuals Debug] MJD=60725.24560 Obs RA=31.05096 Dec=20.77615 Comp RA=31.05100 Dec=20.77608 ResRA=-0.14786 ResDec=0.26030
[Residuals Debug] MJD=60725.26490 Obs RA=31.05780 Dec=20.77766 Comp RA=31.05772 Dec=20.77769 ResRA=0.25890 ResDec=-0.09718
[Residuals Debug] MJD=60726.23538 Obs RA=31.39680 Dec=20.85893 Comp RA=31.39679 Dec=20.85895 ResRA=0.03444 ResDec=-0.07292
[Residuals Debug] MJD=60726.23857 Obs RA=31.39777 Dec=20.85906 Comp RA=31.39791 Dec=20.85922 ResRA=-0.45873 ResDec=-0.56720
[Residuals Debug] MJD=60726.24504 Obs RA=31.39996 Dec=20.85986 Comp RA=31.40018 Dec=20.85976 ResRA=-0.73026 ResDec=0.35546
[Residuals Debug] MJD=60726.26474 Obs RA=31.40677 Dec=20.86139 Comp RA=31.40708 Dec=20.86142 ResRA=-1.04045 ResDec=-0.10291
[Residuals Debug] MJD=60727.25170 Obs RA=31.75372 Dec=20.94436 Comp RA=31.75398 Dec=20.94458 ResRA=-0.87054 ResDec=-0.78357
[Residuals Debug] MJD=60727.25449 Obs RA=31.75472 Dec=20.94473 Comp RA=31.75496 Dec=20.94481 ResRA=-0.81267 ResDec=-0.30177
[Residuals Debug] MJD=60727.26244 Obs RA=31.75756 Dec=20.94540 Comp RA=31.75777 Dec=20.94549 ResRA=-0.69978 ResDec=-0.31172
[Residuals Debug] MJD=60727.28513 Obs RA=31.76547 Dec=20.94722 Comp RA=31.76577 Dec=20.94740 ResRA=-0.99054 ResDec=-0.66529
[Residuals Debug] MJD=60729.23501 Obs RA=32.45687 Dec=21.11283 Comp RA=32.45711 Dec=21.11312 ResRA=-0.78948 ResDec=-1.04002
[Residuals Debug] MJD=60729.23782 Obs RA=32.45786 Dec=21.11313 Comp RA=32.45811 Dec=21.11336 ResRA=-0.82920 ResDec=-0.82211
[Residuals Debug] MJD=60729.24335 Obs RA=32.45993 Dec=21.11362 Comp RA=32.46008 Dec=21.11383 ResRA=-0.50434 ResDec=-0.76509
[Residuals Debug] MJD=60729.25447 Obs RA=32.46374 Dec=21.11441 Comp RA=32.46404 Dec=21.11478 ResRA=-1.01815 ResDec=-1.33596
[Residuals Debug] MJD=60730.22166 Obs RA=32.80972 Dec=21.19749 Comp RA=32.80983 Dec=21.19762 ResRA=-0.35610 ResDec=-0.46869
[Residuals Debug] MJD=60730.22652 Obs RA=32.81128 Dec=21.19778 Comp RA=32.81157 Dec=21.19804 ResRA=-0.98040 ResDec=-0.92260
[Residuals Debug] MJD=60730.25608 Obs RA=32.82175 Dec=21.20035 Comp RA=32.82217 Dec=21.20057 ResRA=-1.40072 ResDec=-0.80812
[Residuals Debug] MJD=60730.28867 Obs RA=32.83344 Dec=21.20296 Comp RA=32.83385 Dec=21.20337 ResRA=-1.38691 ResDec=-1.48445
[Residuals Debug] MJD=60731.23405 Obs RA=33.17350 Dec=21.28446 Comp RA=33.17374 Dec=21.28474 ResRA=-0.80763 ResDec=-1.00329
[Residuals Debug] MJD=60731.24295 Obs RA=33.17664 Dec=21.28517 Comp RA=33.17695 Dec=21.28551 ResRA=-1.03259 ResDec=-1.21750
[Residuals Debug] MJD=60731.24939 Obs RA=33.17903 Dec=21.28586 Comp RA=33.17927 Dec=21.28606 ResRA=-0.81327 ResDec=-0.72791
[Residuals Debug] MJD=60731.25452 Obs RA=33.18083 Dec=21.28609 Comp RA=33.18112 Dec=21.28651 ResRA=-0.97604 ResDec=-1.50034
[Residuals Debug] MJD=60731.26939 Obs RA=33.18610 Dec=21.28750 Comp RA=33.18648 Dec=21.28779 ResRA=-1.28068 ResDec=-1.03912
[Residuals Debug] MJD=60732.22869 Obs RA=33.53305 Dec=21.37035 Comp RA=33.53320 Dec=21.37072 ResRA=-0.51558 ResDec=-1.31680
[Residuals Debug] MJD=60732.23424 Obs RA=33.53501 Dec=21.37084 Comp RA=33.53521 Dec=21.37120 ResRA=-0.68632 ResDec=-1.28594
[Residuals Debug] MJD=60732.23470 Obs RA=33.53526 Dec=21.37098 Comp RA=33.53538 Dec=21.37124 ResRA=-0.40215 ResDec=-0.91814
[Residuals Debug] MJD=60732.23745 Obs RA=33.53609 Dec=21.37108 Comp RA=33.53637 Dec=21.37147 ResRA=-0.94917 ResDec=-1.41571
[Residuals Debug] MJD=60732.23790 Obs RA=33.53626 Dec=21.37128 Comp RA=33.53654 Dec=21.37151 ResRA=-0.94560 ResDec=-0.83822
[Residuals Debug] MJD=60732.24629 Obs RA=33.53936 Dec=21.37196 Comp RA=33.53958 Dec=21.37224 ResRA=-0.74557 ResDec=-1.00466
[Residuals Debug] MJD=60732.24815 Obs RA=33.53993 Dec=21.37207 Comp RA=33.54025 Dec=21.37240 ResRA=-1.08791 ResDec=-1.19378
[Residuals Debug] MJD=60732.25736 Obs RA=33.54333 Dec=21.37279 Comp RA=33.54359 Dec=21.37320 ResRA=-0.87773 ResDec=-1.47574
[Residuals Debug] MJD=60733.22896 Obs RA=33.89640 Dec=21.45736 Comp RA=33.89660 Dec=21.45753 ResRA=-0.66013 ResDec=-0.61876
[Residuals Debug] MJD=60733.23218 Obs RA=33.89772 Dec=21.45761 Comp RA=33.89777 Dec=21.45781 ResRA=-0.16436 ResDec=-0.72685
[Residuals Debug] MJD=60733.24928 Obs RA=33.90374 Dec=21.45900 Comp RA=33.90400 Dec=21.45930 ResRA=-0.86146 ResDec=-1.08058
[Residuals Debug] MJD=60733.25840 Obs RA=33.90709 Dec=21.45970 Comp RA=33.90732 Dec=21.46009 ResRA=-0.77842 ResDec=-1.41855
[Residuals Debug] MJD=60734.22921 Obs RA=34.26185 Dec=21.54435 Comp RA=34.26186 Dec=21.54468 ResRA=-0.04393 ResDec=-1.18523
[Residuals Debug] MJD=60734.23243 Obs RA=34.26290 Dec=21.54461 Comp RA=34.26304 Dec=21.54496 ResRA=-0.47664 ResDec=-1.25730
[Residuals Debug] MJD=60734.23793 Obs RA=34.26504 Dec=21.54512 Comp RA=34.26506 Dec=21.54544 ResRA=-0.04912 ResDec=-1.15580
[Residuals Debug] MJD=60734.24900 Obs RA=34.26894 Dec=21.54618 Comp RA=34.26911 Dec=21.54641 ResRA=-0.55914 ResDec=-0.81364
[Residuals Debug] MJD=60742.25244 Obs RA=37.25715 Dec=22.25227 Comp RA=37.25631 Dec=22.25248 ResRA=2.79599 ResDec=-0.76645
[Residuals Debug] MJD=60742.25564 Obs RA=37.25848 Dec=22.25251 Comp RA=37.25753 Dec=22.25277 ResRA=3.16731 ResDec=-0.92170
[Residuals Debug] MJD=60742.26109 Obs RA=37.26057 Dec=22.25292 Comp RA=37.25960 Dec=22.25325 ResRA=3.23742 ResDec=-1.19502
[Residuals Debug] MJD=60742.27255 Obs RA=37.26462 Dec=22.25405 Comp RA=37.26396 Dec=22.25427 ResRA=2.21358 ResDec=-0.79344
[Residuals Debug] MJD=60744.24075 Obs RA=38.01628 Dec=22.42932 Comp RA=38.01519 Dec=22.42938 ResRA=3.62211 ResDec=-0.22199
[Residuals Debug] MJD=60744.24443 Obs RA=38.01766 Dec=22.42963 Comp RA=38.01660 Dec=22.42971 ResRA=3.50787 ResDec=-0.28412
[Residuals Debug] MJD=60744.25000 Obs RA=38.01986 Dec=22.43000 Comp RA=38.01874 Dec=22.43020 ResRA=3.73231 ResDec=-0.73757
[Residuals Debug] MJD=60744.25975 Obs RA=38.02351 Dec=22.43092 Comp RA=38.02248 Dec=22.43107 ResRA=3.43620 ResDec=-0.55440
[Residuals Debug] MJD=60940.59915 Obs RA=118.64055 Dec=26.18108 Comp RA=118.63983 Dec=26.18129 ResRA=2.31696 ResDec=-0.76547
[Residuals Debug] MJD=60940.60200 Obs RA=118.64135 Dec=26.18114 Comp RA=118.64068 Dec=26.18115 ResRA=2.15683 ResDec=-0.05218
[Residuals Debug] MJD=60940.61154 Obs RA=118.64417 Dec=26.18043 Comp RA=118.64353 Dec=26.18069 ResRA=2.08608 ResDec=-0.91802
[Residuals Debug] MJD=60940.62231 Obs RA=118.64746 Dec=26.18020 Comp RA=118.64674 Dec=26.18016 ResRA=2.33087 ResDec=0.15491
[Residuals Debug] MJD=60941.61675 Obs RA=118.94248 Dec=26.13128 Comp RA=118.94165 Dec=26.13142 ResRA=2.66582 ResDec=-0.49792
[Residuals Debug] MJD=60941.62086 Obs RA=118.94364 Dec=26.13118 Comp RA=118.94287 Dec=26.13122 ResRA=2.50410 ResDec=-0.13360
[Residuals Debug] MJD=60941.62641 Obs RA=118.94522 Dec=26.13093 Comp RA=118.94451 Dec=26.13095 ResRA=2.31306 ResDec=-0.05493
[Residuals Debug] MJD=60941.63566 Obs RA=118.94786 Dec=26.13037 Comp RA=118.94723 Dec=26.13049 ResRA=2.02027 ResDec=-0.44513
[Residuals Debug] MJD=60947.60610 Obs RA=120.65500 Dec=25.84097 Comp RA=120.65442 Dec=25.84071 ResRA=1.86376 ResDec=0.92096
[Residuals Debug] MJD=60947.61024 Obs RA=120.65605 Dec=25.84059 Comp RA=120.65557 Dec=25.84051 ResRA=1.55491 ResDec=0.26611
[Residuals Debug] MJD=60947.62004 Obs RA=120.65869 Dec=25.84004 Comp RA=120.65828 Dec=25.84005 ResRA=1.33529 ResDec=-0.02202
[Residuals Debug] MJD=60947.63618 Obs RA=120.66340 Dec=25.83934 Comp RA=120.66274 Dec=25.83927 ResRA=2.12841 ResDec=0.24540
[Residuals Debug] MJD=60948.61127 Obs RA=120.93092 Dec=25.79257 Comp RA=120.93081 Dec=25.79262 ResRA=0.35363 ResDec=-0.16532
[Residuals Debug] MJD=60948.61315 Obs RA=120.93179 Dec=25.79264 Comp RA=120.93132 Dec=25.79253 ResRA=1.51691 ResDec=0.40647
[Residuals Debug] MJD=60948.62519 Obs RA=120.93487 Dec=25.79194 Comp RA=120.93461 Dec=25.79195 ResRA=0.83158 ResDec=-0.04502
[Residuals Debug] MJD=60948.63188 Obs RA=120.93671 Dec=25.79154 Comp RA=120.93644 Dec=25.79163 ResRA=0.85549 ResDec=-0.33452
[Residuals Debug] MJD=60948.63466 Obs RA=120.93769 Dec=25.79161 Comp RA=120.93720 Dec=25.79150 ResRA=1.58315 ResDec=0.40254
[Residuals Debug] MJD=60951.50113 Obs RA=121.70687 Dec=25.65589 Comp RA=121.70690 Dec=25.65587 ResRA=-0.09758 ResDec=0.07661
[Residuals Debug] MJD=60951.50542 Obs RA=121.70797 Dec=25.65568 Comp RA=121.70803 Dec=25.65567 ResRA=-0.17470 ResDec=0.05115
[Residuals Debug] MJD=60951.50969 Obs RA=121.70902 Dec=25.65557 Comp RA=121.70916 Dec=25.65547 ResRA=-0.42381 ResDec=0.37230
[Residuals Debug] MJD=60953.58862 Obs RA=122.24979 Dec=25.55891 Comp RA=122.24994 Dec=25.55875 ResRA=-0.46858 ResDec=0.59330
[Residuals Debug] MJD=60953.59237 Obs RA=122.25095 Dec=25.55885 Comp RA=122.25090 Dec=25.55857 ResRA=0.16917 ResDec=0.99633
[Residuals Debug] MJD=60953.59749 Obs RA=122.25217 Dec=25.55864 Comp RA=122.25221 Dec=25.55834 ResRA=-0.13204 ResDec=1.08712
[Residuals Debug] MJD=60953.61213 Obs RA=122.25579 Dec=25.55792 Comp RA=122.25597 Dec=25.55766 ResRA=-0.56954 ResDec=0.92965
Iter  2: RMS = 1.210 arcsec, ||Δx|| = 5.53e-05 AU, Outliers(100.0σ) = 0
[Residuals Debug] MJD=60712.24522 Obs RA=26.71465 Dec=19.74865 Comp RA=26.71471 Dec=19.74828 ResRA=-0.19330 ResDec=1.33313
[Residuals Debug] MJD=60712.25033 Obs RA=26.71612 Dec=19.74898 Comp RA=26.71633 Dec=19.74866 ResRA=-0.71675 ResDec=1.16406
[Residuals Debug] MJD=60712.26143 Obs RA=26.71949 Dec=19.74982 Comp RA=26.71986 Dec=19.74948 ResRA=-1.24806 ResDec=1.23418
[Residuals Debug] MJD=60714.24462 Obs RA=27.35518 Dec=19.89810 Comp RA=27.35516 Dec=19.89769 ResRA=0.05314 ResDec=1.49304
[Residuals Debug] MJD=60714.26061 Obs RA=27.36049 Dec=19.89922 Comp RA=27.36033 Dec=19.89889 ResRA=0.55475 ResDec=1.16826
[Residuals Debug] MJD=60714.26381 Obs RA=27.36140 Dec=19.89943 Comp RA=27.36136 Dec=19.89914 ResRA=0.14038 ResDec=1.05906
[Residuals Debug] MJD=60714.26934 Obs RA=27.36316 Dec=19.89994 Comp RA=27.36315 Dec=19.89955 ResRA=0.04419 ResDec=1.38231
[Residuals Debug] MJD=60716.23910 Obs RA=28.00442 Dec=20.05076 Comp RA=28.00408 Dec=20.05023 ResRA=1.14842 ResDec=1.92580
[Residuals Debug] MJD=60716.24236 Obs RA=28.00555 Dec=20.05079 Comp RA=28.00515 Dec=20.05048 ResRA=1.34625 ResDec=1.11671
[Residuals Debug] MJD=60716.24978 Obs RA=28.00764 Dec=20.05166 Comp RA=28.00758 Dec=20.05105 ResRA=0.19459 ResDec=2.19153
[Residuals Debug] MJD=60716.26038 Obs RA=28.01111 Dec=20.05235 Comp RA=28.01106 Dec=20.05187 ResRA=0.16322 ResDec=1.72003
[Residuals Debug] MJD=60718.24841 Obs RA=28.66792 Dec=20.20755 Comp RA=28.66765 Dec=20.20719 ResRA=0.91865 ResDec=1.29079
[Residuals Debug] MJD=60718.26485 Obs RA=28.67331 Dec=20.20873 Comp RA=28.67312 Dec=20.20849 ResRA=0.65107 ResDec=0.87285
[Residuals Debug] MJD=60718.26803 Obs RA=28.67457 Dec=20.20931 Comp RA=28.67417 Dec=20.20874 ResRA=1.33761 ResDec=2.05832
[Residuals Debug] MJD=60718.27349 Obs RA=28.67616 Dec=20.20939 Comp RA=28.67599 Dec=20.20917 ResRA=0.55934 ResDec=0.78600
[Residuals Debug] MJD=60719.22497 Obs RA=28.99402 Dec=20.28501 Comp RA=28.99362 Dec=20.28460 ResRA=1.36060 ResDec=1.49187
[Residuals Debug] MJD=60719.22874 Obs RA=28.99531 Dec=20.28529 Comp RA=28.99488 Dec=20.28490 ResRA=1.44196 ResDec=1.41063
[Residuals Debug] MJD=60719.23438 Obs RA=28.99717 Dec=20.28571 Comp RA=28.99677 Dec=20.28535 ResRA=1.34635 ResDec=1.31242
[Residuals Debug] MJD=60719.24416 Obs RA=29.00047 Dec=20.28653 Comp RA=29.00005 Dec=20.28613 ResRA=1.43183 ResDec=1.45982
[Residuals Debug] MJD=60720.27038 Obs RA=29.34512 Dec=20.36874 Comp RA=29.34503 Dec=20.36823 ResRA=0.29392 ResDec=1.83905
[Residuals Debug] MJD=60720.27369 Obs RA=29.34644 Dec=20.36897 Comp RA=29.34615 Dec=20.36849 ResRA=0.98757 ResDec=1.71254
[Residuals Debug] MJD=60720.28023 Obs RA=29.34850 Dec=20.36943 Comp RA=29.34836 Dec=20.36902 ResRA=0.48677 ResDec=1.47998
[Residuals Debug] MJD=60720.29368 Obs RA=29.35290 Dec=20.37034 Comp RA=29.35289 Dec=20.37010 ResRA=0.02476 ResDec=0.85891
[Residuals Debug] MJD=60721.25737 Obs RA=29.67938 Dec=20.44811 Comp RA=29.67911 Dec=20.44788 ResRA=0.92260 ResDec=0.82038
[Residuals Debug] MJD=60721.27215 Obs RA=29.68418 Dec=20.44941 Comp RA=29.68413 Dec=20.44908 ResRA=0.17882 ResDec=1.18730
[Residuals Debug] MJD=60721.27534 Obs RA=29.68543 Dec=20.44953 Comp RA=29.68521 Dec=20.44934 ResRA=0.73839 ResDec=0.68593
[Residuals Debug] MJD=60721.28176 Obs RA=29.68748 Dec=20.45006 Comp RA=29.68739 Dec=20.44986 ResRA=0.29815 ResDec=0.72263
[Residuals Debug] MJD=60725.23591 Obs RA=31.04763 Dec=20.77535 Comp RA=31.04769 Dec=20.77527 ResRA=-0.21172 ResDec=0.29593
[Residuals Debug] MJD=60725.23909 Obs RA=31.04879 Dec=20.77552 Comp RA=31.04880 Dec=20.77553 ResRA=-0.02106 ResDec=-0.04802
[Residuals Debug] MJD=60725.24560 Obs RA=31.05096 Dec=20.77615 Comp RA=31.05107 Dec=20.77608 ResRA=-0.36867 ResDec=0.26385
[Residuals Debug] MJD=60725.26490 Obs RA=31.05780 Dec=20.77766 Comp RA=31.05779 Dec=20.77769 ResRA=0.03805 ResDec=-0.09380
[Residuals Debug] MJD=60726.23538 Obs RA=31.39680 Dec=20.85893 Comp RA=31.39686 Dec=20.85895 ResRA=-0.18890 ResDec=-0.07805
[Residuals Debug] MJD=60726.23857 Obs RA=31.39777 Dec=20.85906 Comp RA=31.39797 Dec=20.85922 ResRA=-0.68208 ResDec=-0.57235
[Residuals Debug] MJD=60726.24504 Obs RA=31.39996 Dec=20.85986 Comp RA=31.40024 Dec=20.85976 ResRA=-0.95363 ResDec=0.35025
[Residuals Debug] MJD=60726.26474 Obs RA=31.40677 Dec=20.86139 Comp RA=31.40715 Dec=20.86142 ResRA=-1.26386 ResDec=-0.10829
[Residuals Debug] MJD=60727.25170 Obs RA=31.75372 Dec=20.94436 Comp RA=31.75405 Dec=20.94458 ResRA=-1.09676 ResDec=-0.79752
[Residuals Debug] MJD=60727.25449 Obs RA=31.75472 Dec=20.94473 Comp RA=31.75503 Dec=20.94482 ResRA=-1.03890 ResDec=-0.31574
[Residuals Debug] MJD=60727.26244 Obs RA=31.75756 Dec=20.94540 Comp RA=31.75783 Dec=20.94549 ResRA=-0.92603 ResDec=-0.32575
[Residuals Debug] MJD=60727.28513 Obs RA=31.76547 Dec=20.94722 Comp RA=31.76583 Dec=20.94741 ResRA=-1.21686 ResDec=-0.67952
[Residuals Debug] MJD=60729.23501 Obs RA=32.45687 Dec=21.11283 Comp RA=32.45718 Dec=21.11313 ResRA=-1.02213 ResDec=-1.07091
[Residuals Debug] MJD=60729.23782 Obs RA=32.45786 Dec=21.11313 Comp RA=32.45817 Dec=21.11337 ResRA=-1.06186 ResDec=-0.85301
[Residuals Debug] MJD=60729.24335 Obs RA=32.45993 Dec=21.11362 Comp RA=32.46015 Dec=21.11384 ResRA=-0.73701 ResDec=-0.79604
[Residuals Debug] MJD=60729.25447 Obs RA=32.46374 Dec=21.11441 Comp RA=32.46411 Dec=21.11479 ResRA=-1.25086 ResDec=-1.36701
[Residuals Debug] MJD=60730.22166 Obs RA=32.80972 Dec=21.19749 Comp RA=32.80990 Dec=21.19763 ResRA=-0.59234 ResDec=-0.50787
[Residuals Debug] MJD=60730.22652 Obs RA=32.81128 Dec=21.19778 Comp RA=32.81164 Dec=21.19805 ResRA=-1.21666 ResDec=-0.96183
[Residuals Debug] MJD=60730.25608 Obs RA=32.82175 Dec=21.20035 Comp RA=32.82224 Dec=21.20059 ResRA=-1.63709 ResDec=-0.84759
[Residuals Debug] MJD=60730.28867 Obs RA=32.83344 Dec=21.20296 Comp RA=32.83393 Dec=21.20338 ResRA=-1.62340 ResDec=-1.52420
[Residuals Debug] MJD=60731.23405 Obs RA=33.17350 Dec=21.28446 Comp RA=33.17381 Dec=21.28475 ResRA=-1.04783 ResDec=-1.05090
[Residuals Debug] MJD=60731.24295 Obs RA=33.17664 Dec=21.28517 Comp RA=33.17702 Dec=21.28552 ResRA=-1.27282 ResDec=-1.26519
[Residuals Debug] MJD=60731.24939 Obs RA=33.17903 Dec=21.28586 Comp RA=33.17934 Dec=21.28608 ResRA=-1.05353 ResDec=-0.77565
[Residuals Debug] MJD=60731.25452 Obs RA=33.18083 Dec=21.28609 Comp RA=33.18119 Dec=21.28652 ResRA=-1.21632 ResDec=-1.54812
[Residuals Debug] MJD=60731.26939 Obs RA=33.18610 Dec=21.28750 Comp RA=33.18655 Dec=21.28780 ResRA=-1.52103 ResDec=-1.08703
[Residuals Debug] MJD=60732.22869 Obs RA=33.53305 Dec=21.37035 Comp RA=33.53328 Dec=21.37073 ResRA=-0.75993 ResDec=-1.37260
[Residuals Debug] MJD=60732.23424 Obs RA=33.53501 Dec=21.37084 Comp RA=33.53529 Dec=21.37121 ResRA=-0.93069 ResDec=-1.34179
[Residuals Debug] MJD=60732.23470 Obs RA=33.53526 Dec=21.37098 Comp RA=33.53545 Dec=21.37125 ResRA=-0.64652 ResDec=-0.97400
[Residuals Debug] MJD=60732.23745 Obs RA=33.53609 Dec=21.37108 Comp RA=33.53645 Dec=21.37149 ResRA=-1.19355 ResDec=-1.47159
[Residuals Debug] MJD=60732.23790 Obs RA=33.53626 Dec=21.37128 Comp RA=33.53661 Dec=21.37153 ResRA=-1.18999 ResDec=-0.89411
[Residuals Debug] MJD=60732.24629 Obs RA=33.53936 Dec=21.37196 Comp RA=33.53965 Dec=21.37226 ResRA=-0.98999 ResDec=-1.06061
[Residuals Debug] MJD=60732.24815 Obs RA=33.53993 Dec=21.37207 Comp RA=33.54033 Dec=21.37242 ResRA=-1.33234 ResDec=-1.24974
[Residuals Debug] MJD=60732.25736 Obs RA=33.54333 Dec=21.37279 Comp RA=33.54366 Dec=21.37321 ResRA=-1.12220 ResDec=-1.53179
[Residuals Debug] MJD=60733.22896 Obs RA=33.89640 Dec=21.45736 Comp RA=33.89667 Dec=21.45755 ResRA=-0.90891 ResDec=-0.68273
[Residuals Debug] MJD=60733.23218 Obs RA=33.89772 Dec=21.45761 Comp RA=33.89784 Dec=21.45783 ResRA=-0.41316 ResDec=-0.79084
[Residuals Debug] MJD=60733.24928 Obs RA=33.90374 Dec=21.45900 Comp RA=33.90407 Dec=21.45932 ResRA=-1.11034 ResDec=-1.14471
[Residuals Debug] MJD=60733.25840 Obs RA=33.90709 Dec=21.45970 Comp RA=33.90740 Dec=21.46011 ResRA=-1.02734 ResDec=-1.48276
[Residuals Debug] MJD=60734.22921 Obs RA=34.26185 Dec=21.54435 Comp RA=34.26194 Dec=21.54470 ResRA=-0.29741 ResDec=-1.25727
[Residuals Debug] MJD=60734.23243 Obs RA=34.26290 Dec=21.54461 Comp RA=34.26312 Dec=21.54498 ResRA=-0.73013 ResDec=-1.32937
[Residuals Debug] MJD=60734.23793 Obs RA=34.26504 Dec=21.54512 Comp RA=34.26513 Dec=21.54546 ResRA=-0.30264 ResDec=-1.22792
[Residuals Debug] MJD=60734.24900 Obs RA=34.26894 Dec=21.54618 Comp RA=34.26918 Dec=21.54643 ResRA=-0.81271 ResDec=-0.88584
[Residuals Debug] MJD=60742.25244 Obs RA=37.25715 Dec=22.25227 Comp RA=37.25640 Dec=22.25252 ResRA=2.49588 ResDec=-0.90026
[Residuals Debug] MJD=60742.25564 Obs RA=37.25848 Dec=22.25251 Comp RA=37.25762 Dec=22.25280 ResRA=2.86717 ResDec=-1.05554
[Residuals Debug] MJD=60742.26109 Obs RA=37.26057 Dec=22.25292 Comp RA=37.25969 Dec=22.25329 ResRA=2.93725 ResDec=-1.32890
[Residuals Debug] MJD=60742.27255 Obs RA=37.26462 Dec=22.25405 Comp RA=37.26405 Dec=22.25431 ResRA=1.91333 ResDec=-0.92741
[Residuals Debug] MJD=60744.24075 Obs RA=38.01628 Dec=22.42932 Comp RA=38.01529 Dec=22.42942 ResRA=3.30809 ResDec=-0.37029
[Residuals Debug] MJD=60744.24443 Obs RA=38.01766 Dec=22.42963 Comp RA=38.01670 Dec=22.42975 ResRA=3.19382 ResDec=-0.43245
[Residuals Debug] MJD=60744.25000 Obs RA=38.01986 Dec=22.43000 Comp RA=38.01883 Dec=22.43025 ResRA=3.41822 ResDec=-0.88594
[Residuals Debug] MJD=60744.25975 Obs RA=38.02351 Dec=22.43092 Comp RA=38.02257 Dec=22.43111 ResRA=3.12204 ResDec=-0.70283
[Residuals Debug] MJD=60940.59915 Obs RA=118.64055 Dec=26.18108 Comp RA=118.64018 Dec=26.18129 ResRA=1.18549 ResDec=-0.75979
[Residuals Debug] MJD=60940.60200 Obs RA=118.64135 Dec=26.18114 Comp RA=118.64103 Dec=26.18115 ResRA=1.02542 ResDec=-0.04650
[Residuals Debug] MJD=60940.61154 Obs RA=118.64417 Dec=26.18043 Comp RA=118.64388 Dec=26.18068 ResRA=0.95483 ResDec=-0.91235
[Residuals Debug] MJD=60940.62231 Obs RA=118.64746 Dec=26.18020 Comp RA=118.64709 Dec=26.18016 ResRA=1.19981 ResDec=0.16057
[Residuals Debug] MJD=60941.61675 Obs RA=118.94248 Dec=26.13128 Comp RA=118.94200 Dec=26.13142 ResRA=1.55229 ResDec=-0.49298
[Residuals Debug] MJD=60941.62086 Obs RA=118.94364 Dec=26.13118 Comp RA=118.94321 Dec=26.13122 ResRA=1.39064 ResDec=-0.12866
[Residuals Debug] MJD=60941.62641 Obs RA=118.94522 Dec=26.13093 Comp RA=118.94485 Dec=26.13094 ResRA=1.19970 ResDec=-0.04999
[Residuals Debug] MJD=60941.63566 Obs RA=118.94786 Dec=26.13037 Comp RA=118.94758 Dec=26.13049 ResRA=0.90707 ResDec=-0.44020
[Residuals Debug] MJD=60947.60610 Obs RA=120.65500 Dec=25.84097 Comp RA=120.65473 Dec=25.84071 ResRA=0.86057 ResDec=0.91892
[Residuals Debug] MJD=60947.61024 Obs RA=120.65605 Dec=25.84059 Comp RA=120.65588 Dec=25.84052 ResRA=0.55180 ResDec=0.26406
[Residuals Debug] MJD=60947.62004 Obs RA=120.65869 Dec=25.84004 Comp RA=120.65859 Dec=25.84005 ResRA=0.33236 ResDec=-0.02409
[Residuals Debug] MJD=60947.63618 Obs RA=120.66340 Dec=25.83934 Comp RA=120.66305 Dec=25.83927 ResRA=1.12579 ResDec=0.24332
[Residuals Debug] MJD=60948.61127 Obs RA=120.93092 Dec=25.79257 Comp RA=120.93112 Dec=25.79262 ResRA=-0.63032 ResDec=-0.16897
[Residuals Debug] MJD=60948.61315 Obs RA=120.93179 Dec=25.79264 Comp RA=120.93163 Dec=25.79253 ResRA=0.53301 ResDec=0.40283
[Residuals Debug] MJD=60948.62519 Obs RA=120.93487 Dec=25.79194 Comp RA=120.93492 Dec=25.79195 ResRA=-0.15209 ResDec=-0.04869
[Residuals Debug] MJD=60948.63188 Obs RA=120.93671 Dec=25.79154 Comp RA=120.93675 Dec=25.79163 ResRA=-0.12805 ResDec=-0.33820
[Residuals Debug] MJD=60948.63466 Obs RA=120.93769 Dec=25.79161 Comp RA=120.93751 Dec=25.79150 ResRA=0.59966 ResDec=0.39886
[Residuals Debug] MJD=60951.50113 Obs RA=121.70687 Dec=25.65589 Comp RA=121.70718 Dec=25.65587 ResRA=-1.02513 ResDec=0.06771
[Residuals Debug] MJD=60951.50542 Obs RA=121.70797 Dec=25.65568 Comp RA=121.70831 Dec=25.65567 ResRA=-1.10217 ResDec=0.04225
[Residuals Debug] MJD=60951.50969 Obs RA=121.70902 Dec=25.65557 Comp RA=121.70944 Dec=25.65547 ResRA=-1.35119 ResDec=0.36339
[Residuals Debug] MJD=60953.58862 Obs RA=122.24979 Dec=25.55891 Comp RA=122.25021 Dec=25.55875 ResRA=-1.35453 ResDec=0.58003
[Residuals Debug] MJD=60953.59237 Obs RA=122.25095 Dec=25.55885 Comp RA=122.25117 Dec=25.55858 ResRA=-0.71670 ResDec=0.98305
[Residuals Debug] MJD=60953.59749 Obs RA=122.25217 Dec=25.55864 Comp RA=122.25248 Dec=25.55834 ResRA=-1.01781 ResDec=1.07382
[Residuals Debug] MJD=60953.61213 Obs RA=122.25579 Dec=25.55792 Comp RA=122.25624 Dec=25.55766 ResRA=-1.45502 ResDec=0.91633
Iter  3: RMS = 1.137 arcsec, ||Δx|| = 3.38e-06 AU, Outliers(100.0σ) = 0
[Residuals Debug] MJD=60712.24522 Obs RA=26.71465 Dec=19.74865 Comp RA=26.71471 Dec=19.74828 ResRA=-0.20713 ResDec=1.34253
[Residuals Debug] MJD=60712.25033 Obs RA=26.71612 Dec=19.74898 Comp RA=26.71634 Dec=19.74865 ResRA=-0.73058 ResDec=1.17345
[Residuals Debug] MJD=60712.26143 Obs RA=26.71949 Dec=19.74982 Comp RA=26.71986 Dec=19.74947 ResRA=-1.26190 ResDec=1.24357
[Residuals Debug] MJD=60714.24462 Obs RA=27.35518 Dec=19.89810 Comp RA=27.35517 Dec=19.89768 ResRA=0.03933 ResDec=1.50096
[Residuals Debug] MJD=60714.26061 Obs RA=27.36049 Dec=19.89922 Comp RA=27.36033 Dec=19.89889 ResRA=0.54094 ResDec=1.17616
[Residuals Debug] MJD=60714.26381 Obs RA=27.36140 Dec=19.89943 Comp RA=27.36136 Dec=19.89913 ResRA=0.12657 ResDec=1.06696
[Residuals Debug] MJD=60714.26934 Obs RA=27.36316 Dec=19.89994 Comp RA=27.36315 Dec=19.89955 ResRA=0.03038 ResDec=1.39021
[Residuals Debug] MJD=60716.23910 Obs RA=28.00442 Dec=20.05076 Comp RA=28.00409 Dec=20.05022 ResRA=1.13456 ResDec=1.93227
[Residuals Debug] MJD=60716.24236 Obs RA=28.00555 Dec=20.05079 Comp RA=28.00516 Dec=20.05048 ResRA=1.33239 ResDec=1.12318
[Residuals Debug] MJD=60716.24978 Obs RA=28.00764 Dec=20.05166 Comp RA=28.00759 Dec=20.05105 ResRA=0.18074 ResDec=2.19799
[Residuals Debug] MJD=60716.26038 Obs RA=28.01111 Dec=20.05235 Comp RA=28.01106 Dec=20.05187 ResRA=0.14936 ResDec=1.72648
[Residuals Debug] MJD=60718.24841 Obs RA=28.66792 Dec=20.20755 Comp RA=28.66765 Dec=20.20719 ResRA=0.90467 ResDec=1.29584
[Residuals Debug] MJD=60718.26485 Obs RA=28.67331 Dec=20.20873 Comp RA=28.67312 Dec=20.20849 ResRA=0.63709 ResDec=0.87788
[Residuals Debug] MJD=60718.26803 Obs RA=28.67457 Dec=20.20931 Comp RA=28.67418 Dec=20.20874 ResRA=1.32363 ResDec=2.06334
[Residuals Debug] MJD=60718.27349 Obs RA=28.67616 Dec=20.20939 Comp RA=28.67600 Dec=20.20917 ResRA=0.54535 ResDec=0.79103
[Residuals Debug] MJD=60719.22497 Obs RA=28.99402 Dec=20.28501 Comp RA=28.99362 Dec=20.28460 ResRA=1.34653 ResDec=1.49623
[Residuals Debug] MJD=60719.22874 Obs RA=28.99531 Dec=20.28529 Comp RA=28.99489 Dec=20.28490 ResRA=1.42789 ResDec=1.41499
[Residuals Debug] MJD=60719.23438 Obs RA=28.99717 Dec=20.28571 Comp RA=28.99678 Dec=20.28535 ResRA=1.33228 ResDec=1.31678
[Residuals Debug] MJD=60719.24416 Obs RA=29.00047 Dec=20.28653 Comp RA=29.00005 Dec=20.28612 ResRA=1.41775 ResDec=1.46416
[Residuals Debug] MJD=60720.27038 Obs RA=29.34512 Dec=20.36874 Comp RA=29.34504 Dec=20.36823 ResRA=0.27973 ResDec=1.84269
[Residuals Debug] MJD=60720.27369 Obs RA=29.34644 Dec=20.36897 Comp RA=29.34615 Dec=20.36849 ResRA=0.97338 ResDec=1.71617
[Residuals Debug] MJD=60720.28023 Obs RA=29.34850 Dec=20.36943 Comp RA=29.34836 Dec=20.36902 ResRA=0.47258 ResDec=1.48361
[Residuals Debug] MJD=60720.29368 Obs RA=29.35290 Dec=20.37034 Comp RA=29.35290 Dec=20.37010 ResRA=0.01057 ResDec=0.86253
[Residuals Debug] MJD=60721.25737 Obs RA=29.67938 Dec=20.44811 Comp RA=29.67911 Dec=20.44788 ResRA=0.90828 ResDec=0.82334
[Residuals Debug] MJD=60721.27215 Obs RA=29.68418 Dec=20.44941 Comp RA=29.68413 Dec=20.44908 ResRA=0.16450 ResDec=1.19025
[Residuals Debug] MJD=60721.27534 Obs RA=29.68543 Dec=20.44953 Comp RA=29.68521 Dec=20.44934 ResRA=0.72407 ResDec=0.68888
[Residuals Debug] MJD=60721.28176 Obs RA=29.68748 Dec=20.45006 Comp RA=29.68740 Dec=20.44986 ResRA=0.28382 ResDec=0.72557
[Residuals Debug] MJD=60725.23591 Obs RA=31.04763 Dec=20.77535 Comp RA=31.04770 Dec=20.77527 ResRA=-0.22676 ResDec=0.29624
[Residuals Debug] MJD=60725.23909 Obs RA=31.04879 Dec=20.77552 Comp RA=31.04880 Dec=20.77553 ResRA=-0.03609 ResDec=-0.04771
[Residuals Debug] MJD=60725.24560 Obs RA=31.05096 Dec=20.77615 Comp RA=31.05107 Dec=20.77608 ResRA=-0.38370 ResDec=0.26416
[Residuals Debug] MJD=60725.26490 Obs RA=31.05780 Dec=20.77766 Comp RA=31.05779 Dec=20.77769 ResRA=0.02300 ResDec=-0.09351
[Residuals Debug] MJD=60726.23538 Obs RA=31.39680 Dec=20.85893 Comp RA=31.39686 Dec=20.85895 ResRA=-0.20417 ResDec=-0.07839
[Residuals Debug] MJD=60726.23857 Obs RA=31.39777 Dec=20.85906 Comp RA=31.39798 Dec=20.85922 ResRA=-0.69734 ResDec=-0.57270
[Residuals Debug] MJD=60726.24504 Obs RA=31.39996 Dec=20.85986 Comp RA=31.40025 Dec=20.85976 ResRA=-0.96889 ResDec=0.34991
[Residuals Debug] MJD=60726.26474 Obs RA=31.40677 Dec=20.86139 Comp RA=31.40715 Dec=20.86142 ResRA=-1.27913 ResDec=-0.10865
[Residuals Debug] MJD=60727.25170 Obs RA=31.75372 Dec=20.94436 Comp RA=31.75405 Dec=20.94458 ResRA=-1.11228 ResDec=-0.79851
[Residuals Debug] MJD=60727.25449 Obs RA=31.75472 Dec=20.94473 Comp RA=31.75503 Dec=20.94482 ResRA=-1.05441 ResDec=-0.31674
[Residuals Debug] MJD=60727.26244 Obs RA=31.75756 Dec=20.94540 Comp RA=31.75784 Dec=20.94549 ResRA=-0.94155 ResDec=-0.32675
[Residuals Debug] MJD=60727.28513 Obs RA=31.76547 Dec=20.94722 Comp RA=31.76584 Dec=20.94741 ResRA=-1.23238 ResDec=-0.68054
[Residuals Debug] MJD=60729.23501 Obs RA=32.45687 Dec=21.11283 Comp RA=32.45718 Dec=21.11313 ResRA=-1.03819 ResDec=-1.07316
[Residuals Debug] MJD=60729.23782 Obs RA=32.45786 Dec=21.11313 Comp RA=32.45818 Dec=21.11337 ResRA=-1.07792 ResDec=-0.85527
[Residuals Debug] MJD=60729.24335 Obs RA=32.45993 Dec=21.11362 Comp RA=32.46015 Dec=21.11384 ResRA=-0.75308 ResDec=-0.79830
[Residuals Debug] MJD=60729.25447 Obs RA=32.46374 Dec=21.11441 Comp RA=32.46412 Dec=21.11479 ResRA=-1.26693 ResDec=-1.36927
[Residuals Debug] MJD=60730.22166 Obs RA=32.80972 Dec=21.19749 Comp RA=32.80990 Dec=21.19763 ResRA=-0.60870 ResDec=-0.51074
[Residuals Debug] MJD=60730.22652 Obs RA=32.81128 Dec=21.19778 Comp RA=32.81165 Dec=21.19805 ResRA=-1.23303 ResDec=-0.96470
[Residuals Debug] MJD=60730.25608 Obs RA=32.82175 Dec=21.20035 Comp RA=32.82224 Dec=21.20059 ResRA=-1.65346 ResDec=-0.85048
[Residuals Debug] MJD=60730.28867 Obs RA=32.83344 Dec=21.20296 Comp RA=32.83393 Dec=21.20339 ResRA=-1.63978 ResDec=-1.52711
[Residuals Debug] MJD=60731.23405 Obs RA=33.17350 Dec=21.28446 Comp RA=33.17382 Dec=21.28475 ResRA=-1.06451 ResDec=-1.05439
[Residuals Debug] MJD=60731.24295 Obs RA=33.17664 Dec=21.28517 Comp RA=33.17703 Dec=21.28552 ResRA=-1.28951 ResDec=-1.26869
[Residuals Debug] MJD=60731.24939 Obs RA=33.17903 Dec=21.28586 Comp RA=33.17935 Dec=21.28608 ResRA=-1.07022 ResDec=-0.77916
[Residuals Debug] MJD=60731.25452 Obs RA=33.18083 Dec=21.28609 Comp RA=33.18120 Dec=21.28652 ResRA=-1.23301 ResDec=-1.55162
[Residuals Debug] MJD=60731.26939 Obs RA=33.18610 Dec=21.28750 Comp RA=33.18656 Dec=21.28780 ResRA=-1.53772 ResDec=-1.09054
[Residuals Debug] MJD=60732.22869 Obs RA=33.53305 Dec=21.37035 Comp RA=33.53328 Dec=21.37073 ResRA=-0.77695 ResDec=-1.37671
[Residuals Debug] MJD=60732.23424 Obs RA=33.53501 Dec=21.37084 Comp RA=33.53529 Dec=21.37121 ResRA=-0.94771 ResDec=-1.34590
[Residuals Debug] MJD=60732.23470 Obs RA=33.53526 Dec=21.37098 Comp RA=33.53546 Dec=21.37125 ResRA=-0.66355 ResDec=-0.97810
[Residuals Debug] MJD=60732.23745 Obs RA=33.53609 Dec=21.37108 Comp RA=33.53645 Dec=21.37149 ResRA=-1.21058 ResDec=-1.47570
[Residuals Debug] MJD=60732.23790 Obs RA=33.53626 Dec=21.37128 Comp RA=33.53662 Dec=21.37153 ResRA=-1.20701 ResDec=-0.89821
[Residuals Debug] MJD=60732.24629 Obs RA=33.53936 Dec=21.37196 Comp RA=33.53966 Dec=21.37226 ResRA=-1.00702 ResDec=-1.06472
[Residuals Debug] MJD=60732.24815 Obs RA=33.53993 Dec=21.37207 Comp RA=33.54033 Dec=21.37242 ResRA=-1.34937 ResDec=-1.25386
[Residuals Debug] MJD=60732.25736 Obs RA=33.54333 Dec=21.37279 Comp RA=33.54367 Dec=21.37322 ResRA=-1.13924 ResDec=-1.53591
[Residuals Debug] MJD=60733.22896 Obs RA=33.89640 Dec=21.45736 Comp RA=33.89668 Dec=21.45755 ResRA=-0.92629 ResDec=-0.68744
[Residuals Debug] MJD=60733.23218 Obs RA=33.89772 Dec=21.45761 Comp RA=33.89785 Dec=21.45783 ResRA=-0.43054 ResDec=-0.79556
[Residuals Debug] MJD=60733.24928 Obs RA=33.90374 Dec=21.45900 Comp RA=33.90408 Dec=21.45932 ResRA=-1.12772 ResDec=-1.14944
[Residuals Debug] MJD=60733.25840 Obs RA=33.90709 Dec=21.45970 Comp RA=33.90740 Dec=21.46011 ResRA=-1.04473 ResDec=-1.48749
[Residuals Debug] MJD=60734.22921 Obs RA=34.26185 Dec=21.54435 Comp RA=34.26194 Dec=21.54470 ResRA=-0.31516 ResDec=-1.26258
[Residuals Debug] MJD=60734.23243 Obs RA=34.26290 Dec=21.54461 Comp RA=34.26312 Dec=21.54498 ResRA=-0.74789 ResDec=-1.33468
[Residuals Debug] MJD=60734.23793 Obs RA=34.26504 Dec=21.54512 Comp RA=34.26514 Dec=21.54546 ResRA=-0.32040 ResDec=-1.23323
[Residuals Debug] MJD=60734.24900 Obs RA=34.26894 Dec=21.54618 Comp RA=34.26919 Dec=21.54643 ResRA=-0.83047 ResDec=-0.89117
[Residuals Debug] MJD=60742.25244 Obs RA=37.25715 Dec=22.25227 Comp RA=37.25641 Dec=22.25252 ResRA=2.47450 ResDec=-0.91017
[Residuals Debug] MJD=60742.25564 Obs RA=37.25848 Dec=22.25251 Comp RA=37.25763 Dec=22.25281 ResRA=2.84580 ResDec=-1.06545
[Residuals Debug] MJD=60742.26109 Obs RA=37.26057 Dec=22.25292 Comp RA=37.25970 Dec=22.25329 ResRA=2.91587 ResDec=-1.33881
[Residuals Debug] MJD=60742.27255 Obs RA=37.26462 Dec=22.25405 Comp RA=37.26405 Dec=22.25431 ResRA=1.89194 ResDec=-0.93733
[Residuals Debug] MJD=60744.24075 Obs RA=38.01628 Dec=22.42932 Comp RA=38.01529 Dec=22.42943 ResRA=3.28566 ResDec=-0.38129
[Residuals Debug] MJD=60744.24443 Obs RA=38.01766 Dec=22.42963 Comp RA=38.01671 Dec=22.42975 ResRA=3.17138 ResDec=-0.44344
[Residuals Debug] MJD=60744.25000 Obs RA=38.01986 Dec=22.43000 Comp RA=38.01884 Dec=22.43025 ResRA=3.39578 ResDec=-0.89694
[Residuals Debug] MJD=60744.25975 Obs RA=38.02351 Dec=22.43092 Comp RA=38.02258 Dec=22.43112 ResRA=3.09959 ResDec=-0.71384
[Residuals Debug] MJD=60940.59915 Obs RA=118.64055 Dec=26.18108 Comp RA=118.64022 Dec=26.18129 ResRA=1.07744 ResDec=-0.75956
[Residuals Debug] MJD=60940.60200 Obs RA=118.64135 Dec=26.18114 Comp RA=118.64107 Dec=26.18115 ResRA=0.91737 ResDec=-0.04627
[Residuals Debug] MJD=60940.61154 Obs RA=118.64417 Dec=26.18043 Comp RA=118.64391 Dec=26.18068 ResRA=0.84679 ResDec=-0.91212
[Residuals Debug] MJD=60940.62231 Obs RA=118.64746 Dec=26.18020 Comp RA=118.64712 Dec=26.18016 ResRA=1.09178 ResDec=0.16080
[Residuals Debug] MJD=60941.61675 Obs RA=118.94248 Dec=26.13128 Comp RA=118.94203 Dec=26.13142 ResRA=1.44512 ResDec=-0.49271
[Residuals Debug] MJD=60941.62086 Obs RA=118.94364 Dec=26.13118 Comp RA=118.94324 Dec=26.13122 ResRA=1.28347 ResDec=-0.12840
[Residuals Debug] MJD=60941.62641 Obs RA=118.94522 Dec=26.13093 Comp RA=118.94488 Dec=26.13094 ResRA=1.09254 ResDec=-0.04973
[Residuals Debug] MJD=60941.63566 Obs RA=118.94786 Dec=26.13037 Comp RA=118.94761 Dec=26.13049 ResRA=0.79992 ResDec=-0.43993
[Residuals Debug] MJD=60947.60610 Obs RA=120.65500 Dec=25.84097 Comp RA=120.65477 Dec=25.84071 ResRA=0.75883 ResDec=0.91920
[Residuals Debug] MJD=60947.61024 Obs RA=120.65605 Dec=25.84059 Comp RA=120.65591 Dec=25.84052 ResRA=0.45006 ResDec=0.26434
[Residuals Debug] MJD=60947.62004 Obs RA=120.65869 Dec=25.84004 Comp RA=120.65862 Dec=25.84005 ResRA=0.23063 ResDec=-0.02381
[Residuals Debug] MJD=60947.63618 Obs RA=120.66340 Dec=25.83934 Comp RA=120.66308 Dec=25.83927 ResRA=1.02408 ResDec=0.24360
[Residuals Debug] MJD=60948.61127 Obs RA=120.93092 Dec=25.79257 Comp RA=120.93115 Dec=25.79262 ResRA=-0.73110 ResDec=-0.16871
[Residuals Debug] MJD=60948.61315 Obs RA=120.93179 Dec=25.79264 Comp RA=120.93166 Dec=25.79253 ResRA=0.43222 ResDec=0.40308
[Residuals Debug] MJD=60948.62519 Obs RA=120.93487 Dec=25.79194 Comp RA=120.93495 Dec=25.79195 ResRA=-0.25287 ResDec=-0.04844
[Residuals Debug] MJD=60948.63188 Obs RA=120.93671 Dec=25.79154 Comp RA=120.93678 Dec=25.79163 ResRA=-0.22882 ResDec=-0.33794
[Residuals Debug] MJD=60948.63466 Obs RA=120.93769 Dec=25.79161 Comp RA=120.93754 Dec=25.79150 ResRA=0.49890 ResDec=0.39911
[Residuals Debug] MJD=60951.50113 Obs RA=121.70687 Dec=25.65589 Comp RA=121.70721 Dec=25.65587 ResRA=-1.12313 ResDec=0.06785
[Residuals Debug] MJD=60951.50542 Obs RA=121.70797 Dec=25.65568 Comp RA=121.70834 Dec=25.65567 ResRA=-1.20017 ResDec=0.04239
[Residuals Debug] MJD=60951.50969 Obs RA=121.70902 Dec=25.65557 Comp RA=121.70947 Dec=25.65547 ResRA=-1.44918 ResDec=0.36353
[Residuals Debug] MJD=60953.58862 Obs RA=122.24979 Dec=25.55891 Comp RA=122.25024 Dec=25.55875 ResRA=-1.45047 ResDec=0.58005
[Residuals Debug] MJD=60953.59237 Obs RA=122.25095 Dec=25.55885 Comp RA=122.25120 Dec=25.55858 ResRA=-0.81264 ResDec=0.98308
[Residuals Debug] MJD=60953.59749 Obs RA=122.25217 Dec=25.55864 Comp RA=122.25251 Dec=25.55834 ResRA=-1.11374 ResDec=1.07385
[Residuals Debug] MJD=60953.61213 Obs RA=122.25579 Dec=25.55792 Comp RA=122.25627 Dec=25.55766 ResRA=-1.55093 ResDec=0.91635
Iter  4: RMS = 1.136 arcsec, ||Δx|| = 2.08e-07 AU, Outliers(100.0σ) = 0
DC Debug: Loop finished. Converged=1 Iter=4
========================================


=== Final Orbit ===
Epoch:    60779.895245 MJD TDB
a:        2.793387714 AU
e:        0.150133196
i:        30.442819 deg
Ω:        349.616869 deg
ω:        336.048555 deg
M:        83.237453 deg
Period:   1705.278 days
q:        2.374007 AU
Q:        3.212768 AU

=== Residuals Summary ===
Observations:  100
Rejected:      0
RMS (RA):      1.235 arcsec
RMS (Dec):     1.028 arcsec
Chi²:          1033.28
Iterations:    4
Converged:     Yes

Initial orbit set:
  Epoch: 61000.000000 MJD TDB
  a = 2.788128 AU
  e = 0.150823
  i = 30.443927 deg
[AstDynOrbitFitter] run_fit finished. success=1 msg='Fit completed'
[OccultationEngine] Fit completed. Observations used: 100/100. RMS=1.607234 arcsec.
[OccultationEngine] ✅ Orbit updated successfully.
[DEBUG-PERT] lapco entry (alpha=0.536922)
[DEBUG-PERT] lapco entry (alpha=0.536922)
[DEBUG-PERT] Initial Laplace coefficients computed.
[DEBUG-PERT] lapco entry (alpha=0.292350)
[DEBUG-PERT] lapco entry (alpha=0.292350)
[DEBUG-PERT] Initial Laplace coefficients computed.
[DEBUG-PERT] lapco entry (alpha=0.145349)
[DEBUG-PERT] lapco entry (alpha=0.145349)
[DEBUG-PERT] Initial Laplace coefficients computed.
[DEBUG-PERT] lapco entry (alpha=0.092771)
[DEBUG-PERT] lapco entry (alpha=0.092771)
[DEBUG-PERT] Initial Laplace coefficients computed.
[DEBUG-PERT] lapco entry (alpha=0.536922)
[DEBUG-PERT] lapco entry (alpha=0.536922)
[DEBUG-PERT] Initial Laplace coefficients computed.
[DEBUG-PERT] lapco entry (alpha=0.292350)
[DEBUG-PERT] lapco entry (alpha=0.292350)
[DEBUG-PERT] Initial Laplace coefficients computed.
[DEBUG-PERT] lapco entry (alpha=0.145349)
[DEBUG-PERT] lapco entry (alpha=0.145349)
[DEBUG-PERT] Initial Laplace coefficients computed.
[DEBUG-PERT] lapco entry (alpha=0.092771)
[DEBUG-PERT] lapco entry (alpha=0.092771)
[DEBUG-PERT] Initial Laplace coefficients computed.
[AstDynWrapper:0x10de8fe50] setKeplerianElements: asteroid=Gefion state set to INITIALIZED (Covariance: NO).
[AstDynWrapper]   Processing Frame: ECLIPTIC
  - Creating RKF78Integrator...
  - Creating Propagator object...
    [Propagator] Constructor entry (include_asteroids=1).
    [Propagator] Creating AsteroidPerturbations...
    [Propagator] Constructor exit.
  - Propagator object created.
[PHASE2] calculatePreciseGeometry using AstDynWrapper:0x10de8fe50
[PHASE2] Fetching osculating elements from JPL Horizons for Gefion at MJD 61053.37500...
[AstDynWrapper] Fetching elements from JPL Horizons for Gefion at MJD 61053.37500
[AstDynWrapper] loadFromHorizons failed: Impossibile trovare il marcatore TDB nella data Horizons
[PHASE2] WARNING: Failed to fetch JPL Horizons elements. Using existing orbit.
✓ DE441 loaded (Native Reader): /Users/michelebigi/.ioccultcalc/ephemerides/de441_part-2.bsp
    [Propagator] Constructor entry (include_asteroids=1).
    [Propagator] Creating AsteroidPerturbations...
    [Propagator] Constructor exit.
Processed Phase 2 for all candidates. Found 18 confirmed events.
--------------------------------------------------
CANDIDATE RESULT (Phase 2):
  Star ID:  681067227714680448
  Star Pos: RA=122.747180 Dec=25.102937
  Date:     61053.38194
  CA Dist:  105704.680"
  Duration: 0.00 s
--------------------------------------------------
--------------------------------------------------
CANDIDATE RESULT (Phase 2):
  Star ID:  681069461097680768
  Star Pos: RA=122.557989 Dec=25.095824
  Date:     61054.00694
  CA Dist:  105776.566"
  Duration: 0.00 s
--------------------------------------------------
--------------------------------------------------
CANDIDATE RESULT (Phase 2):
  Star ID:  681081864963159680
  Star Pos: RA=122.503594 Dec=25.172351
  Date:     61054.00694
  CA Dist:  105578.938"
  Duration: 0.00 s
--------------------------------------------------
--------------------------------------------------
CANDIDATE RESULT (Phase 2):
  Star ID:  681070904206685696
  Star Pos: RA=122.699354 Dec=25.165502
  Date:     61053.59028
  CA Dist:  105492.910"
  Duration: 0.00 s
--------------------------------------------------
--------------------------------------------------
CANDIDATE RESULT (Phase 2):
  Star ID:  681071591401453568
  Star Pos: RA=122.652527 Dec=25.177582
  Date:     61053.75694
  CA Dist:  105460.829"
  Duration: 0.00 s
--------------------------------------------------
--------------------------------------------------
CANDIDATE RESULT (Phase 2):
  Star ID:  681071144724852352
  Star Pos: RA=122.741241 Dec=25.194512
  Date:     61053.42361
  CA Dist:  105391.158"
  Duration: 0.00 s
--------------------------------------------------
--------------------------------------------------
CANDIDATE RESULT (Phase 2):
  Star ID:  681071213444327168
  Star Pos: RA=122.777431 Dec=25.200114
  Date:     61053.29861
  CA Dist:  105363.729"
  Duration: 0.00 s
--------------------------------------------------
--------------------------------------------------
CANDIDATE RESULT (Phase 2):
  Star ID:  681071930702340864
  Star Pos: RA=122.611018 Dec=25.202160
  Date:     61053.96528
  CA Dist:  105368.855"
  Duration: 0.00 s
--------------------------------------------------
--------------------------------------------------
CANDIDATE RESULT (Phase 2):
  Star ID:  680881474673230336
  Star Pos: RA=123.129366 Dec=25.065754
  Date:     61052.00694
  CA Dist:  105736.749"
  Duration: 0.00 s
--------------------------------------------------
--------------------------------------------------
CANDIDATE RESULT (Phase 2):
  Star ID:  681066639302640640
  Star Pos: RA=122.830852 Dec=25.092284
  Date:     61053.00694
  CA Dist:  105741.921"
  Duration: 0.00 s
--------------------------------------------------
--------------------------------------------------
CANDIDATE RESULT (Phase 2):
  Star ID:  681066781038079488
  Star Pos: RA=122.848377 Dec=25.098845
  Date:     61052.96528
  CA Dist:  105710.465"
  Duration: 0.00 s
--------------------------------------------------
--------------------------------------------------
CANDIDATE RESULT (Phase 2):
  Star ID:  681067090275723392
  Star Pos: RA=122.837075 Dec=25.137283
  Date:     61053.00694
  CA Dist:  105582.902"
  Duration: 0.00 s
--------------------------------------------------
--------------------------------------------------
CANDIDATE RESULT (Phase 2):
  Star ID:  680885116805495808
  Star Pos: RA=122.926517 Dec=25.140373
  Date:     61052.67361
  CA Dist:  105554.429"
  Duration: 0.00 s
--------------------------------------------------
--------------------------------------------------
CANDIDATE RESULT (Phase 2):
  Star ID:  680885533418116096
  Star Pos: RA=122.947531 Dec=25.150957
  Date:     61052.59028
  CA Dist:  105515.373"
  Duration: 0.00 s
--------------------------------------------------
--------------------------------------------------
CANDIDATE RESULT (Phase 2):
  Star ID:  680885567777855104
  Star Pos: RA=122.918621 Dec=25.157530
  Date:     61052.71528
  CA Dist:  105495.152"
  Duration: 0.00 s
--------------------------------------------------
--------------------------------------------------
CANDIDATE RESULT (Phase 2):
  Star ID:  681073614329520000
  Star Pos: RA=122.892571 Dec=25.215626
  Date:     61052.84028
  CA Dist:  105297.422"
  Duration: 0.00 s
--------------------------------------------------
--------------------------------------------------
CANDIDATE RESULT (Phase 2):
  Star ID:  680886907807646848
  Star Pos: RA=123.017932 Dec=25.180096
  Date:     61052.29861
  CA Dist:  105407.965"
  Duration: 0.00 s
--------------------------------------------------
--------------------------------------------------
CANDIDATE RESULT (Phase 2):
  Star ID:  680887281469011712
  Star Pos: RA=123.006000 Dec=25.206692
  Date:     61052.38194
  CA Dist:  105311.671"
  Duration: 0.00 s
--------------------------------------------------

Exporting results to XML...

IOccultCalc Engine Workflow completed.
