Could not open IAU catalog: data/IAU-CSN.json
Could not open star names database: data/common_star_names.csv
Loaded 23 stars from embedded database
Loaded star names from embedded database
Loaded Gaia SQLite DR3 catalog: /Users/michelebigi/.catalog/crossreference/gaia_dr3_occult_pro.db
Loaded Gaia SQLite DR3 catalog: "/Users/michelebigi/.catalog/crossreference/gaia_dr3_occult_pro.db"
ITALOccultCalc v1.0 [Native API Workflow]
--- BUILD DATE: Jan 17 2026 12:22:47 ---

=== ITALOccultCalc DEBUG BUILD ===

📄 Loading configuration from: verify_1272.json
DEBUG: output config read - A4='', IOccult='ioccult_card_1272.png'
Target: 1272 (1272)
Window: 61052 -> 61054
SPICESPKReader: Loaded /Users/michelebigi/.ioccultcalc/ephemerides/de440.bsp
Ephemeris loaded.
[Phase1CandidateScreening] Constructor started.
✓ DE441 loaded (Native Reader): /Users/michelebigi/.ioccultcalc/ephemerides/de441_part-2.bsp
[Phase1CandidateScreening] Constructor finished.
[Phase2OccultationGeometry] Constructor started.
[AstDynWrapper] Constructor started.
  - Creating PlanetaryEphemeris...
  - Initializing propagator...
  - Creating RKF78Integrator...
  - Creating Propagator object...
    [Propagator] Constructor entry (include_asteroids=1).
    [Propagator] Creating AsteroidPerturbations...
    [Propagator] Constructor exit.
  - Propagator object created.
[AstDynWrapper] Constructor finished.
[Phase2OccultationGeometry] Constructor finished.
Loading asteroid 1272...
[AsteroidSqliteDatabase] Successfully opened /Users/michelebigi/.ioccultcalc/database/asteroids.db
DB load failed, trying JSON/Allnum fallback...
[OccultationEngine] Opened JSON file: /Users/michelebigi/.ioccultcalc/data/all_numbered_asteroids.json
[OccultationEngine] Found 'asteroids' array in JSON.
[OccultationEngine] Searching in asteroid array (size: 875152)...
[OccultationEngine] Successfully found asteroid 1272 in JSON.
[DEBUG-PERT] lapco entry (alpha=0.535911)
[DEBUG-PERT] lapco entry (alpha=0.535911)
[DEBUG-PERT] Initial Laplace coefficients computed.
[DEBUG-PERT] lapco entry (alpha=0.2918)
[DEBUG-PERT] lapco entry (alpha=0.2918)
[DEBUG-PERT] Initial Laplace coefficients computed.
[DEBUG-PERT] lapco entry (alpha=0.145076)
[DEBUG-PERT] lapco entry (alpha=0.145076)
[DEBUG-PERT] Initial Laplace coefficients computed.
[DEBUG-PERT] lapco entry (alpha=0.0925967)
[DEBUG-PERT] lapco entry (alpha=0.0925967)
[DEBUG-PERT] Initial Laplace coefficients computed.
[DEBUG-PERT] lapco entry (alpha=0.535911)
[DEBUG-PERT] lapco entry (alpha=0.535911)
[DEBUG-PERT] Initial Laplace coefficients computed.
[DEBUG-PERT] lapco entry (alpha=0.2918)
[DEBUG-PERT] lapco entry (alpha=0.2918)
[DEBUG-PERT] Initial Laplace coefficients computed.
[DEBUG-PERT] lapco entry (alpha=0.145076)
[DEBUG-PERT] lapco entry (alpha=0.145076)
[DEBUG-PERT] Initial Laplace coefficients computed.
[DEBUG-PERT] lapco entry (alpha=0.0925967)
[DEBUG-PERT] lapco entry (alpha=0.0925967)
[DEBUG-PERT] Initial Laplace coefficients computed.
[AstDynWrapper:0x10bfb0c28] setKeplerianElements: asteroid=1272 state set to INITIALIZED.
[AstDynWrapper]   Processing Frame: ECLIPTIC
  - Creating RKF78Integrator...
  - Creating Propagator object...
    [Propagator] Constructor entry (include_asteroids=1).
    [Propagator] Creating AsteroidPerturbations...
    [Propagator] Constructor exit.
  - Propagator object created.
[Phase2OccultationGeometry] setSPKReader called. Forwarding to wrapper=0x10bfb0c28
Phase 1: Screening stars in 2 deg corridor...
[PHASE1] Starting native screening for 1272 (MJD 61052 to 61054)...
    [Propagator] Constructor entry (include_asteroids=0).
    [Propagator] Constructor exit.
[PHASE1] Path start: RA=353.218 Dec=-0.821136
[PHASE1] Path end:   RA=353.958 Dec=-0.441641
[PHASE1] Querying Gaia catalog with 49 ICRF points...
Optimized Corridor: 49 points -> 1 query cones.
[PHASE1] Screening complete. Found 15 candidates (975 stars in corridor).
Found 15 candidates (975 stars initially in corridor).

Phase 2: Calculating precise geometry...

[OccultationEngine] 🔄 Refining orbit for 1272 with last 100 observations...
[MPCClient] Downloading observations from AstDyS: https://newton.spacedys.com/~astdys2/mpcobs/numbered/1/1272.rwo
[MPCClient] Parsing RWO with native library parser...
[MPCClient] Successfully loaded 3725 observations from RWO.
Debug Rotation:
 Orig: i=8.42335 O=0 w=0
 Eq:   i=15.0159 O=180 w=180
 Back: i=8.42335 O=1.24103e-14 w=360
[AstDynOrbitFitter] Feeding 100 obs to OrbitFitAPI.
   Time Range: MJD 60712.2 to 60953.6
   Initial Element Epoch: 61000
[OrbitFitAPI] Loading OrbFit elements from /tmp/ioc_fit_init.eq1...
[AstDynOrbitFitter] run_fit returned: success=0 msg='Could not parse equinoctial elements from file: /tmp/ioc_fit_init.eq1' n_obs=1 n_out=4098
[OccultationEngine] Fit completed. Observations used: 0/0. RMS=0 arcsec.
[OccultationEngine] ❌ Fit rejected (poor RMS or few obs). Keeping original orbit.
[PHASE2] calculatePreciseGeometry using AstDynWrapper:0x10bfb0c28
[PHASE2] Fetching osculating elements from JPL Horizons for 1272 at MJD 61052.00000...
[AstDynWrapper] Fetching elements from JPL Horizons for 1272 at MJD 61052.00000
